--------- beginning of system
12-02 07:07:57.312  2599  2599 I vold    : Vold 3.0 (the awakening) firing up
12-02 07:07:57.313  2599  2599 V vold    : Detected support for: exfat ext4 ntfs vfat
12-02 07:07:57.327  2599  2610 V vold    : /system/bin/sgdisk
12-02 07:07:57.327  2599  2610 V vold    :     --android-dump
12-02 07:07:57.327  2599  2610 V vold    :     /dev/block/vold/disk:179_160
12-02 07:07:57.335  2599  2684 D vold    : e4crypt_init_user0
12-02 07:07:57.335  2599  2684 D vold    : e4crypt_prepare_user_storage for volume null, user 0, serial 0, flags 1
12-02 07:07:57.335  2599  2684 D vold    : Preparing: /data/system/users/0
12-02 07:07:57.336  2599  2684 D vold    : Preparing: /data/misc/profiles/cur/0
12-02 07:07:57.336  2599  2684 D vold    : Preparing: /data/misc/profiles/cur/0/foreign-dex
12-02 07:07:57.336  2599  2684 D vold    : Preparing: /data/system_de/0
12-02 07:07:57.336  2599  2684 D vold    : Preparing: /data/misc_de/0
12-02 07:07:57.336  2599  2684 D vold    : Preparing: /data/user_de/0
12-02 07:07:57.336  2599  2684 D vold    : e4crypt_unlock_user_key 0 serial=0 token_present=0
12-02 07:07:57.336  2599  2684 E vold    : Failed to chmod /data/system_ce/0: No such file or directory
12-02 07:07:57.336  2599  2684 E vold    : Failed to chmod /data/misc_ce/0: No such file or directory
12-02 07:07:57.351  2599  2610 V vold    : DISK mbr
12-02 07:07:57.351  2599  2610 V vold    : 
12-02 07:07:57.351  2599  2610 V vold    : PART 1 c
12-02 07:07:57.351  2599  2610 V vold    : 
12-02 07:07:57.820  2735  2735 D gpsd_d  : CustomerModule::createUeventThread, ueventThread created successfully
12-02 07:07:57.822  2735  2769 D gpsd_d  : CustomerModule::ueventThreadProc uevent thread started
12-02 07:07:58.244  2735  2735 I gpsd_d  : CustomerModule::OnMessage, MSG_UEVENT_NOTIFY (cnt:1)
12-02 07:08:04.318  3033  3033 I InstallerConnection: connecting...
12-02 07:08:05.205  3033  3033 I InstallerConnection: disconnecting...
12-02 07:08:05.223  3033  3033 I SystemServer: Entered the Android system server!
12-02 07:08:05.290  3033  3033 I SystemServiceManager: Starting com.android.server.pm.Installer
12-02 07:08:05.290  3033  3033 I Installer: Waiting for installd to be ready.
12-02 07:08:05.290  3033  3033 I InstallerConnection: connecting...
12-02 07:08:05.291  3033  3033 I SystemServiceManager: Starting com.android.server.am.ActivityManagerService$Lifecycle
12-02 07:08:05.308  3033  3033 I ActivityManager: Memory class: 288
12-02 07:08:05.310  3033  3052 I ServiceThread: Enabled StrictMode logging for ActivityManager looper.
12-02 07:08:05.311  3033  3053 I ServiceThread: Enabled StrictMode logging for android.ui looper.
12-02 07:08:05.325  3033  3033 D BatteryStatsImpl: Reading daily items from /data/system/batterystats-daily.xml
12-02 07:08:05.383  3033  3033 I AppOps  : No existing app ops /data/system/appops.xml; starting empty
12-02 07:08:05.434  3033  3033 I IntentFirewall: Read new rules (A:0 B:0 S:0)
12-02 07:08:05.440  3033  3059 I ServiceThread: Enabled StrictMode logging for android.display looper.
12-02 07:08:05.444  3033  3033 D AppOps  : AppOpsService published
12-02 07:08:05.445  3033  3033 I SystemServiceManager: Starting com.android.server.power.PowerManagerService
12-02 07:08:05.446  3033  3061 I ServiceThread: Enabled StrictMode logging for PowerManagerService looper.
12-02 07:08:05.452  3033  3033 I SystemServiceManager: Starting com.android.server.lights.LightsService
12-02 07:08:05.454  3033  3033 I SystemServiceManager: Starting com.android.server.display.DisplayManagerService
12-02 07:08:05.457  3033  3033 I SystemServiceManager: Starting phase 100
12-02 07:08:05.460  3033  3059 I DisplayManagerService: Display device added: DisplayDeviceInfo{"Built-in Screen": uniqueId="local:0", 1200 x 1920, modeId 1, defaultModeId 1, supportedModes [{id=1, width=1200, height=1920, fps=60.000004}], colorMode 0, supportedColorModes [0], HdrCapabilities android.view.Display$HdrCapabilities@a69d6308, density 240, 225.77777 x 224.73732 dpi, appVsyncOff 1000000, presDeadline 16666666, touch INTERNAL, rotation 0, type BUILT_IN, state UNKNOWN, FLAG_DEFAULT_DISPLAY, FLAG_ROTATES_WITH_CONTENT, FLAG_SECURE, FLAG_SUPPORTS_PROTECTED_BUFFERS}
12-02 07:08:05.490  3033  3059 I DisplayManagerService: Display device changed state: "Built-in Screen", ON
12-02 07:08:05.491  3033  3033 I SystemServer: StartPackageManagerService
12-02 07:08:05.503  3033  3033 W FileUtils: Failed to chmod(/data/system/packages.list): android.system.ErrnoException: chmod failed: ENOENT (No such file or directory)
12-02 07:08:05.594  3033  3033 D SELinuxMMAC: Using policy file /system/etc/security/mac_permissions.xml
12-02 07:08:05.597  3033  3033 I PackageManager: No settings file; creating initial state
12-02 07:08:05.772  3033  3033 W PackageManager: Library not found: /system/framework/org.apache.http.legacy.jar
12-02 07:08:06.008  3033  3033 W PackageManager: Library not found: /system/framework/org.apache.http.legacy.jar
12-02 07:08:06.081  3033  3079 W PackageManager: Failed to parse /system/framework/arm64: Missing base APK in /system/framework/arm64
12-02 07:08:06.082  3033  3078 W PackageManager: Failed to parse /system/framework/arm: Missing base APK in /system/framework/arm
12-02 07:08:06.082  3033  3081 W PackageManager: Failed to parse /system/framework/oat: Missing base APK in /system/framework/oat
12-02 07:08:06.093  3033  3082 I PackageManager: /system/framework/org.cyanogenmod.platform-res.apk changed; collecting certs
12-02 07:08:06.107  3033  3082 W PackageManager: Permission cyanogenmod.permission.WRITE_ALARMS from package cyanogenmod.platform in an unknown group android.permission-group.SYSTEM_CLOCK
12-02 07:08:06.107  3033  3082 W PackageManager: Permission cyanogenmod.permission.MANAGE_ALARMS from package cyanogenmod.platform in an unknown group android.permission-group.SYSTEM_CLOCK
12-02 07:08:06.107  3033  3082 W PackageManager: Permission cyanogenmod.permission.READ_ALARMS from package cyanogenmod.platform in an unknown group android.permission-group.SYSTEM_CLOCK
12-02 07:08:06.118  3033  3080 I PackageManager: /system/framework/framework-res.apk changed; collecting certs
12-02 07:08:06.260  3033  3081 I PackageManager: /system/priv-app/CMAudioService changed; collecting certs
12-02 07:08:06.261  3033  3079 I PackageManager: /system/priv-app/BackupRestoreConfirmation changed; collecting certs
12-02 07:08:06.264  3033  3078 I PackageManager: /system/priv-app/BlockedNumberProvider changed; collecting certs
12-02 07:08:06.264  3033  3080 I PackageManager: /system/priv-app/CMSettingsProvider changed; collecting certs
12-02 07:08:06.278  3033  3083 I PackageManager: /system/priv-app/AudioFX changed; collecting certs
12-02 07:08:06.310  3033  3079 I PackageManager: /system/priv-app/CtsShimPrivPrebuilt changed; collecting certs
12-02 07:08:06.315  3033  3078 I PackageManager: /system/priv-app/ContactsProvider changed; collecting certs
12-02 07:08:06.317  3033  3081 I PackageManager: /system/priv-app/CalendarProvider changed; collecting certs
12-02 07:08:06.318  3033  3083 I PackageManager: /system/priv-app/DefaultContainerService changed; collecting certs
12-02 07:08:06.321  3033  3082 I PackageManager: /system/priv-app/CMParts changed; collecting certs
12-02 07:08:06.341  3033  3080 W PackageParser: No actions in intent filter at /system/priv-app/Contacts/Contacts.apk Binary XML file line #431
12-02 07:08:06.345  3033  3080 I PackageManager: /system/priv-app/Contacts changed; collecting certs
12-02 07:08:06.376  3033  3083 I PackageManager: /system/priv-app/ExtServices changed; collecting certs
12-02 07:08:06.378  3033  3079 I PackageManager: /system/priv-app/DocumentsUI changed; collecting certs
12-02 07:08:06.396  3033  3082 I PackageManager: /system/priv-app/ExternalStorageProvider changed; collecting certs
12-02 07:08:06.407  3033  3078 I PackageManager: /system/priv-app/DownloadProvider changed; collecting certs
12-02 07:08:06.412  3033  3081 I PackageManager: /system/priv-app/Eleven changed; collecting certs
12-02 07:08:06.420  3033  3083 I PackageManager: /system/priv-app/FusedLocation changed; collecting certs
12-02 07:08:06.423  3033  3078 W PackageManager: Permission android.permission.DOWNLOAD_WITHOUT_NOTIFICATION from package com.android.providers.downloads in an unknown group android.permission-group.NETWORK
12-02 07:08:06.463  3033  3082 I PackageManager: /system/priv-app/InputDevices changed; collecting certs
12-02 07:08:06.472  3033  3081 I PackageManager: /system/priv-app/MmsService changed; collecting certs
12-02 07:08:06.475  3033  3083 I PackageManager: /system/priv-app/MediaProvider changed; collecting certs
12-02 07:08:06.486  3033  3078 I PackageManager: /system/priv-app/ManagedProvisioning changed; collecting certs
12-02 07:08:06.486  3033  3079 I PackageManager: /system/priv-app/Gallery2 changed; collecting certs
12-02 07:08:06.490  3033  3080 I PackageManager: /system/priv-app/LineageSetupWizard changed; collecting certs
12-02 07:08:06.491  3033  3081 I PackageManager: /system/priv-app/OneTimeInitializer changed; collecting certs
12-02 07:08:06.491  3033  3082 I PackageManager: /system/priv-app/MtpDocumentsProvider changed; collecting certs
12-02 07:08:06.560  3033  3081 I PackageManager: /system/priv-app/ProxyHandler changed; collecting certs
12-02 07:08:06.564  3033  3080 I PackageManager: /system/priv-app/SettingsProvider changed; collecting certs
12-02 07:08:06.577  3033  3083 I PackageManager: /system/priv-app/PackageInstaller changed; collecting certs
12-02 07:08:06.577  3033  3078 I PackageManager: /system/priv-app/Recorder changed; collecting certs
12-02 07:08:06.595  3033  3081 I PackageManager: /system/priv-app/SharedStorageBackup changed; collecting certs
12-02 07:08:06.600  3033  3079 W PackageParser: Ignoring duplicate uses-permissions/uses-permissions-sdk-m: android.permission.INSTALL_GRANT_RUNTIME_PERMISSIONS in package: com.android.shell at: Binary XML file line #102
12-02 07:08:06.603  3033  3079 I PackageManager: /system/priv-app/Shell changed; collecting certs
12-02 07:08:06.621  3033  3080 I PackageManager: /system/priv-app/StatementService changed; collecting certs
12-02 07:08:06.659  3033  3078 I PackageManager: /system/priv-app/StorageManager changed; collecting certs
12-02 07:08:06.694  3033  3083 I PackageManager: /system/priv-app/Telecom changed; collecting certs
12-02 07:08:06.703  3033  3080 I PackageManager: /system/priv-app/TelephonyProvider changed; collecting certs
12-02 07:08:06.752  3033  3083 I PackageManager: /system/priv-app/VpnDialogs changed; collecting certs
12-02 07:08:06.753  3033  3081 W PackageParser: Ignoring duplicate uses-permissions/uses-permissions-sdk-m: android.permission.CONFIGURE_WIFI_DISPLAY in package: com.android.systemui at: Binary XML file line #117
12-02 07:08:06.768  3033  3079 I PackageManager: /system/priv-app/TeleService changed; collecting certs
12-02 07:08:06.771  3033  3078 I PackageManager: /system/priv-app/Updater changed; collecting certs
12-02 07:08:06.780  3033  3081 I PackageManager: /system/priv-app/SystemUI changed; collecting certs
12-02 07:08:06.789  3033  3083 I PackageManager: /system/priv-app/WallpaperCropper changed; collecting certs
12-02 07:08:06.789  3033  3080 I PackageManager: /system/priv-app/Trebuchet changed; collecting certs
12-02 07:08:06.791  3033  3082 W PackageParser: Ignoring duplicate uses-permissions/uses-permissions-sdk-m: android.permission.USE_CREDENTIALS in package: com.android.settings at: Binary XML file line #56
12-02 07:08:06.791  3033  3082 W PackageParser: Ignoring duplicate uses-permissions/uses-permissions-sdk-m: android.permission.READ_SYNC_SETTINGS in package: com.android.settings at: Binary XML file line #61
12-02 07:08:06.791  3033  3082 W PackageParser: Ignoring duplicate uses-permissions/uses-permissions-sdk-m: android.permission.WRITE_SYNC_SETTINGS in package: com.android.settings at: Binary XML file line #62
12-02 07:08:06.805  3033  3080 W PackageManager: Permission com.android.launcher.permission.INSTALL_SHORTCUT from package com.cyanogenmod.trebuchet in an unknown group android.permission-group.SYSTEM_TOOLS
12-02 07:08:06.805  3033  3080 W PackageManager: Permission com.android.launcher3.permission.READ_SETTINGS from package com.cyanogenmod.trebuchet in an unknown group android.permission-group.SYSTEM_TOOLS
12-02 07:08:06.805  3033  3080 W PackageManager: Permission com.android.launcher3.permission.WRITE_SETTINGS from package com.cyanogenmod.trebuchet in an unknown group android.permission-group.SYSTEM_TOOLS
12-02 07:08:06.807  3033  3078 I PackageManager: /system/priv-app/WeatherManagerService changed; collecting certs
12-02 07:08:06.843  3033  3083 I PackageManager: /system/priv-app/WeatherProvider changed; collecting certs
12-02 07:08:06.874  3033  3082 I PackageManager: /system/priv-app/Settings changed; collecting certs
12-02 07:08:07.069  3033  3083 I PackageManager: /system/app/BookmarkProvider changed; collecting certs
12-02 07:08:07.069  3033  3080 I PackageManager: /system/app/BasicDreams changed; collecting certs
12-02 07:08:07.073  3033  3079 I PackageManager: /system/app/BluetoothMidiService changed; collecting certs
12-02 07:08:07.083  3033  3078 W PackageParser: No actions in intent filter at /system/app/Bluetooth/Bluetooth.apk Binary XML file line #226
12-02 07:08:07.086  3033  3078 I PackageManager: /system/app/Bluetooth changed; collecting certs
12-02 07:08:07.106  3033  3081 I PackageManager: /system/app/Calendar changed; collecting certs
12-02 07:08:07.107  3033  3079 I PackageManager: /system/app/CtsShimPrebuilt changed; collecting certs
12-02 07:08:07.107  3033  3083 I PackageManager: /system/app/CaptivePortalLogin changed; collecting certs
12-02 07:08:07.113  3033  3079 W PackageManager: Non-privileged app; cap priority to 0; package: com.android.cts.ctsshim activity: com.android.cts.ctsshim.InstallPriority origPrio: 100
12-02 07:08:07.113  3033  3079 W PackageManager: Non-privileged app; cap priority to 0; package: com.android.cts.ctsshim activity: com.android.cts.ctsshim.InstallPriority origPrio: 100
12-02 07:08:07.113  3033  3079 W PackageManager: Non-privileged app; cap priority to 0; package: com.android.cts.ctsshim activity: com.android.cts.ctsshim.InstallPriority origPrio: 100
12-02 07:08:07.114  3033  3079 W PackageManager: Non-privileged app; cap priority to 0; package: com.android.cts.ctsshim activity: com.android.cts.ctsshim.InstallPriority origPrio: 100
12-02 07:08:07.114  3033  3079 W PackageManager: Non-privileged app; cap priority to 0; package: com.android.cts.ctsshim activity: com.android.cts.ctsshim.InstallPriority origPrio: 100
12-02 07:08:07.115  3033  3082 I PackageManager: /system/app/Camera2 changed; collecting certs
12-02 07:08:07.129  3033  3081 W PackageManager: Non-privileged app; cap priority to 0; package: com.android.calendar activity: com.android.calendar.GoogleCalendarUriIntentFilter origPrio: 50
12-02 07:08:07.129  3033  3080 I PackageManager: /system/app/CertInstaller changed; collecting certs
12-02 07:08:07.171  3033  3083 I PackageManager: /system/app/Development changed; collecting certs
12-02 07:08:07.182  3033  3081 I PackageManager: /system/app/EasterEgg changed; collecting certs
12-02 07:08:07.182  3033  3079 I PackageManager: /system/app/DownloadProviderUi changed; collecting certs
12-02 07:08:07.183  3033  3078 W PackageParser: Ignoring duplicate uses-permissions/uses-permissions-sdk-m: android.permission.WRITE_SETTINGS in package: com.android.deskclock at: Binary XML file line #45
12-02 07:08:07.190  3033  3082 I PackageManager: /system/app/ExactCalculator changed; collecting certs
12-02 07:08:07.197  3033  3078 I PackageManager: /system/app/DeskClock changed; collecting certs
12-02 07:08:07.226  3033  3079 I PackageManager: /system/app/ExtShared changed; collecting certs
12-02 07:08:07.229  3033  3081 I PackageManager: /system/app/HTMLViewer changed; collecting certs
12-02 07:08:07.232  3033  3083 I PackageManager: /system/app/Exchange2 changed; collecting certs
12-02 07:08:07.244  3033  3082 I PackageManager: /system/app/Jelly changed; collecting certs
12-02 07:08:07.246  3033  3080 I PackageManager: /system/app/Email changed; collecting certs
12-02 07:08:07.251  3033  3078 I PackageManager: /system/app/KeyChain changed; collecting certs
12-02 07:08:07.295  3033  3081 I PackageManager: /system/app/LiveWallpapersPicker changed; collecting certs
12-02 07:08:07.304  3033  3080 W PackageManager: Permission com.android.email.permission.READ_ATTACHMENT from package com.android.email in an unknown group android.permission-group.MESSAGES
12-02 07:08:07.304  3033  3082 I PackageManager: /system/app/PacProcessor changed; collecting certs
12-02 07:08:07.318  3033  3078 I PackageManager: /system/app/PhotoTable changed; collecting certs
12-02 07:08:07.319  3033  3083 I PackageManager: /system/app/LockClock changed; collecting certs
12-02 07:08:07.330  3033  3080 I PackageManager: /system/app/PicoTts changed; collecting certs
12-02 07:08:07.334  3033  3081 I PackageManager: /system/app/PrintRecommendationService changed; collecting certs
12-02 07:08:07.342  3033  3082 I PackageManager: /system/app/PrintSpooler changed; collecting certs
12-02 07:08:07.352  3033  3079 I PackageManager: /system/app/LatinIME changed; collecting certs
12-02 07:08:07.383  3033  3078 I PackageManager: /system/app/Profiles changed; collecting certs
12-02 07:08:07.390  3033  3080 I PackageManager: /system/app/UserDictionaryProvider changed; collecting certs
12-02 07:08:07.400  3033  3081 I PackageManager: /system/app/Terminal changed; collecting certs
12-02 07:08:07.409  3033  3083 I PackageManager: /system/app/WallpaperBackup changed; collecting certs
12-02 07:08:07.413  3033  3082 I PackageManager: /system/app/WAPPushManager changed; collecting certs
12-02 07:08:07.446  3033  3078 I PackageManager: /system/app/WallpaperPicker changed; collecting certs
12-02 07:08:07.536  3033  3080 I PackageManager: /system/app/webview changed; collecting certs
12-02 07:08:09.055  3033  3033 E PackageManager: There should probably be exactly one setup wizard; found 0: matches=[]
12-02 07:08:09.055  3033  3033 W PackageManager: Protected action; cap priority to 0; package: com.android.cts.priv.ctsshim activity: com.android.cts.priv.ctsshim.InstallPriority origPrio: 100
12-02 07:08:09.055  3033  3033 W PackageManager: Protected action; cap priority to 0; package: com.android.cts.priv.ctsshim activity: com.android.cts.priv.ctsshim.InstallPriority origPrio: 100
12-02 07:08:09.055  3033  3033 W PackageManager: Protected action; cap priority to 0; package: com.android.cts.priv.ctsshim activity: com.android.cts.priv.ctsshim.InstallPriority origPrio: 100
12-02 07:08:09.055  3033  3033 W PackageManager: Protected action; cap priority to 0; package: com.android.cts.priv.ctsshim activity: com.android.cts.priv.ctsshim.InstallPriority origPrio: 100
12-02 07:08:09.055  3033  3033 W PackageManager: Protected action; cap priority to 0; package: com.android.packageinstaller activity: com.android.packageinstaller.PackageInstallerActivity origPrio: 1
12-02 07:08:09.055  3033  3033 W PackageManager: Package com.android.gallery3d desires unavailable shared library com.google.android.media.effects; ignoring!
12-02 07:08:09.055  3033  3033 W PackageManager: Package com.android.gallery3d desires unavailable shared library com.google.android.media.effects; ignoring!
12-02 07:08:09.056  3033  3033 I PackageManager: Adjusting ABI for com.android.providers.downloads to arm64-v8a (requirer=com.android.mtp, scannedPackage=null)
12-02 07:08:09.057  3033  3033 I PackageManager: Adjusting ABI for com.android.providers.downloads.ui to arm64-v8a (requirer=com.android.mtp, scannedPackage=null)
12-02 07:08:09.057  3033  3033 I PackageManager: Adjusting ABI for com.android.providers.media to arm64-v8a (requirer=com.android.mtp, scannedPackage=null)
12-02 07:08:09.057  3033  3033 I PackageManager: Adjusting ABI for com.android.inputdevices to arm64-v8a (requirer=android, scannedPackage=null)
12-02 07:08:09.058  3033  3033 I PackageManager: Adjusting ABI for com.android.providers.settings to arm64-v8a (requirer=android, scannedPackage=null)
12-02 07:08:09.058  3033  3033 I PackageManager: Adjusting ABI for org.cyanogenmod.cmsettings to arm64-v8a (requirer=android, scannedPackage=null)
12-02 07:08:09.059  3033  3033 I PackageManager: Adjusting ABI for org.cyanogenmod.cmparts to arm64-v8a (requirer=android, scannedPackage=null)
12-02 07:08:09.059  3033  3033 I PackageManager: Adjusting ABI for com.android.wallpaperbackup to arm64-v8a (requirer=android, scannedPackage=null)
12-02 07:08:09.059  3033  3033 I PackageManager: Adjusting ABI for com.cyanogenmod.setupwizard to arm64-v8a (requirer=android, scannedPackage=null)
12-02 07:08:09.060  3033  3033 I PackageManager: Adjusting ABI for com.android.development to arm64-v8a (requirer=android, scannedPackage=null)
12-02 07:08:09.060  3033  3033 I PackageManager: Adjusting ABI for com.android.settings to arm64-v8a (requirer=android, scannedPackage=null)
12-02 07:08:09.060  3033  3033 I PackageManager: Adjusting ABI for com.android.location.fused to arm64-v8a (requirer=android, scannedPackage=null)
12-02 07:08:09.061  3033  3033 I PackageManager: Adjusting ABI for com.android.keychain to arm64-v8a (requirer=android, scannedPackage=null)
12-02 07:08:09.061  3033  3033 I PackageManager: Adjusting ABI for com.android.server.telecom to arm64-v8a (requirer=android, scannedPackage=null)
12-02 07:08:09.061  3033  3033 I PackageManager: Adjusting ABI for cyanogenmod.platform to arm64-v8a (requirer=android, scannedPackage=null)
12-02 07:08:09.063  3033  3033 I PackageManager: Time to scan packages: 3.462 seconds
12-02 07:08:09.064  3033  3033 W PackageManager: Unknown permission com.google.android.googleapps.permission.GOOGLE_AUTH in package com.android.providers.calendar
12-02 07:08:09.064  3033  3033 W PackageManager: Unknown permission com.google.android.googleapps.permission.GOOGLE_AUTH.cl in package com.android.providers.calendar
12-02 07:08:09.065  3033  3033 W PackageManager: Unknown permission cyanogenmod.permission.LEGALESE in package com.cyanogenmod.setupwizard
12-02 07:08:09.066  3033  3033 W PackageManager: Unknown permission com.android.gallery3d.permission.STORAGE_CHANGE in package com.android.camera2
12-02 07:08:09.066  3033  3033 W PackageManager: Unknown permission com.google.android.googleapps.permission.GOOGLE_AUTH.mail in package com.android.calendar
12-02 07:08:09.066  3033  3033 W PackageManager: Unknown permission android.permission.FOREGROUND_SERVICE in package com.android.webview
12-02 07:08:09.066  3033  3033 W PackageManager: Unknown permission com.android.launcher.permission.READ_SETTINGS in package com.android.onetimeinitializer
12-02 07:08:09.066  3033  3033 W PackageManager: Unknown permission com.android.launcher.permission.WRITE_SETTINGS in package com.android.onetimeinitializer
12-02 07:08:09.067  3033  3033 W PackageManager: Unknown permission com.android.launcher.permission.READ_SETTINGS in package com.cyanogenmod.trebuchet
12-02 07:08:09.067  3033  3033 W PackageManager: Unknown permission com.android.launcher.permission.WRITE_SETTINGS in package com.cyanogenmod.trebuchet
12-02 07:08:09.067  3033  3033 W PackageManager: Unknown permission com.google.android.permission.INSTALL_WEARABLE_PACKAGES in package com.android.packageinstaller
12-02 07:08:09.068  3033  3033 W PackageManager: Not granting permission android.permission.DELETE_PACKAGES to package com.svox.pico (protectionLevel=18 flags=0x3808be45)
12-02 07:08:09.068  3033  3033 W PackageManager: Unknown permission com.google.android.gallery3d.permission.PICASA_STORE in package com.android.dreams.phototable
12-02 07:08:09.068  3033  3033 W PackageManager: Unknown permission com.google.android.googleapps.permission.GOOGLE_AUTH in package com.android.settings
12-02 07:08:09.069  3033  3033 W PackageManager: Unknown permission com.android.launcher.permission.READ_SETTINGS in package com.android.settings
12-02 07:08:09.069  3033  3033 W PackageManager: Unknown permission com.android.launcher.permission.WRITE_SETTINGS in package com.android.settings
12-02 07:08:09.071  3033  3033 W PackageManager: Not granting permission android.permission.MANAGE_DOCUMENTS to package com.android.deskclock (protectionLevel=2 flags=0x3c49be45)
12-02 07:08:09.071  3033  3033 W PackageManager: Unknown permission com.android.deskclock.worldclock.permissions.WRITE_DATABASE in package com.android.deskclock
12-02 07:08:09.071  3033  3033 W PackageManager: Unknown permission org.codeaurora.permission.POWER_ON_ALERT in package com.android.deskclock
12-02 07:08:09.071  3033  3033 W PackageManager: Not granting permission android.permission.WRITE_SECURE_SETTINGS to package com.android.deskclock (protectionLevel=50 flags=0x3c49be45)
12-02 07:08:09.073  3033  3033 W PackageManager: Unknown permission com.cyanogenmod.lockclock.permission.READ_WEATHER in package com.android.systemui
12-02 07:08:09.073  3033  3033 W PackageManager: Unknown permission com.google.android.gallery3d.permission.GALLERY_PROVIDER in package com.android.bluetooth
12-02 07:08:09.074  3033  3033 W PackageManager: Unknown permission com.google.android.googleapps.permission.ACCESS_GOOGLE_PASSWORD in package com.android.development
12-02 07:08:09.074  3033  3033 W PackageManager: Unknown permission com.google.android.googleapps.permission.GOOGLE_AUTH in package com.android.development
12-02 07:08:09.074  3033  3033 W PackageManager: Unknown permission com.google.android.googleapps.permission.GOOGLE_AUTH.ALL_SERVICES in package com.android.development
12-02 07:08:09.074  3033  3033 W PackageManager: Unknown permission com.google.android.googleapps.permission.GOOGLE_AUTH.YouTubeUser in package com.android.development
12-02 07:08:09.075  3033  3033 V PackageManager: reconcileAppsData for null u0 0x3
12-02 07:08:09.551  3033  3033 V PackageManager: reconcileAppsData finished 81 packages
12-02 07:08:09.552  3033  3033 V PackageManager: Disabling com.google.android.gsf/com.google.android.gsf.update.SystemUpdateActivity
12-02 07:08:09.552  3033  3033 W PackageManager: Unable to disable com.google.android.gsf/com.google.android.gsf.update.SystemUpdateActivity
12-02 07:08:09.552  3033  3033 V PackageManager: Disabling com.google.android.gsf/com.google.android.gsf.update.SystemUpdateService$Receiver
12-02 07:08:09.552  3033  3033 W PackageManager: Unable to disable com.google.android.gsf/com.google.android.gsf.update.SystemUpdateService$Receiver
12-02 07:08:09.552  3033  3033 V PackageManager: Disabling com.google.android.gsf/com.google.android.gsf.update.SystemUpdateService$SecretCodeReceiver
12-02 07:08:09.552  3033  3033 W PackageManager: Unable to disable com.google.android.gsf/com.google.android.gsf.update.SystemUpdateService$SecretCodeReceiver
12-02 07:08:09.552  3033  3033 V PackageManager: Disabling com.google.android.gsf/com.google.android.gsf.update.SystemUpdateServiceReceiver
12-02 07:08:09.552  3033  3033 W PackageManager: Unable to disable com.google.android.gsf/com.google.android.gsf.update.SystemUpdateServiceReceiver
12-02 07:08:09.552  3033  3033 V PackageManager: Disabling com.google.android.gms/com.google.android.gms.update.SystemUpdateActivity
12-02 07:08:09.552  3033  3033 W PackageManager: Unable to disable com.google.android.gms/com.google.android.gms.update.SystemUpdateActivity
12-02 07:08:09.552  3033  3033 V PackageManager: Disabling com.google.android.gms/com.google.android.gms.update.SystemUpdateService$Receiver
12-02 07:08:09.552  3033  3033 W PackageManager: Unable to disable com.google.android.gms/com.google.android.gms.update.SystemUpdateService$Receiver
12-02 07:08:09.552  3033  3033 V PackageManager: Disabling com.google.android.gms/com.google.android.gms.update.SystemUpdateService$ActiveReceiver
12-02 07:08:09.552  3033  3033 W PackageManager: Unable to disable com.google.android.gms/com.google.android.gms.update.SystemUpdateService$ActiveReceiver
12-02 07:08:09.552  3033  3033 V PackageManager: Disabling com.google.android.gms/com.google.android.gms.update.SystemUpdateService$SecretCodeReceiver
12-02 07:08:09.552  3033  3033 W PackageManager: Unable to disable com.google.android.gms/com.google.android.gms.update.SystemUpdateService$SecretCodeReceiver
12-02 07:08:09.552  3033  3033 V PackageManager: Disabling com.google.android.gms/com.google.android.gms.update.SystemUpdateServiceReceiver
12-02 07:08:09.552  3033  3033 W PackageManager: Unable to disable com.google.android.gms/com.google.android.gms.update.SystemUpdateServiceReceiver
12-02 07:08:09.552  3033  3033 V PackageManager: Enabling com.google.android.gsf/com.google.android.gsf.update.SystemUpdateService
12-02 07:08:09.552  3033  3033 W PackageManager: Unable to enable com.google.android.gsf/com.google.android.gsf.update.SystemUpdateService
12-02 07:08:09.552  3033  3033 V PackageManager: Enabling com.google.android.gms/com.google.android.gms.update.SystemUpdateService
12-02 07:08:09.552  3033  3033 W PackageManager: Unable to enable com.google.android.gms/com.google.android.gms.update.SystemUpdateService
12-02 07:08:11.348  3033  3033 D PackageManager: Ephemeral resolver NOT found; no matching intent filters
12-02 07:08:11.348  3033  3033 I PackageManager: Ephemeral deactivated; missing resolver and installer
12-02 07:08:11.384  3033  3033 I SystemServer: StartOtaDexOptService
12-02 07:08:11.386  3033  3033 I SystemServer: StartUserManagerService
12-02 07:08:11.386  3033  3033 I SystemServiceManager: Starting com.android.server.pm.UserManagerService$LifeCycle
12-02 07:08:11.397  3033  3033 I SystemServiceManager: Starting com.android.server.BatteryService
12-02 07:08:11.405  3033  3033 I SystemServiceManager: Starting com.android.server.usage.UsageStatsService
12-02 07:08:11.417  3033  3033 I SystemServiceManager: Starting com.android.server.webkit.WebViewUpdateService
12-02 07:08:11.422  3033  3033 I SystemServer: Reading configuration...
12-02 07:08:11.423  3033  3033 I SystemServer: StartSchedulingPolicyService
12-02 07:08:11.424  3033  3033 I SystemServiceManager: Starting com.android.server.telecom.TelecomLoaderService
12-02 07:08:11.425  3033  3033 I SystemServer: StartTelephonyRegistry
12-02 07:08:11.429  3033  3033 I SystemServer: StartEntropyMixer
12-02 07:08:11.430  3033  3033 W EntropyMixer: No existing entropy file -- first boot?
12-02 07:08:11.431  3033  3033 I EntropyMixer: Writing entropy...
12-02 07:08:11.438  3033  3033 I SystemServer: Camera Service
12-02 07:08:11.438  3033  3033 I SystemServiceManager: Starting com.android.server.camera.CameraService
12-02 07:08:11.441  3033  3106 I ServiceThread: Enabled StrictMode logging for CameraService_proxy looper.
12-02 07:08:11.443  3033  3033 I SystemServer: StartAccountManagerService
12-02 07:08:11.443  3033  3033 I SystemServiceManager: Starting com.android.server.accounts.AccountManagerService$Lifecycle
12-02 07:08:11.452  3033  3033 I SystemServer: StartContentService
12-02 07:08:11.453  3033  3033 I SystemServiceManager: Starting com.android.server.content.ContentService$Lifecycle
12-02 07:08:11.457  3033  3033 I SystemServer: InstallSystemProviders
12-02 07:08:11.499  3033  3033 D ActivityThread: Loading provider settings: com.android.providers.settings.SettingsProvider
12-02 07:08:11.556  3033  3033 I SettingsState: No settings state /data/system/users/0/settings_system.xml
12-02 07:08:11.564  3033  3033 I SettingsState: No settings state /data/system/users/0/settings_secure.xml
12-02 07:08:11.568  3033  3033 D SettingsProvider: Generated and saved new ANDROID_ID [b321ea3f13f10fbf] for user 0
12-02 07:08:11.572  3033  3033 I SettingsState: No settings state /data/system/users/0/settings_global.xml
12-02 07:08:11.603  3033  3033 I SystemServer: StartVibratorService
12-02 07:08:11.608  3033  3033 I SystemServer: StartConsumerIrService
12-02 07:08:11.609  3033  3033 I SystemServer: StartAlarmManagerService
12-02 07:08:11.609  3033  3033 I SystemServiceManager: Starting com.android.server.AlarmManagerService
12-02 07:08:11.618  3033  3033 I SystemServer: InitWatchdog
12-02 07:08:11.618  3033  3033 I SystemServer: StartInputManagerService
12-02 07:08:11.619  3033  3033 I InputManager: Initializing input manager, mUseDevInputEventForAudioJack=true
12-02 07:08:11.621  3033  3033 I SystemServer: StartWindowManagerService
12-02 07:08:11.639  3033  3059 I WindowManager: No existing display settings /data/system/display_settings.xml; starting empty
12-02 07:08:11.765  3033  3033 I SystemServer: StartVrManagerService
12-02 07:08:11.765  3033  3033 I SystemServiceManager: Starting com.android.server.vr.VrManagerService
12-02 07:08:11.770  3033  3033 I InputManager: Starting input manager
12-02 07:08:11.778  3033  3033 I SystemServiceManager: Starting com.android.server.BluetoothService
12-02 07:08:11.782  3033  3033 D BluetoothManagerService: Loading stored name and address
12-02 07:08:11.782  3033  3033 D BluetoothManagerService: Stored bluetooth Name=null,Address=null
12-02 07:08:11.782  3033  3033 D BluetoothManagerService: Bluetooth persisted state: 0
12-02 07:08:11.782  3033  3033 I SystemServer: ConnectivityMetricsLoggerService
12-02 07:08:11.783  3033  3033 I SystemServiceManager: Starting com.android.server.connectivity.MetricsLoggerService
12-02 07:08:11.784  3033  3033 I SystemServer: IpConnectivityMetrics
12-02 07:08:11.784  3033  3033 I SystemServiceManager: Starting com.android.server.connectivity.IpConnectivityMetrics
12-02 07:08:11.786  3033  3033 I SystemServer: PinnerService
12-02 07:08:11.786  3033  3033 I SystemServiceManager: Starting com.android.server.PinnerService
12-02 07:08:11.788  3033  3033 I SystemServiceManager: Starting com.android.server.InputMethodManagerService$Lifecycle
12-02 07:08:11.905  3033  3033 W InputMethodManagerService: No IME selected. Choose the most applicable IME.
12-02 07:08:11.907  3033  3033 I InputMethodManagerService: Default found, using com.android.inputmethod.latin/.LatinIME
12-02 07:08:11.910  3033  3033 I SystemServer: StartAccessibilityManagerService
12-02 07:08:11.918  3033  3033 I ActivityManager: Config changes=1df8 {1.0 ?mcc?mnc [en_US] ldltr sw800dp w800dp h1280dp 240dpi xlrg port ?uimode ?night -touch -keyb/h/h -nav/h s.2}
12-02 07:08:11.921  3033  3051 I UsageStatsDatabase: Upgrading from version 0 to 3
12-02 07:08:11.921  3033  3051 I UsageStatsDatabase: Deleting all usage stats files
12-02 07:08:11.925  3033  3051 I UsageStatsService: User[0] Rollover scheduled @ 2024-12-03 18:08:11(1733249291918)
12-02 07:08:11.925  3033  3051 D UsageStatsService: Initializing defaults for system apps on user 0
12-02 07:08:11.929  3033  3051 E AppIdleHistory: Unable to read app idle file for user 0
12-02 07:08:11.932  3033  3059 I ActivityManager: Config changes=400 {1.0 ?mcc?mnc [en_US] ldltr sw800dp w800dp h1208dp 240dpi xlrg port ?uimode ?night -touch -keyb/h/h -nav/h s.3}
12-02 07:08:11.954  3033  3033 I SystemServiceManager: Starting com.android.server.MountService$Lifecycle
12-02 07:08:11.967  3033  3125 D MountService: Thinking about init, mSystemReady=false, mDaemonConnected=true
12-02 07:08:11.967  3033  3125 D MountService: Thinking about reset, mSystemReady=false, mDaemonConnected=true
12-02 07:08:11.967  3033  3125 D MountService: Thinking about init, mSystemReady=false, mDaemonConnected=true
12-02 07:08:11.967  3033  3125 D MountService: Thinking about reset, mSystemReady=false, mDaemonConnected=true
12-02 07:08:11.967  3033  3125 D CryptdConnector: SND -> {1 cryptfs getfield SystemLocale}
12-02 07:08:11.968  3033  3033 I SystemServiceManager: Starting com.android.server.UiModeManagerService
12-02 07:08:11.968  3033  3127 D CryptdConnector: RCV <- {200 1 -1}
12-02 07:08:11.970  3033  3125 W MountService: No primary storage mounted!
12-02 07:08:11.970  3033  3125 D VoldConnector: SND -> {1 asec list}
12-02 07:08:11.970  3033  3033 I ActivityManager: Config changes=200 {1.0 ?mcc?mnc [en_US] ldltr sw800dp w800dp h1208dp 240dpi xlrg port -touch -keyb/h/h -nav/h s.4}
12-02 07:08:11.971  3033  3126 D VoldConnector: RCV <- {200 1 asec operation succeeded}
12-02 07:08:11.972  3033  3125 W PackageManager: Unknown permission com.google.android.googleapps.permission.GOOGLE_AUTH in package com.android.providers.calendar
12-02 07:08:11.972  3033  3125 W PackageManager: Unknown permission com.google.android.googleapps.permission.GOOGLE_AUTH.cl in package com.android.providers.calendar
12-02 07:08:11.973  3033  3125 W PackageManager: Unknown permission cyanogenmod.permission.LEGALESE in package com.cyanogenmod.setupwizard
12-02 07:08:11.973  3033  3125 W PackageManager: Unknown permission com.android.gallery3d.permission.STORAGE_CHANGE in package com.android.camera2
12-02 07:08:11.974  3033  3125 W PackageManager: Unknown permission com.google.android.googleapps.permission.GOOGLE_AUTH.mail in package com.android.calendar
12-02 07:08:11.974  3033  3125 W PackageManager: Unknown permission android.permission.FOREGROUND_SERVICE in package com.android.webview
12-02 07:08:11.974  3033  3125 W PackageManager: Unknown permission com.android.launcher.permission.READ_SETTINGS in package com.android.onetimeinitializer
12-02 07:08:11.974  3033  3125 W PackageManager: Unknown permission com.android.launcher.permission.WRITE_SETTINGS in package com.android.onetimeinitializer
12-02 07:08:11.974  3033  3125 W PackageManager: Unknown permission com.android.launcher.permission.READ_SETTINGS in package com.cyanogenmod.trebuchet
12-02 07:08:11.974  3033  3125 W PackageManager: Unknown permission com.android.launcher.permission.WRITE_SETTINGS in package com.cyanogenmod.trebuchet
12-02 07:08:11.975  3033  3125 W PackageManager: Unknown permission com.google.android.permission.INSTALL_WEARABLE_PACKAGES in package com.android.packageinstaller
12-02 07:08:11.975  3033  3125 W PackageManager: Not granting permission android.permission.DELETE_PACKAGES to package com.svox.pico (protectionLevel=18 flags=0x3888be45)
12-02 07:08:11.975  3033  3125 W PackageManager: Unknown permission com.google.android.gallery3d.permission.PICASA_STORE in package com.android.dreams.phototable
12-02 07:08:11.975  3033  3125 W PackageManager: Unknown permission com.google.android.googleapps.permission.GOOGLE_AUTH in package com.android.settings
12-02 07:08:11.975  3033  3125 W PackageManager: Unknown permission com.android.launcher.permission.READ_SETTINGS in package com.android.settings
12-02 07:08:11.975  3033  3125 W PackageManager: Unknown permission com.android.launcher.permission.WRITE_SETTINGS in package com.android.settings
12-02 07:08:11.977  3033  3125 W PackageManager: Not granting permission android.permission.MANAGE_DOCUMENTS to package com.android.deskclock (protectionLevel=2 flags=0x3cc9be45)
12-02 07:08:11.977  3033  3125 W PackageManager: Unknown permission com.android.deskclock.worldclock.permissions.WRITE_DATABASE in package com.android.deskclock
12-02 07:08:11.977  3033  3125 W PackageManager: Unknown permission org.codeaurora.permission.POWER_ON_ALERT in package com.android.deskclock
12-02 07:08:11.977  3033  3125 W PackageManager: Not granting permission android.permission.WRITE_SECURE_SETTINGS to package com.android.deskclock (protectionLevel=50 flags=0x3cc9be45)
12-02 07:08:11.978  3033  3125 W PackageManager: Unknown permission com.cyanogenmod.lockclock.permission.READ_WEATHER in package com.android.systemui
12-02 07:08:11.979  3033  3125 W PackageManager: Unknown permission com.google.android.gallery3d.permission.GALLERY_PROVIDER in package com.android.bluetooth
12-02 07:08:11.979  3033  3125 W PackageManager: Unknown permission com.google.android.googleapps.permission.ACCESS_GOOGLE_PASSWORD in package com.android.development
12-02 07:08:11.979  3033  3125 W PackageManager: Unknown permission com.google.android.googleapps.permission.GOOGLE_AUTH in package com.android.development
12-02 07:08:11.979  3033  3125 W PackageManager: Unknown permission com.google.android.googleapps.permission.GOOGLE_AUTH.ALL_SERVICES in package com.android.development
12-02 07:08:11.979  3033  3125 W PackageManager: Unknown permission com.google.android.googleapps.permission.GOOGLE_AUTH.YouTubeUser in package com.android.development
12-02 07:08:12.039  3033  3125 W MountService: No primary storage mounted!
12-02 07:08:12.039  3033  3125 D VoldConnector: SND -> {2 asec list}
12-02 07:08:12.040  3033  3126 D VoldConnector: RCV <- {200 2 asec operation succeeded}
12-02 07:08:12.166  3033  3123 I ActivityManager: Config changes=8 {1.0 ?mcc?mnc [en_US] ldltr sw800dp w800dp h1208dp 240dpi xlrg port finger -keyb/h/h -nav/h s.5}
12-02 07:08:12.540  3033  3033 W PackageManager: No disk maintenance in 1733162892540; running immediately
12-02 07:08:12.540  3033  3033 I SystemServer: StartLockSettingsService
12-02 07:08:12.540  3033  3125 I MountService: Running fstrim idle maintenance
12-02 07:08:12.541  3033  3033 I SystemServiceManager: Starting com.android.server.LockSettingsService$Lifecycle
12-02 07:08:12.541  3033  3125 D VoldConnector: SND -> {3 fstrim dotrim}
12-02 07:08:12.543  3033  3126 D VoldConnector: RCV <- {200 3 Command succeeded}
12-02 07:08:12.543  2599  3128 D vold    : Starting trim of /data
12-02 07:08:12.551  3033  3033 I SystemServiceManager: Starting com.android.server.DeviceIdleController
12-02 07:08:12.557  3033  3033 I SystemServiceManager: Starting com.android.server.devicepolicy.DevicePolicyManagerService$Lifecycle
12-02 07:08:12.567  3033  3033 I SystemServer: StartStatusBarManagerService
12-02 07:08:12.569  3033  3033 I SystemServer: StartClipboardService
12-02 07:08:12.571  3033  3033 I SystemServer: StartNetworkManagementService
12-02 07:08:12.576  3033  3129 I NetworkManagement: onDaemonConnected()
12-02 07:08:12.579  3033  3033 I SystemServiceManager: Starting com.android.server.TextServicesManagerService$Lifecycle
12-02 07:08:12.590  3033  3033 I SystemServer: StartNetworkScoreService
12-02 07:08:12.593  3033  3033 I SystemServer: StartNetworkStatsService
12-02 07:08:12.601  3033  3033 I SystemServer: StartNetworkPolicyManagerService
12-02 07:08:12.607  3033  3033 I SystemServer: No Wi-Fi NAN Service (NAN support Not Present)
12-02 07:08:12.609  3033  3033 I SystemServiceManager: Starting com.android.server.wifi.p2p.WifiP2pService
12-02 07:08:12.645  3033  3033 I SystemServiceManager: Starting com.android.server.wifi.WifiService
12-02 07:08:12.867  2599  3128 I vold    : Trimmed 10837753856 bytes on /data in 324ms
12-02 07:08:12.867  2599  3128 D vold    : Starting trim of /cache
12-02 07:08:12.867  3033  3126 D VoldConnector: RCV <- {662 /data 10837753856 324268958}
12-02 07:08:12.875  2599  3128 I vold    : Trimmed 259772416 bytes on /cache in 7ms
12-02 07:08:12.875  2599  3128 D vold    : Starting trim of /3rdmodem
12-02 07:08:12.875  3033  3126 D VoldConnector: RCV <- {662 /cache 259772416 7141875}
12-02 07:08:12.894  2599  3128 I vold    : Trimmed 56804352 bytes on /3rdmodem in 18ms
12-02 07:08:12.894  2599  3128 D vold    : Starting trim of /3rdmodemnvm
12-02 07:08:12.894  3033  3126 D VoldConnector: RCV <- {662 /3rdmodem 56804352 18983125}
12-02 07:08:12.899  2599  3128 I vold    : Trimmed 14537728 bytes on /3rdmodemnvm in 4ms
12-02 07:08:12.899  2599  3128 D vold    : Starting trim of /3rdmodemnvmback
12-02 07:08:12.899  3033  3126 D VoldConnector: RCV <- {662 /3rdmodemnvm 14537728 4771875}
12-02 07:08:12.904  2599  3128 I vold    : Trimmed 14537728 bytes on /3rdmodemnvmback in 4ms
12-02 07:08:12.904  2599  3128 D vold    : Starting trim of /sec_storage
12-02 07:08:12.904  3033  3126 D VoldConnector: RCV <- {662 /3rdmodemnvmback 14537728 4746875}
12-02 07:08:12.911  2599  3128 I vold    : Trimmed 16841728 bytes on /sec_storage in 6ms
12-02 07:08:12.911  2599  3128 D vold    : Starting trim of none
12-02 07:08:12.912  2599  3128 W vold    : Failed to open none: No such file or directory
12-02 07:08:12.912  3033  3126 D VoldConnector: RCV <- {662 /sec_storage 16841728 6865834}
12-02 07:08:12.967  3033  3033 I SystemServiceManager: Starting com.android.server.wifi.scanner.WifiScanningService
12-02 07:08:12.971  3033  3033 I SystemServiceManager: Starting com.android.server.wifi.RttService
12-02 07:08:12.974  3033  3033 I SystemServiceManager: Starting com.android.server.ethernet.EthernetService
12-02 07:08:12.977  3033  3033 I SystemServer: StartConnectivityService
12-02 07:08:12.986  3033  3033 D ConnectivityService: ConnectivityService starting up
12-02 07:08:12.994  3033  3033 D ConnectivityService: wifiOnly=false
12-02 07:08:12.995  3033  3033 E ConnectivityService: Ignoring protectedNetwork 10
12-02 07:08:12.995  3033  3033 E ConnectivityService: Ignoring protectedNetwork 11
12-02 07:08:12.995  3033  3033 E ConnectivityService: Ignoring protectedNetwork 12
12-02 07:08:12.995  3033  3033 E ConnectivityService: Ignoring protectedNetwork 14
12-02 07:08:12.995  3033  3033 E ConnectivityService: Ignoring protectedNetwork 15
12-02 07:08:13.011  3033  3033 I SystemServer: StartNsdService
12-02 07:08:13.017  3033  3033 I SystemServer: StartUpdateLockService
12-02 07:08:13.020  3033  3033 I SystemServiceManager: Starting com.android.server.RecoverySystemService
12-02 07:08:13.022  3033  3033 I SystemServiceManager: Starting com.android.server.notification.NotificationManagerService
12-02 07:08:13.044  3033  3033 D ConditionProviders.SCP: new ScheduleConditionProvider()
12-02 07:08:13.060  3033  3033 D ZenLog  : set_zen_mode: off,init
12-02 07:08:13.082  3033  3033 I SystemServiceManager: Starting com.android.server.storage.DeviceStorageMonitorService
12-02 07:08:13.086  3033  3033 I SystemServer: StartLocationManagerService
12-02 07:08:13.090  3033  3033 I SystemServer: StartCountryDetectorService
12-02 07:08:13.091  3033  3033 I SystemServer: StartSearchManagerService
12-02 07:08:13.091  3033  3033 I SystemServiceManager: Starting com.android.server.search.SearchManagerService$Lifecycle
12-02 07:08:13.095  3033  3033 I SystemServiceManager: Starting com.android.server.DropBoxManagerService
12-02 07:08:13.098  3033  3033 I SystemServer: StartWallpaperManagerService
12-02 07:08:13.098  3033  3033 I SystemServiceManager: Starting com.android.server.wallpaper.WallpaperManagerService$Lifecycle
12-02 07:08:13.102  3033  3033 E WallpaperManagerService: Invalid wallpaper data
12-02 07:08:13.102  3033  3033 E WallpaperManagerService: Unable to apply new wallpaper
12-02 07:08:13.103  3033  3033 W WallpaperManagerService: no current wallpaper -- first boot?
12-02 07:08:13.104  3033  3033 I SystemServer: StartAudioService
12-02 07:08:13.104  3033  3033 I SystemServiceManager: Starting com.android.server.audio.AudioService$Lifecycle
12-02 07:08:13.146  3033  3033 I SystemServiceManager: Starting com.android.server.DockObserver
12-02 07:08:13.147  3033  3033 W DockObserver: This kernel does not have dock station support
12-02 07:08:13.148  3033  3033 I SystemServer: StartWiredAccessoryManager
12-02 07:08:13.150  3033  3033 W WiredAccessoryManager: This kernel does not have usb audio support
12-02 07:08:13.150  3033  3033 W WiredAccessoryManager: This kernel does not have HDMI audio support
12-02 07:08:13.150  3033  3033 I SystemServiceManager: Starting com.android.server.midi.MidiService$Lifecycle
12-02 07:08:13.153  3033  3033 I SystemServiceManager: Starting com.android.server.usb.UsbService$Lifecycle
12-02 07:08:13.175  3033  3033 I SystemServer: StartSerialService
12-02 07:08:13.178  3033  3033 I SystemServiceManager: Starting com.android.server.twilight.TwilightService
12-02 07:08:13.179  3033  3033 I SystemServiceManager: Starting com.android.server.job.JobSchedulerService
12-02 07:08:13.189  3033  3033 I SystemServiceManager: Starting com.android.server.soundtrigger.SoundTriggerService
12-02 07:08:13.191  3033  3033 I SystemServiceManager: Starting com.android.server.backup.BackupManagerService$Lifecycle
12-02 07:08:13.194  3033  3033 I SystemServiceManager: Starting com.android.server.appwidget.AppWidgetService
12-02 07:08:13.201  3033  3033 I SystemServiceManager: Starting com.android.server.voiceinteraction.VoiceInteractionManagerService
12-02 07:08:13.205  3033  3033 I SystemServer: Gesture Launcher Service
12-02 07:08:13.205  3033  3033 I SystemServiceManager: Starting com.android.server.GestureLauncherService
12-02 07:08:13.206  3033  3033 I SystemServiceManager: Starting com.android.server.SensorNotificationService
12-02 07:08:13.206  3033  3033 I SystemServiceManager: Starting com.android.server.ContextHubSystemService
12-02 07:08:13.208  3033  3033 I SystemServer: StartDiskStatsService
12-02 07:08:13.210  3033  3033 I SystemServer: StartSamplingProfilerService
12-02 07:08:13.216  3033  3033 I SystemServer: StartNetworkTimeUpdateService
12-02 07:08:13.217  3033  3033 I SystemServer: StartCommonTimeManagementService
12-02 07:08:13.220  3033  3033 I SystemServer: CertBlacklister
12-02 07:08:13.221  3033  3033 I SystemServiceManager: Starting com.android.server.emergency.EmergencyAffordanceService
12-02 07:08:13.223  3033  3033 I SystemServiceManager: Starting com.android.server.dreams.DreamManagerService
12-02 07:08:13.226  3033  3033 I SystemServer: StartAssetAtlasService
12-02 07:08:13.231  3033  3033 I SystemServiceManager: Starting com.android.server.print.PrintManagerService
12-02 07:08:13.241  3033  3033 I SystemServiceManager: Starting com.android.server.restrictions.RestrictionsManagerService
12-02 07:08:13.264  3033  3033 I SystemServiceManager: Starting com.android.server.media.MediaSessionService
12-02 07:08:13.275  3033  3033 I SystemServer: StartMediaRouterService
12-02 07:08:13.279  3033  3033 I SystemServiceManager: Starting com.android.server.trust.TrustManagerService
12-02 07:08:13.282  3033  3033 I SystemServer: StartBackgroundDexOptService
12-02 07:08:13.283  3033  3033 I SystemServiceManager: Starting com.android.server.pm.ShortcutService$Lifecycle
