12-02 07:08:22.047  3756  3756 I bootstat: Logging histogram: boot_reason 1
12-02 07:08:22.047  3756  3756 I bootstat: Logging histogram: factory_reset_current_time 1733162902
12-02 07:08:22.047  3756  3756 I bootstat: Logging histogram: factory_reset 1733162902
12-02 07:08:22.162  3033  3059 V PackageManager: reconcileAppsData finished 81 packages
12-02 07:08:22.163  3033  3451 I chatty  : uid=1000(system) Binder:3033_5 expire 1 line
12-02 07:08:22.163  3033  3052 D BluetoothManagerService: User 0 unlocked
12-02 07:08:22.164  3033  3058 D BluetoothManagerService: MESSAGE_USER_UNLOCKED
12-02 07:08:22.164  3033  3052 D MountService: onUnlockUser 0
12-02 07:08:22.164  3033  3052 D VoldConnector: SND -> {33 volume user_started 0}
12-02 07:08:22.164  3033  3139 D ConnectivityService: Got NetworkFactory Messenger for WIFI
12-02 07:08:22.164  3033  3139 D ConnectivityService: Got NetworkFactory Messenger for WIFI_UT
12-02 07:08:22.165  2599  2683 D vold    : Linking /storage/emulated/0 to /mnt/user/0/primary
12-02 07:08:22.166  3033  3126 D VoldConnector: RCV <- {200 33 Command succeeded}
12-02 07:08:22.167  3033  3125 D MountService: Volume public:179_161 broadcasting mounted to UserHandle{0}
12-02 07:08:22.182  3033  3033 I ActivityManager: Start proc 3757:com.android.deskclock/u0a39 for broadcast com.android.deskclock/.AlarmInitReceiver
12-02 07:08:22.185  3033  3125 D MountService: Volume emulated broadcasting mounted to UserHandle{0}
12-02 07:08:22.191  3033  3033 I InputMethodManagerService: All the enabled IMEs are gone. Reset default enabled IMEs.
12-02 07:08:22.218  3732  3732 W System  : ClassLoader referenced unknown path: /system/priv-app/ExtServices/lib/arm64
12-02 07:08:22.249  3033  3052 V BackupManagerService: No ancestral data
12-02 07:08:22.264  3033  3052 V BackupManagerService: Starting with transport com.google.android.gms/.backup.BackupTransportService
12-02 07:08:22.265  3033  3052 V BackupManagerService: Found transports: 1
12-02 07:08:22.268  3033  3052 I BackupManagerService: Backup enable apparently not migrated
12-02 07:08:22.269  3033  3052 I BackupManagerService: Migrating enable state false
12-02 07:08:22.270  3033  3776 V KeyValueBackupJob: Scheduling k/v pass in 240 minutes
12-02 07:08:22.270  3033  3052 I BackupManagerService: Backup enabled => false
12-02 07:08:22.297  3033  3033 V BackupManagerService: Connected to transport ComponentInfo{android/com.android.internal.backup.LocalTransportService}
12-02 07:08:22.298  3033  3033 V BackupManagerService: Registering transport android/com.android.internal.backup.LocalTransportService::android/com.android.internal.backup.LocalTransport = android.app.backup.BackupTransport$TransportImpl@eee180e
12-02 07:08:22.301  3033  3776 V KeyValueBackupJob: Scheduling k/v pass in 243 minutes
12-02 07:08:22.315  3783  3783 E cutils-trace: Error opening trace file: No such file or directory (2)
12-02 07:08:22.316  3783  3783 E patchoat: Failed to open output oat file /data/dalvik-cache/arm64/system@app@DeskClock@DeskClock.apk@classes.dex: Permission denied(13)
12-02 07:08:22.317  3033  3053 I ActivityManager: Config changes=20 {1.0 ?mcc?mnc [en_US] ldltr sw800dp w800dp h1208dp 240dpi xlrg port finger -keyb/v/h -nav/h s.6}
12-02 07:08:22.318  3757  3757 W art     : Failed execv(/system/bin/patchoat --instruction-set=arm64 --input-oat-file=/system/app/DeskClock/oat/arm64/DeskClock.odex --output-oat-file=/data/dalvik-cache/arm64/system@app@DeskClock@DeskClock.apk@classes.dex --patched-image-location=/system/framework/boot.art) because non-0 exit status
12-02 07:08:22.320  3757  3757 W System  : ClassLoader referenced unknown path: /system/app/DeskClock/lib/arm64
12-02 07:08:22.367  3033  3052 W AppWidgetServiceImpl: Failed to read state: java.io.FileNotFoundException: /data/system/users/0/appwidgets.xml (No such file or directory)
12-02 07:08:22.367  3033  3052 V AppWidgetServiceImpl: Upgrading widget database from 0 to 1
12-02 07:08:22.369  3552  3552 I RenderThread: type=1400 audit(0.0:187): avc: denied { ioctl } for ppid=2706 ppid_comm="main" path="/dev/mali0" dev="tmpfs" ino=6795 ioctlcmd=8203 scontext=u:r:system_app:s0 tcontext=u:object_r:device:s0 tclass=chr_file permissive=1
12-02 07:08:22.369  3033  3052 W VoiceInteractionManagerService: no available voice interaction services found for user 0
12-02 07:08:22.369  3033  3052 W VoiceInteractionManagerService: no available voice recognition services found for user 0
12-02 07:08:22.371  3033  3052 I BrokerableCMSystemService: Connecting to implementation
12-02 07:08:22.372  3033  3052 W ContextImpl: Calling a method in the system process without a qualified user: android.app.ContextImpl.bindService:1421 org.cyanogenmod.platform.internal.BrokerableCMSystemService.tryConnecting:199 org.cyanogenmod.platform.internal.WeatherManagerServiceBroker.onUnlockUser:97 com.android.server.SystemServiceManager.unlockUser:179 com.android.server.am.ActivityManagerService$MainHandler.handleMessage:2064 
12-02 07:08:22.397  3033  3793 I chatty  : uid=1000 system_server expire 11 lines
12-02 07:08:22.405  3033  3052 I ActivityManager: Start proc 3804:org.cyanogenmod.weatherservice/u0a26 for service org.cyanogenmod.weatherservice/.WeatherManagerService
12-02 07:08:22.421  3033  3051 I ActivityManager: Start proc 3816:com.android.printspooler/u0a50 for service com.android.printspooler/.model.PrintSpoolerService
12-02 07:08:22.423  3033  3052 I ActivityManager: Loading recents for user 0 into memory.
12-02 07:08:22.431  3033  3495 E WindowManager: App trying to use insecure INPUT_FEATURE_NO_INPUT_CHANNEL flag. Ignoring
12-02 07:08:22.443  3033  3049 E WindowManager: App trying to use insecure INPUT_FEATURE_NO_INPUT_CHANNEL flag. Ignoring
12-02 07:08:22.454  3033  3052 I ActivityManager: Start proc 3834:org.cyanogenmod.audiofx/u0a3 for added application org.cyanogenmod.audiofx
12-02 07:08:22.468  3033  3052 I PreBootBroadcaster: Pre-boot of {com.android.managedprovisioning/com.android.managedprovisioning.PreBootListener} for user 0
12-02 07:08:22.481  3804  3804 W System  : ClassLoader referenced unknown path: /system/priv-app/WeatherManagerService/lib/arm64
12-02 07:08:22.481  3033  3495 E WindowManager: App trying to use insecure INPUT_FEATURE_NO_INPUT_CHANNEL flag. Ignoring
12-02 07:08:22.506  2705  2705 E Thermal-daemon: Enter daemon main loop, 51s has passed
12-02 07:08:22.507  2705  2705 E Thermal-daemon: before adjust, sensor type = 9, ops = DIV, factor = 1000, temp = 25000
12-02 07:08:22.507  2705  2705 E Thermal-daemon: after adjust, sensor type = 9, ops = DIV, factor = 1000, temp = 25
12-02 07:08:22.507  2705  2705 E Thermal-daemon: [battery] temp_new :25  temp_old :0
12-02 07:08:22.507  3522  3522 D FallbackHome: User unlocked and real home found; let's go!
12-02 07:08:22.507  2705  2705 E         : power log dlopen err:dlopen failed: library "libpowergenie_native3.so" not found
12-02 07:08:22.507  2705  2705 E         : logPower_print not support
12-02 07:08:22.507  2705  2705 E Thermal-daemon: Report temperature: [battery] temp :25  report_threshold:1
12-02 07:08:22.507  2705  2705 E Thermal-daemon: before adjust, sensor type = 2, ops = NONE, factor = 1, temp = 32
12-02 07:08:22.507  2705  2705 E Thermal-daemon: after adjust, sensor type = 2, ops = NONE, factor = 1, temp = 32
12-02 07:08:22.507  2705  2705 E Thermal-daemon: [charger_ic] temp_new :32  temp_old :0
12-02 07:08:22.507  2705  2705 E         : logPower_print not support
12-02 07:08:22.507  2705  2705 E Thermal-daemon: Report temperature: [charger_ic] temp :32  report_threshold:1
12-02 07:08:22.508  2705  2705 E Thermal-daemon: before adjust, sensor type = 3, ops = NONE, factor = 1, temp = 26
12-02 07:08:22.508  2705  2705 E Thermal-daemon: after adjust, sensor type = 3, ops = NONE, factor = 1, temp = 26
12-02 07:08:22.508  2705  2705 E Thermal-daemon: [flash_led] temp_new :26  temp_old :0
12-02 07:08:22.508  2705  2705 E         : logPower_print not support
12-02 07:08:22.509  3416  3416 I RenderThread: type=1400 audit(0.0:188): avc: denied { ioctl } for ppid=2706 ppid_comm="main" path="/dev/mali0" dev="tmpfs" ino=6795 ioctlcmd=8200 scontext=u:r:platform_app:s0:c512,c768 tcontext=u:object_r:device:s0 tclass=chr_file permissive=1
12-02 07:08:22.509  3416  3416 I RenderThread: type=1400 audit(0.0:189): avc: denied { read write } for ppid=2706 ppid_comm="main" path="/dev/mali0" dev="tmpfs" ino=6795 scontext=u:r:platform_app:s0:c512,c768 tcontext=u:object_r:device:s0 tclass=chr_file permissive=1
12-02 07:08:22.509  2705  2705 E Thermal-daemon: Report temperature: [flash_led] temp :26  report_threshold:1
12-02 07:08:22.510  2705  2705 E Thermal-daemon: before adjust, sensor type = 0, ops = NONE, factor = 1, temp = 34
12-02 07:08:22.510  2705  2705 E Thermal-daemon: after adjust, sensor type = 0, ops = NONE, factor = 1, temp = 34
12-02 07:08:22.510  2705  2705 E Thermal-daemon: [ap] temp_new :34  temp_old :0
12-02 07:08:22.510  2705  2705 E         : logPower_print not support
12-02 07:08:22.510  2705  2705 E Thermal-daemon: Report temperature: [ap] temp :34  report_threshold:1
12-02 07:08:22.511  3854  3854 E cutils-trace: Error opening trace file: No such file or directory (2)
12-02 07:08:22.511  3854  3854 E patchoat: Failed to open output oat file /data/dalvik-cache/arm64/system@app@PrintSpooler@PrintSpooler.apk@classes.dex: Permission denied(13)
12-02 07:08:22.512  3033  3452 I WindowManager: Screen frozen for +163ms due to AppWindowToken{d763f66 token=Token{7e424cb ActivityRecord{fa2f045 u0 com.android.settings/.FallbackHome t2}}}
12-02 07:08:22.513  3816  3816 W art     : Failed execv(/system/bin/patchoat --instruction-set=arm64 --input-oat-file=/system/app/PrintSpooler/oat/arm64/PrintSpooler.odex --output-oat-file=/data/dalvik-cache/arm64/system@app@PrintSpooler@PrintSpooler.apk@classes.dex --patched-image-location=/system/framework/boot.art) because non-0 exit status
12-02 07:08:22.519  2784  2784 I mali-renderer: type=1400 audit(0.0:190): avc: denied { ioctl } for ppid=1 ppid_comm="init" path="/dev/mali0" dev="tmpfs" ino=6795 ioctlcmd=821c scontext=u:r:surfaceflinger:s0 tcontext=u:object_r:device:s0 tclass=chr_file permissive=1
12-02 07:08:22.530  3424  3424 D CarrierSvcBindHelper: Received android.intent.action.USER_UNLOCKED
12-02 07:08:22.531  3424  3424 E PhoneInterfaceManager: [PhoneIntfMgr] getCarrierPackageNamesForIntent: No UICC
12-02 07:08:22.531  3424  3424 D CarrierSvcBindHelper: No carrier app for: 0
12-02 07:08:22.557  3033  3050 I ActivityManager: Start proc 3867:com.android.smspush/u0a54 for service com.android.smspush/.WapPushManager
12-02 07:08:22.561  3757  3757 I AlarmClock: AlarmInitReceiver android.intent.action.LOCKED_BOOT_COMPLETED
12-02 07:08:22.565  3033  3451 I ActivityManager: START u0 {act=android.intent.action.MAIN cat=[android.intent.category.HOME] flg=0x10000100 cmp=com.cyanogenmod.setupwizard/.SetupWizardActivity} from uid 0 on display 0
12-02 07:08:22.568  3864  3864 E cutils-trace: Error opening trace file: No such file or directory (2)
12-02 07:08:22.569  3864  3864 E patchoat: Failed to open output oat file /data/dalvik-cache/arm64/system@priv-app@AudioFX@AudioFX.apk@classes.dex: Permission denied(13)
12-02 07:08:22.570  3834  3834 W art     : Failed execv(/system/bin/patchoat --instruction-set=arm64 --input-oat-file=/system/priv-app/AudioFX/oat/arm64/AudioFX.odex --output-oat-file=/data/dalvik-cache/arm64/system@priv-app@AudioFX@AudioFX.apk@classes.dex --patched-image-location=/system/framework/boot.art) because non-0 exit status
12-02 07:08:22.573  3834  3834 W System  : ClassLoader referenced unknown path: /system/priv-app/AudioFX/lib/arm64
12-02 07:08:22.638  3757  3883 I AlarmClock: Alarms Table created
12-02 07:08:22.639  3757  3883 I AlarmClock: Instance table created
12-02 07:08:22.640  3757  3883 I AlarmClock: Inserting default alarms
12-02 07:08:22.711  3033  3451 I ActivityManager: Start proc 3896:com.cyanogenmod.setupwizard/1000 for activity com.cyanogenmod.setupwizard/.SetupWizardActivity
12-02 07:08:22.740  3033  3147 I ActivityManager: Start proc 3912:com.android.keychain/1000 for service com.android.keychain/.KeyChainService
12-02 07:08:22.781  3920  3920 E cutils-trace: Error opening trace file: No such file or directory (2)
12-02 07:08:22.782  3920  3920 E patchoat: Failed to open output oat file /data/dalvik-cache/arm64/system@app@WAPPushManager@WAPPushManager.apk@classes.dex: Permission denied(13)
12-02 07:08:22.783  3033  3112 I ActivityManager: Start proc 3928:android.process.media/u0a11 for broadcast com.android.providers.downloads/.DownloadReceiver
12-02 07:08:22.784  3867  3867 W art     : Failed execv(/system/bin/patchoat --instruction-set=arm64 --input-oat-file=/system/app/WAPPushManager/oat/arm64/WAPPushManager.odex --output-oat-file=/data/dalvik-cache/arm64/system@app@WAPPushManager@WAPPushManager.apk@classes.dex --patched-image-location=/system/framework/boot.art) because non-0 exit status
12-02 07:08:22.785  3867  3867 W System  : ClassLoader referenced unknown path: /system/app/WAPPushManager/lib/arm64
12-02 07:08:22.810  3033  3033 I BrokerableCMSystemService: Implementation service connected
12-02 07:08:22.819  3929  3929 E cutils-trace: Error opening trace file: No such file or directory (2)
12-02 07:08:22.819  3929  3929 E patchoat: Failed to open output oat file /data/dalvik-cache/arm64/system@priv-app@LineageSetupWizard@LineageSetupWizard.apk@classes.dex: Permission denied(13)
12-02 07:08:22.821  3896  3896 W art     : Failed execv(/system/bin/patchoat --instruction-set=arm64 --input-oat-file=/system/priv-app/LineageSetupWizard/oat/arm64/LineageSetupWizard.odex --output-oat-file=/data/dalvik-cache/arm64/system@priv-app@LineageSetupWizard@LineageSetupWizard.apk@classes.dex --patched-image-location=/system/framework/boot.art) because non-0 exit status
12-02 07:08:22.824  3896  3896 W System  : ClassLoader referenced unknown path: /system/priv-app/LineageSetupWizard/lib/arm64
12-02 07:08:22.875  3228  3228 W KeyguardUpdateMonitor: invalid subId in handleSimStateChange()
12-02 07:08:22.877  3896  3896 V FingerprintManager: FingerprintManagerService was null
12-02 07:08:22.878  3896  3896 W FingerprintManager: isFingerprintHardwareDetected(): Service not connected!
12-02 07:08:22.892  3949  3949 E cutils-trace: Error opening trace file: No such file or directory (2)
12-02 07:08:22.892  3949  3949 E patchoat: Failed to open output oat file /data/dalvik-cache/arm64/system@app@KeyChain@KeyChain.apk@classes.dex: Permission denied(13)
12-02 07:08:22.894  3912  3912 W art     : Failed execv(/system/bin/patchoat --instruction-set=arm64 --input-oat-file=/system/app/KeyChain/oat/arm64/KeyChain.odex --output-oat-file=/data/dalvik-cache/arm64/system@app@KeyChain@KeyChain.apk@classes.dex --patched-image-location=/system/framework/boot.art) because non-0 exit status
12-02 07:08:22.896  3912  3912 W System  : ClassLoader referenced unknown path: /system/app/KeyChain/lib/arm64
12-02 07:08:22.910  3033  3911 I ActivityManager: START u0 {act=com.android.wizard.LOAD flg=0x10000001 cmp=com.cyanogenmod.setupwizard/.wizardmanager.WizardManager (has extras)} from uid 1000 on display 0
12-02 07:08:22.924  3950  3950 I chatty  : uid=10011(com.android.providers.media) /system/bin/patchoat expire 2 lines
12-02 07:08:22.926  3928  3928 I chatty  : uid=10011(com.android.providers.media) android.process.media expire 12 lines
12-02 07:08:22.957  3228  3228 D PhoneStatusBar: disable: < expand icons ALERTS* system_info back home recent clock SEARCH* quick_settings >
12-02 07:08:22.958  3228  3228 D PhoneStatusBar: heads up is disabled
12-02 07:08:22.958  3228  3228 D PhoneStatusBar: dismissing any existing heads up notification on disable event
12-02 07:08:22.965  3033  3884 I ActivityManager: START u0 {act=com.cyanogenmod.setupwizard.LINEAGE_WELCOME flg=0x4000000 cmp=com.cyanogenmod.setupwizard/.WelcomeActivity (has extras)} from uid 1000 on display 0
12-02 07:08:23.018  3957  3957 I chatty  : uid=10011(com.android.providers.media) /system/bin/patchoat expire 2 lines
12-02 07:08:23.063  3896  3896 W ContextImpl: Calling a method in the system process without a qualified user: android.app.ContextImpl.bindService:1421 android.content.ContextWrapper.bindService:636 android.speech.tts.TextToSpeech.connectToEngine:810 android.speech.tts.TextToSpeech.initTts:780 android.speech.tts.TextToSpeech.<init>:733 
12-02 07:08:23.077  3033  3911 I ActivityManager: Start proc 3958:com.svox.pico/u0a48 for service com.svox.pico/.PicoService
12-02 07:08:23.077  3896  3896 I TextToSpeech: Sucessfully bound to com.svox.pico
12-02 07:08:23.086  3896  3896 E MediaPlayer-JNI: JNIMediaPlayerFactory: bIsQCMediaPlayerPresent 0
12-02 07:08:23.086  3896  3896 E MediaPlayer-JNI: JNIMediaPlayerFactory: bIsQCMediaPlayerPresent 0
12-02 07:08:23.094  3896  3896 W MediaPlayer: Couldn't open content://settings/system/notification_sound_cache: java.io.FileNotFoundException: No such file or directory
12-02 07:08:23.095  3896  3896 W MediaPlayer: Couldn't open null: java.lang.NullPointerException: uri
12-02 07:08:23.106  2717  3296 E MediaPlayerService: Couldn't open fd for content://settings/system/notification_sound
12-02 07:08:23.107  3896  3896 E MediaPlayer: Unable to create media player
12-02 07:08:23.108  3896  3896 D Ringtone: Problem opening; delegating to remote player
12-02 07:08:23.110  3896  3896 E MediaPlayer-JNI: JNIMediaPlayerFactory: bIsQCMediaPlayerPresent 0
12-02 07:08:23.110  3896  3896 E MediaPlayer-JNI: JNIMediaPlayerFactory: bIsQCMediaPlayerPresent 0
12-02 07:08:23.114  3896  3896 W MediaPlayer: Couldn't open content://settings/system/notification_sound_cache: java.io.FileNotFoundException: No such file or directory
12-02 07:08:23.115  3896  3896 W MediaPlayer: Couldn't open null: java.lang.NullPointerException: uri
12-02 07:08:23.119  2717  3319 E MediaPlayerService: Couldn't open fd for content://settings/system/notification_sound
12-02 07:08:23.119  3896  3896 E MediaPlayer: Unable to create media player
12-02 07:08:23.120  3896  3896 D Ringtone: Problem opening; delegating to remote player
12-02 07:08:23.156  3972  3972 E cutils-trace: Error opening trace file: No such file or directory (2)
12-02 07:08:23.157  3972  3972 E patchoat: Failed to open output oat file /data/dalvik-cache/arm/system@app@PicoTts@PicoTts.apk@classes.dex: Permission denied(13)
12-02 07:08:23.159  3974  3974 I RenderThread: type=1400 audit(0.0:193): avc: denied { read write } for ppid=2706 ppid_comm="main" name="mali0" dev="tmpfs" ino=6795 scontext=u:r:system_app:s0 tcontext=u:object_r:device:s0 tclass=chr_file permissive=1
12-02 07:08:23.159  3974  3974 I RenderThread: type=1400 audit(0.0:194): avc: denied { open } for ppid=2706 ppid_comm="main" path="/dev/mali0" dev="tmpfs" ino=6795 scontext=u:r:system_app:s0 tcontext=u:object_r:device:s0 tclass=chr_file permissive=1
12-02 07:08:23.159  3958  3958 W art     : Failed execv(/system/bin/patchoat --instruction-set=arm --input-oat-file=/system/app/PicoTts/oat/arm/PicoTts.odex --output-oat-file=/data/dalvik-cache/arm/system@app@PicoTts@PicoTts.apk@classes.dex --patched-image-location=/system/framework/boot.art) because non-0 exit status
12-02 07:08:23.169  3974  3974 I RenderThread: type=1400 audit(0.0:195): avc: denied { getattr } for ppid=2706 ppid_comm="main" path="/dev/mali0" dev="tmpfs" ino=6795 scontext=u:r:system_app:s0 tcontext=u:object_r:device:s0 tclass=chr_file permissive=1
12-02 07:08:23.176  3896  3974 I OpenGLRenderer: Initialized EGL, version 1.4
12-02 07:08:23.177  3896  3974 D OpenGLRenderer: Swap behavior 1
12-02 07:08:23.187  3896  3974 D mali_winsys: new_window_surface returns 0x3000
12-02 07:08:23.192  3522  3522 W IInputConnectionWrapper: reportFullscreenMode on inexistent InputConnection
12-02 07:08:23.210  3958  3958 V SynthProxy: About to load libttspico.so, applyFilter=true
12-02 07:08:23.281  3958  3958 I SVOX Pico Engine: loaded en-US successfully
12-02 07:08:23.328  3896  3896 I TextToSpeech: Connected to ComponentInfo{com.svox.pico/com.svox.pico.PicoService}
12-02 07:08:23.331  2695  2723 I chatty  : uid=1000(system) Binder:2695_1 expire 10 lines
12-02 07:08:23.341  3896  3992 I chatty  : uid=1000(system) com.cyanogenmod.setupwizard expire 1 line
12-02 07:08:23.355  3522  3522 I chatty  : uid=1000(system) com.android.settings expire 14 lines
12-02 07:08:23.719  3717  3717 I mali-hist-dump: type=1400 audit(0.0:196): avc: denied { ioctl } for ppid=2706 ppid_comm="main" path="/dev/mali0" dev="tmpfs" ino=6795 ioctlcmd=821b scontext=u:r:platform_app:s0:c512,c768 tcontext=u:object_r:device:s0 tclass=chr_file permissive=1
12-02 07:08:23.765  3033  3050 I ActivityManager: Start proc 3999:com.android.managedprovisioning/u0a14 for broadcast com.android.managedprovisioning/.PreBootListener
12-02 07:08:23.856  4014  4014 E cutils-trace: Error opening trace file: No such file or directory (2)
12-02 07:08:23.857  4014  4014 E patchoat: Failed to open output oat file /data/dalvik-cache/arm64/system@priv-app@ManagedProvisioning@ManagedProvisioning.apk@classes.dex: Permission denied(13)
12-02 07:08:23.858  3999  3999 W art     : Failed execv(/system/bin/patchoat --instruction-set=arm64 --input-oat-file=/system/priv-app/ManagedProvisioning/oat/arm64/ManagedProvisioning.odex --output-oat-file=/data/dalvik-cache/arm64/system@priv-app@ManagedProvisioning@ManagedProvisioning.apk@classes.dex --patched-image-location=/system/framework/boot.art) because non-0 exit status
12-02 07:08:23.873  3999  3999 W System  : ClassLoader referenced unknown path: /system/priv-app/ManagedProvisioning/lib/arm64
12-02 07:08:23.932  3033  3451 I PreBootBroadcaster: Pre-boot of {com.android.providers.calendar/com.android.providers.calendar.CalendarUpgradeReceiver} for user 0
12-02 07:08:23.939  3033  3033 D ZenLog  : disable_effects: 0|android|0|PreBootBroadcaster|1000,booleanState
12-02 07:08:23.965  3033  3504 I ActivityManager: Start proc 4016:com.android.providers.calendar/u0a6 for broadcast com.android.providers.calendar/.CalendarUpgradeReceiver
12-02 07:08:23.969  3987  3987 I mali-hist-dump: type=1400 audit(0.0:197): avc: denied { ioctl } for ppid=2706 ppid_comm="main" path="/dev/mali0" dev="tmpfs" ino=6795 ioctlcmd=821b scontext=u:r:system_app:s0 tcontext=u:object_r:device:s0 tclass=chr_file permissive=1
12-02 07:08:24.054  4030  4030 E cutils-trace: Error opening trace file: No such file or directory (2)
12-02 07:08:24.055  4030  4030 E patchoat: Failed to open output oat file /data/dalvik-cache/arm64/system@priv-app@CalendarProvider@CalendarProvider.apk@classes.dex: Permission denied(13)
12-02 07:08:24.057  4016  4016 W art     : Failed execv(/system/bin/patchoat --instruction-set=arm64 --input-oat-file=/system/priv-app/CalendarProvider/oat/arm64/CalendarProvider.odex --output-oat-file=/data/dalvik-cache/arm64/system@priv-app@CalendarProvider@CalendarProvider.apk@classes.dex --patched-image-location=/system/framework/boot.art) because non-0 exit status
12-02 07:08:24.062  4016  4016 W System  : ClassLoader referenced unknown path: /system/priv-app/CalendarProvider/lib/arm64
12-02 07:08:24.154  4016  4016 I CalendarDatabaseHelper: Bootstrapping database
12-02 07:08:24.287  4016  4016 I CalendarProvider2: Created com.android.providers.calendar.CalendarAlarmManager@cad4e4b(com.android.providers.calendar.CalendarProvider2@ca76028)
12-02 07:08:24.352  4016  4016 I CalendarUpgradeReceiver: Creating or opening calendar database
12-02 07:08:24.354  3033  3911 I PreBootBroadcaster: Pre-boot of {com.android.providers.contacts/com.android.providers.contacts.ContactsUpgradeReceiver} for user 0
12-02 07:08:24.370  3033  3911 I ActivityManager: Start proc 4034:android.process.acore/u0a1 for broadcast com.android.providers.contacts/.ContactsUpgradeReceiver
12-02 07:08:24.373  3033  3033 D ZenLog  : disable_effects: 0|android|0|PreBootBroadcaster|1000,booleanState
12-02 07:08:24.389  3416  3416 I RenderThread: type=1400 audit(0.0:198): avc: denied { read write } for ppid=2706 ppid_comm="main" path="/dev/mali0" dev="tmpfs" ino=6795 scontext=u:r:platform_app:s0:c512,c768 tcontext=u:object_r:device:s0 tclass=chr_file permissive=1
12-02 07:08:24.474  4049  4049 E cutils-trace: Error opening trace file: No such file or directory (2)
12-02 07:08:24.474  4049  4049 E patchoat: Failed to open output oat file /data/dalvik-cache/arm64/system@priv-app@ContactsProvider@ContactsProvider.apk@classes.dex: Permission denied(13)
12-02 07:08:24.485  4034  4034 W art     : Failed execv(/system/bin/patchoat --instruction-set=arm64 --input-oat-file=/system/priv-app/ContactsProvider/oat/arm64/ContactsProvider.odex --output-oat-file=/data/dalvik-cache/arm64/system@priv-app@ContactsProvider@ContactsProvider.apk@classes.dex --patched-image-location=/system/framework/boot.art) because non-0 exit status
12-02 07:08:24.493  4034  4034 W System  : ClassLoader referenced unknown path: /system/priv-app/ContactsProvider/lib/arm64
12-02 07:08:24.619  4034  4034 I ContactsPerf: VoicemailContentProvider.onCreate start
12-02 07:08:24.621  4034  4034 I ContactsPerf: VoicemailContentProvider.onCreate finish
12-02 07:08:24.686  4055  4055 E cutils-trace: Error opening trace file: No such file or directory (2)
12-02 07:08:24.687  4055  4055 E patchoat: Failed to open output oat file /data/dalvik-cache/arm64/system@priv-app@BlockedNumberProvider@BlockedNumberProvider.apk@classes.dex: Permission denied(13)
12-02 07:08:24.690  4034  4034 W art     : Failed execv(/system/bin/patchoat --instruction-set=arm64 --input-oat-file=/system/priv-app/BlockedNumberProvider/oat/arm64/BlockedNumberProvider.odex --output-oat-file=/data/dalvik-cache/arm64/system@priv-app@BlockedNumberProvider@BlockedNumberProvider.apk@classes.dex --patched-image-location=/system/framework/boot.art) because non-0 exit status
12-02 07:08:24.692  4034  4034 W System  : ClassLoader referenced unknown path: /system/priv-app/BlockedNumberProvider/lib/arm64
12-02 07:08:24.693  4034  4034 D ApplicationLoaders: ignored Vulkan layer search path /system/priv-app/BlockedNumberProvider/lib/arm64:/system/lib64:/vendor/lib64 for namespace 0x7f8ea1c0f0
12-02 07:08:24.747  4034  4052 I ContactsDatabaseHelper: Bootstrapping database version: 1111
12-02 07:08:24.770  4056  4056 E cutils-trace: Error opening trace file: No such file or directory (2)
12-02 07:08:24.771  4056  4056 E patchoat: Failed to open output oat file /data/dalvik-cache/arm64/system@app@UserDictionaryProvider@UserDictionaryProvider.apk@classes.dex: Permission denied(13)
12-02 07:08:24.772  4034  4034 W art     : Failed execv(/system/bin/patchoat --instruction-set=arm64 --input-oat-file=/system/app/UserDictionaryProvider/oat/arm64/UserDictionaryProvider.odex --output-oat-file=/data/dalvik-cache/arm64/system@app@UserDictionaryProvider@UserDictionaryProvider.apk@classes.dex --patched-image-location=/system/framework/boot.art) because non-0 exit status
12-02 07:08:24.774  4034  4034 W System  : ClassLoader referenced unknown path: /system/app/UserDictionaryProvider/lib/arm64
12-02 07:08:24.775  4034  4034 D ApplicationLoaders: ignored Vulkan layer search path /system/app/UserDictionaryProvider/lib/arm64:/system/lib64:/vendor/lib64 for namespace 0x7f8ea1c160
12-02 07:08:24.852  4034  4034 D StrictMode: StrictMode policy violation; ~duration=253 ms: android.os.StrictMode$StrictModeDiskWriteViolation: policy=65565 violation=1
12-02 07:08:24.852  4034  4034 D StrictMode: 	at android.os.StrictMode$AndroidBlockGuardPolicy.onWriteToDisk(StrictMode.java:1253)
12-02 07:08:24.852  4034  4034 D StrictMode: 	at libcore.io.BlockGuardOs.mkdir(BlockGuardOs.java:173)
12-02 07:08:24.852  4034  4034 D StrictMode: 	at android.system.Os.mkdir(Os.java:282)
12-02 07:08:24.852  4034  4034 D StrictMode: 	at android.app.ContextImpl.ensurePrivateDirExists(ContextImpl.java:514)
12-02 07:08:24.852  4034  4034 D StrictMode: 	at android.app.ContextImpl.getPreferencesDir(ContextImpl.java:468)
12-02 07:08:24.852  4034  4034 D StrictMode: 	at android.app.ContextImpl.getSharedPreferencesPath(ContextImpl.java:627)
12-02 07:08:24.852  4034  4034 D StrictMode: 	at android.app.ContextImpl.getSharedPreferences(ContextImpl.java:345)
12-02 07:08:24.852  4034  4034 D StrictMode: 	at android.content.ContextWrapper.getSharedPreferences(ContextWrapper.java:164)
12-02 07:08:24.852  4034  4034 D StrictMode: 	at android.preference.PreferenceManager.getDefaultSharedPreferences(PreferenceManager.java:487)
12-02 07:08:24.852  4034  4034 D StrictMode: 	at com.android.providers.contacts.FastScrollingIndexCache.getInstance(FastScrollingIndexCache.java:95)
12-02 07:08:24.852  4034  4034 D StrictMode: 	at com.android.providers.contacts.ContactsProvider2.initialize(ContactsProvider2.java:1600)
12-02 07:08:24.852  4034  4034 D StrictMode: 	at com.android.providers.contacts.ContactsProvider2.onCreate(ContactsProvider2.java:1575)
12-02 07:08:24.852  4034  4034 D StrictMode: 	at android.content.ContentProvider.attachInfo(ContentProvider.java:1753)
12-02 07:08:24.852  4034  4034 D StrictMode: 	at android.content.ContentProvider.attachInfo(ContentProvider.java:1728)
12-02 07:08:24.852  4034  4034 D StrictMode: 	at android.app.ActivityThread.installProvider(ActivityThread.java:5920)
12-02 07:08:24.852  4034  4034 D StrictMode: 	at android.app.ActivityThread.installContentProviders(ActivityThread.java:5490)
12-02 07:08:24.852  4034  4034 D StrictMode: 	at android.app.ActivityThread.handleBindApplication(ActivityThread.java:5429)
12-02 07:08:24.852  4034  4034 D StrictMode: 	at android.app.ActivityThread.-wrap2(ActivityThread.java)
12-02 07:08:24.852  4034  4034 D StrictMode: 	at android.app.ActivityThread$H.handleMessage(ActivityThread.java:1564)
12-02 07:08:24.852  4034  4034 D StrictMode: 	at android.os.Handler.dispatchMessage(Handler.java:102)
12-02 07:08:24.852  4034  4034 D StrictMode: 	at android.os.Looper.loop(Looper.java:154)
12-02 07:08:24.852  4034  4034 D StrictMode: 	at android.app.ActivityThread.main(ActivityThread.java:6186)
12-02 07:08:24.852  4034  4034 D StrictMode: 	at java.lang.reflect.Method.invoke(Native Method)
12-02 07:08:24.852  4034  4034 D StrictMode: 	at com.android.internal.os.ZygoteInit$MethodAndArgsCaller.run(ZygoteInit.java:889)
12-02 07:08:24.852  4034  4034 D StrictMode: 	at com.android.internal.os.ZygoteInit.main(ZygoteInit.java:779)
12-02 07:08:24.852  4034  4034 D StrictMode: StrictMode policy violation; ~duration=252 ms: android.os.StrictMode$StrictModeDiskWriteViolation: policy=65565 violation=1
12-02 07:08:24.852  4034  4034 D StrictMode: 	at android.os.StrictMode$AndroidBlockGuardPolicy.onWriteToDisk(StrictMode.java:1253)
12-02 07:08:24.852  4034  4034 D StrictMode: 	at libcore.io.BlockGuardOs.chmod(BlockGuardOs.java:73)
12-02 07:08:24.852  4034  4034 D StrictMode: 	at android.system.Os.chmod(Os.java:68)
12-02 07:08:24.852  4034  4034 D StrictMode: 	at android.app.ContextImpl.ensurePrivateDirExists(ContextImpl.java:515)
12-02 07:08:24.852  4034  4034 D StrictMode: 	at android.app.ContextImpl.getPreferencesDir(ContextImpl.java:468)
12-02 07:08:24.852  4034  4034 D StrictMode: 	at android.app.ContextImpl.getSharedPreferencesPath(ContextImpl.java:627)
12-02 07:08:24.852  4034  4034 D StrictMode: 	at android.app.ContextImpl.getSharedPreferences(ContextImpl.java:345)
12-02 07:08:24.852  4034  4034 D StrictMode: 	at android.content.ContextWrapper.getSharedPreferences(ContextWrapper.java:164)
12-02 07:08:24.852  4034  4034 D StrictMode: 	at android.preference.PreferenceManager.getDefaultSharedPreferences(PreferenceManager.java:487)
12-02 07:08:24.852  4034  4034 D StrictMode: 	at com.android.providers.contacts.FastScrollingIndexCache.getInstance(FastScrollingIndexCache.java:95)
12-02 07:08:24.852  4034  4034 D StrictMode: 	at com.android.providers.contacts.ContactsProvider2.initialize(ContactsProvider2.java:1600)
12-02 07:08:24.852  4034  4034 D StrictMode: 	at com.android.providers.contacts.ContactsProvider2.onCreate(ContactsProvider2.java:1575)
12-02 07:08:24.852  4034  4034 D StrictMode: 	at android.content.ContentProvider.attachInfo(ContentProvider.java:1753)
12-02 07:08:24.852  4034  4034 D StrictMode: 	at android.content.ContentProvider.attachInfo(ContentProvider.java:1728)
12-02 07:08:24.852  4034  4034 D StrictMode: 	at android.app.ActivityThread.installProvider(ActivityThread.java:5920)
12-02 07:08:24.852  4034  4034 D StrictMode: 	at android.app.ActivityThread.installContentProviders(ActivityThread.java:5490)
12-02 07:08:24.852  4034  4034 D StrictMode: 	at android.app.ActivityThread.handleBindApplication(ActivityThread.java:5429)
12-02 07:08:24.852  4034  4034 D StrictMode: 	at android.app.ActivityThread.-wrap2(ActivityThread.java)
12-02 07:08:24.852  4034  4034 D StrictMode: 	at android.app.ActivityThread$H.handleMessage(ActivityThread.java:1564)
12-02 07:08:24.852  4034  4034 D StrictMode: 	at android.os.Handler.dispatchMessage(Handler.java:102)
12-02 07:08:24.852  4034  4034 D StrictMode: 	at android.os.Looper.loop(Looper.java:154)
12-02 07:08:24.852  4034  4034 D StrictMode: 	at android.app.ActivityThread.main(ActivityThread.java:6186)
12-02 07:08:24.852  4034  4034 D StrictMode: 	at java.lang.reflect.Method.invoke(Native Method)
12-02 07:08:24.852  4034  4034 D StrictMode: 	at com.android.internal.os.ZygoteInit$MethodAndArgsCaller.run(ZygoteInit.java:889)
12-02 07:08:24.852  4034  4034 D StrictMode: 	at com.android.internal.os.ZygoteInit.main(ZygoteInit.java:779)
12-02 07:08:24.875  4034  4034 I ContactsUpgradeReceiver: Creating or opening contacts database
12-02 07:08:25.018  4034  4052 I ContactsProviderV1: Bootstrapping database legacy support
12-02 07:08:25.089  3928  3934 I chatty  : uid=10011(com.android.providers.media) Jit thread pool expire 7 lines
12-02 07:08:25.253  4034  4054 I CallLogDatabaseHelper: Migrating from old tables...
12-02 07:08:25.254  4034  4054 I CallLogDatabaseHelper: Source tables don't exist.
12-02 07:08:25.315  4016  4016 I CalendarProvider2: Sending notification intent: Intent { act=android.intent.action.PROVIDER_CHANGED dat=content://com.android.calendar flg=0x20000000 }
12-02 07:08:25.315  4016  4016 W ContentResolver: Failed to get type for: content://com.android.calendar (Unknown URL content://com.android.calendar)
12-02 07:08:25.350  4034  4052 I ContactLocale: AddressBook Labels [[en_US]]: [, A, B, C, D, E, F, G, H, I, J, K, L, M, N, O, P, Q, R, S, T, U, V, W, X, Y, Z, , , , , , , , , , , , , , , , , , , , , , , , , , , , , , , , , , , , , , , , , , , , , , , , , , , , , , , , , , , , , , , , , , , , , , , , , , , , , , , , , , , , , , , , , , , , , , , , , , , , , , , , , , , , , , , , , , , , , , , , , , , , , , , , , , , , , , , , , , , , , , , , , , , , , , , , , , , , , , , , , , , , , , , , , , , , , , , , , , , , , , , , , , , #, ]
12-02 07:08:25.386  4034  4034 I ContactsDatabaseHelper: Bootstrapping database version: 1111
12-02 07:08:25.452  3424  3424 E PhoneInterfaceManager: [PhoneIntfMgr] getCarrierPackageNamesForIntent: No UICC
12-02 07:08:25.452  3424  3424 D CarrierSvcBindHelper: No carrier app for: 0
12-02 07:08:25.458  3424  3424 E PhoneInterfaceManager: [PhoneIntfMgr] getCarrierPackageNamesForIntent: No UICC
12-02 07:08:25.458  3424  3424 D CarrierSvcBindHelper: No carrier app for: 0
12-02 07:08:25.458  3033  3124 I chatty  : uid=1000(system) InputReader expire 10 lines
12-02 07:08:25.461  4034  4054 I CallLogDatabaseHelper: Migrating from old tables...
12-02 07:08:25.469  3033  3051 I chatty  : uid=1000(system) android.bg expire 12 lines
12-02 07:08:25.499  2815  2815 I chatty  : uid=1041(audioserver) /system/bin/audioserver expire 1 line
12-02 07:08:25.499  2769  2769 I glgps47531: type=1400 audit(0.0:200): avc: denied { read } for ppid=1 ppid_comm="init" scontext=u:r:gpsd:s0 tcontext=u:r:gpsd:s0 tclass=netlink_kobject_uevent_socket permissive=1
12-02 07:08:25.508  2735  2735 D gpsd    : WakeLock(Acquire,GPSD)
12-02 07:08:25.508  2735  2735 I gpsd_d  : CustomerModule::OnMessage, MSG_UEVENT_NOTIFY (cnt:3)
12-02 07:08:25.508  2735  2735 D gpsd    : WakeLock(Release,GPSD)
12-02 07:08:25.509  3033  3884 I chatty  : uid=1000(system) Binder:3033_9 expire 1 line
12-02 07:08:25.545  4034  4034 I ContactsProviderV1: Bootstrapping database legacy support
12-02 07:08:25.562  4034  4054 I CallLogDatabaseHelper: Source tables don't exist.
12-02 07:08:25.733  4034  4034 I ContactsProvider: Locale has changed from null to [en_US]
12-02 07:08:25.735  4034  4034 I ContactsDatabaseHelper: Switching to locale [en_US] (ICU v56.1)
12-02 07:08:25.842  4034  4034 I ContactsDatabaseHelper: Locale change completed in 107ms
12-02 07:08:25.844  4034  4034 I ContactsDatabaseHelper: Switching to locale [en_US] (ICU v56.1)
12-02 07:08:25.944  4034  4034 I ContactsDatabaseHelper: Locale change completed in 100ms
12-02 07:08:26.022  3033  3451 I PreBootBroadcaster: Pre-boot of {com.android.providers.media/com.android.providers.media.MediaUpgradeReceiver} for user 0
12-02 07:08:26.035  3033  3451 I ActivityManager: Start proc 4060:com.android.calendar/u0a34 for broadcast com.android.calendar/.alerts.AlertReceiver
12-02 07:08:26.039  3033  3033 D ZenLog  : disable_effects: 0|android|0|PreBootBroadcaster|1000,booleanState
12-02 07:08:26.076  4034  4052 D ContactDirectoryManager: Found com.android.exchange.directory.provider
12-02 07:08:26.092  3033  3451 I ActivityManager: Start proc 4074:com.android.exchange/u0a42 for content provider com.android.exchange/.provider.ExchangeDirectoryProvider
12-02 07:08:26.146  4088  4088 E cutils-trace: Error opening trace file: No such file or directory (2)
12-02 07:08:26.146  4088  4088 E patchoat: Failed to open output oat file /data/dalvik-cache/arm64/system@app@Calendar@Calendar.apk@classes.dex: Permission denied(13)
12-02 07:08:26.160  4060  4060 W art     : Failed execv(/system/bin/patchoat --instruction-set=arm64 --input-oat-file=/system/app/Calendar/oat/arm64/Calendar.odex --output-oat-file=/data/dalvik-cache/arm64/system@app@Calendar@Calendar.apk@classes.dex --patched-image-location=/system/framework/boot.art) because non-0 exit status
12-02 07:08:26.162  4060  4060 W System  : ClassLoader referenced unknown path: /system/app/Calendar/lib/arm64
12-02 07:08:26.241  4090  4090 E cutils-trace: Error opening trace file: No such file or directory (2)
12-02 07:08:26.242  4090  4090 E patchoat: Failed to open output oat file /data/dalvik-cache/arm64/system@app@Exchange2@Exchange2.apk@classes.dex: Permission denied(13)
12-02 07:08:26.244  4074  4074 W art     : Failed execv(/system/bin/patchoat --instruction-set=arm64 --input-oat-file=/system/app/Exchange2/oat/arm64/Exchange2.odex --output-oat-file=/data/dalvik-cache/arm64/system@app@Exchange2@Exchange2.apk@classes.dex --patched-image-location=/system/framework/boot.art) because non-0 exit status
12-02 07:08:26.245  4074  4074 W System  : ClassLoader referenced unknown path: /system/app/Exchange2/lib/arm64
12-02 07:08:26.263  4060  4060 D ExtensionsFactory: No custom extensions.
12-02 07:08:26.282  4060  4060 D AlertReceiver: onReceive: a=android.intent.action.PROVIDER_CHANGED Intent { act=android.intent.action.PROVIDER_CHANGED dat=content://com.android.calendar flg=0x20000010 cmp=com.android.calendar/.alerts.AlertReceiver }
12-02 07:08:26.316  4060  4060 D AlertUtils: Flushing old alerts from shared prefs table
12-02 07:08:26.330  3033  3504 I ActivityManager: Start proc 4098:com.android.email/u0a44 for content provider com.android.email/.provider.EmailProvider
12-02 07:08:26.336  4060  4096 D AlertService: 0 Action = android.intent.action.PROVIDER_CHANGED
12-02 07:08:26.337  4034  4052 I ContactDirectoryManager: deleted 0 stale rows which don't have any relevant directory
12-02 07:08:26.358  4034  4052 I ContactDirectoryManager: Discovered 0 contact directories in 343ms
12-02 07:08:26.363  3033  3452 I ActivityManager: Start proc 4114:com.cyanogenmod.lockclock/u0a51 for broadcast com.cyanogenmod.lockclock/.ClockWidgetProvider
12-02 07:08:26.396  4034  4052 I ContactsProvider: Upgrading aggregation algorithm
12-02 07:08:26.439  4128  4128 E cutils-trace: Error opening trace file: No such file or directory (2)
12-02 07:08:26.439  4128  4128 E patchoat: Failed to open output oat file /data/dalvik-cache/arm64/system@app@Email@Email.apk@classes.dex: Permission denied(13)
12-02 07:08:26.454  4098  4098 W art     : Failed execv(/system/bin/patchoat --instruction-set=arm64 --input-oat-file=/system/app/Email/oat/arm64/Email.odex --output-oat-file=/data/dalvik-cache/arm64/system@app@Email@Email.apk@classes.dex --patched-image-location=/system/framework/boot.art) because non-0 exit status
12-02 07:08:26.456  4098  4098 W System  : ClassLoader referenced unknown path: /system/app/Email/lib/arm64
12-02 07:08:26.526  4034  4052 I ContactAggregator: Marked all visible contacts for aggregation: 0 raw contacts, 35 ms
12-02 07:08:26.539  4129  4129 E cutils-trace: Error opening trace file: No such file or directory (2)
12-02 07:08:26.539  4129  4129 E patchoat: Failed to open output oat file /data/dalvik-cache/arm64/system@app@LockClock@LockClock.apk@classes.dex: Permission denied(13)
12-02 07:08:26.542  4114  4114 W art     : Failed execv(/system/bin/patchoat --instruction-set=arm64 --input-oat-file=/system/app/LockClock/oat/arm64/LockClock.odex --output-oat-file=/data/dalvik-cache/arm64/system@app@LockClock@LockClock.apk@classes.dex --patched-image-location=/system/framework/boot.art) because non-0 exit status
12-02 07:08:26.547  4114  4114 W System  : ClassLoader referenced unknown path: /system/app/LockClock/lib/arm64
12-02 07:08:26.635  4034  4052 I ContactsProvider: Aggregation algorithm upgraded for 0 raw contacts in 239ms
12-02 07:08:26.652  4098  4098 D ActivityThread: Loading provider com.android.email.provider;com.android.email.notifier: com.android.email.provider.EmailProvider
12-02 07:08:26.656  3928  3928 I MediaUpgradeReceiver: ---> Start upgrade of media database external.db
12-02 07:08:26.683  4098  4136 D ActivityThread: Loading provider com.android.email.provider;com.android.email.notifier: com.android.email.provider.EmailProvider
12-02 07:08:26.688  4098  4137 D ActivityThread: Loading provider com.android.email.provider;com.android.email.notifier: com.android.email.provider.EmailProvider
12-02 07:08:26.695  3928  3928 I MediaUpgradeReceiver: <--- Finished upgrade of media database external.db in 39ms
12-02 07:08:26.696  3033  3451 I PreBootBroadcaster: Pre-boot of {com.android.settings/com.android.settings.SettingsInitialize} for user 0
12-02 07:08:26.701  3033  3033 D ZenLog  : disable_effects: 0|android|0|PreBootBroadcaster|1000,booleanState
12-02 07:08:26.773  4034  4052 I ContactsFTS: Rebuild contact search index in 99ms, 0 contacts
12-02 07:08:26.941  3033  3451 W ActivityManager: Unable to start service Intent { act=com.android.mail.action.BACKUP_DATA_CHANGED pkg=com.android.email } U=0: not found
12-02 07:08:26.945  3033  3452 W ActivityManager: Unable to start service Intent { act=com.android.mail.action.BACKUP_DATA_CHANGED pkg=com.android.email } U=0: not found
12-02 07:08:26.951  3033  3495 W ActivityManager: Unable to start service Intent { cmp=com.android.email/.service.AttachmentService } U=0: not found
12-02 07:08:26.953  3033  3884 W ActivityManager: Unable to start service Intent { act=com.android.mail.action.BACKUP_DATA_CHANGED pkg=com.android.email } U=0: not found
12-02 07:08:26.957  3033  3911 W ActivityManager: Unable to start service Intent { act=com.android.mail.action.BACKUP_DATA_CHANGED pkg=com.android.email } U=0: not found
12-02 07:08:26.962  3033  3452 W ActivityManager: Unable to start service Intent { act=com.android.mail.action.BACKUP_DATA_CHANGED pkg=com.android.email } U=0: not found
12-02 07:08:26.967  3033  3050 W ActivityManager: Unable to start service Intent { act=com.android.mail.action.BACKUP_DATA_CHANGED pkg=com.android.email } U=0: not found
12-02 07:08:26.973  3033  3911 W ActivityManager: Unable to start service Intent { act=com.android.mail.action.BACKUP_DATA_CHANGED pkg=com.android.email } U=0: not found
12-02 07:08:26.983  3033  3452 W ActivityManager: Unable to start service Intent { cmp=com.android.email/.service.AttachmentService } U=0: not found
12-02 07:08:26.989  4098  4143 I Email   : Observing account changes for notifications
12-02 07:08:26.993  3033  3911 W ActivityManager: Unable to start service Intent { cmp=com.android.email/.service.AttachmentService } U=0: not found
12-02 07:08:27.014  4074  4074 I Exchange: EasService.onCreate
12-02 07:08:27.039  4074  4147 I Exchange: RestartPingTask
12-02 07:08:27.042  3033  3451 W ActivityManager: Unable to start service Intent { cmp=com.android.email/.service.AttachmentService } U=0: not found
12-02 07:08:27.047  3033  3504 I PreBootBroadcaster: Pre-boot of {org.cyanogenmod.cmsettings/org.cyanogenmod.cmsettings.PreBootReceiver} for user 0
12-02 07:08:27.053  3033  3033 D ZenLog  : disable_effects: 0|android|0|PreBootBroadcaster|1000,booleanState
12-02 07:08:27.068  4098  4141 W art     : Long monitor contention with owner AsyncTask #2 (4137) at void android.os.StrictMode.setVmPolicy(android.os.StrictMode$VmPolicy)(StrictMode.java:1658) waiters=0 in void com.android.email.provider.AccountReconciler.reconcileAccounts(android.content.Context) for 351ms
12-02 07:08:27.093  4074  4074 I Exchange: RestartPingsTask did not start any pings.
12-02 07:08:27.094  4074  4074 I Exchange: PSS stopIfIdle
12-02 07:08:27.094  4074  4074 I Exchange: PSS has no active accounts; stopping service.
12-02 07:08:27.095  3033  3033 D ActivityManager: Sending BOOT_COMPLETE user #0
12-02 07:08:27.116  3033  3112 I ActivityManager: Start proc 4160:org.cyanogenmod.cmparts/1000 for broadcast org.cyanogenmod.cmparts/.BootReceiver
12-02 07:08:27.129  2784  2784 I mali-renderer: type=1400 audit(0.0:201): avc: denied { ioctl } for ppid=1 ppid_comm="init" path="/dev/mali0" dev="tmpfs" ino=6795 ioctlcmd=821c scontext=u:r:surfaceflinger:s0 tcontext=u:object_r:device:s0 tclass=chr_file permissive=1
12-02 07:08:27.132  4074  4074 I Exchange: onDestroy
12-02 07:08:27.135  4074  4074 I Exchange: EasService.onCreate
12-02 07:08:27.172  4074  4174 I Exchange: RestartPingTask
12-02 07:08:27.219  4175  4175 E cutils-trace: Error opening trace file: No such file or directory (2)
12-02 07:08:27.220  4175  4175 E patchoat: Failed to open output oat file /data/dalvik-cache/arm64/system@priv-app@CMParts@CMParts.apk@classes.dex: Permission denied(13)
12-02 07:08:27.223  4160  4160 I chatty  : uid=1000(system) org.cyanogenmod.cmparts expire 2 lines
12-02 07:08:27.259  4074  4074 I Exchange: RestartPingsTask did not start any pings.
12-02 07:08:27.259  4074  4074 I Exchange: PSS stopIfIdle
12-02 07:08:27.259  4074  4074 I Exchange: PSS has no active accounts; stopping service.
12-02 07:08:27.261  4074  4074 I Exchange: onDestroy
12-02 07:08:27.354  3033  4180 E BootReceiver: Error reading /data/system/last-header.txt
12-02 07:08:27.354  3033  4180 E BootReceiver: java.io.FileNotFoundException: /data/system/last-header.txt (No such file or directory)
12-02 07:08:27.354  3033  4180 E BootReceiver: 	at java.io.FileInputStream.open(Native Method)
12-02 07:08:27.354  3033  4180 E BootReceiver: 	at java.io.FileInputStream.<init>(FileInputStream.java:146)
12-02 07:08:27.354  3033  4180 E BootReceiver: 	at android.os.FileUtils.readTextFile(FileUtils.java:263)
12-02 07:08:27.354  3033  4180 E BootReceiver: 	at com.android.server.BootReceiver.getPreviousBootHeaders(BootReceiver.java:121)
12-02 07:08:27.354  3033  4180 E BootReceiver: 	at com.android.server.BootReceiver.getBootHeadersToLogAndUpdate(BootReceiver.java:143)
12-02 07:08:27.354  3033  4180 E BootReceiver: 	at com.android.server.BootReceiver.logBootEvents(BootReceiver.java:163)
12-02 07:08:27.354  3033  4180 E BootReceiver: 	at com.android.server.BootReceiver.-wrap2(BootReceiver.java)
12-02 07:08:27.354  3033  4180 E BootReceiver: 	at com.android.server.BootReceiver$1.run(BootReceiver.java:93)
12-02 07:08:27.364  3033  4180 I chatty  : uid=1000 system_server expire 6 lines
12-02 07:08:27.370  3424  3424 D CarrierConfigLoader: mHandler: 13 phoneId: 0
12-02 07:08:27.371  3424  3424 D CarrierConfigLoader: mHandler: 7 phoneId: 0
12-02 07:08:27.372  3424  3424 E CarrierConfigLoader: Failed to get package version for: com.android.carrierconfig
12-02 07:08:27.372  3424  3424 D CarrierConfigLoader: Binding to com.android.carrierconfig for phone 0
12-02 07:08:27.376  3033  4180 I BootReceiver: No existing last log timestamp file /data/system/log-files.xml; starting empty
12-02 07:08:27.377  3033  3884 W ActivityManager: Unable to start service Intent { act=android.service.carrier.CarrierService pkg=com.android.carrierconfig } U=0: not found
12-02 07:08:27.383  3033  4180 I BootReceiver: Copying audit failures to DropBox
12-02 07:08:27.383  3033  4180 I BootReceiver: Checking for fsck errors
12-02 07:08:27.384  3033  4180 I BootReceiver: Copying /dev/fscklogs/log to DropBox (SYSTEM_FSCK)
12-02 07:08:27.395  4060  4060 D AlertReceiver: onReceive: a=android.intent.action.BOOT_COMPLETED Intent { act=android.intent.action.BOOT_COMPLETED flg=0x9000010 cmp=com.android.calendar/.alerts.AlertReceiver (has extras) }
12-02 07:08:27.413  3033  3270 I ActivityManager: Start proc 4182:com.android.camera2/u0a36 for broadcast com.android.camera2/com.android.camera.DisableCameraReceiver
12-02 07:08:27.415  3033  3033 I Telecom : PhoneAccountRegistrar: SimCallManager queried, returning: null: TSI.gSCMFU@AAY
12-02 07:08:27.500  4196  4196 E cutils-trace: Error opening trace file: No such file or directory (2)
12-02 07:08:27.500  4196  4196 E patchoat: Failed to open output oat file /data/dalvik-cache/arm64/system@app@Camera2@Camera2.apk@classes.dex: Permission denied(13)
