12-02 07:08:27.504  4182  4182 W art     : Failed execv(/system/bin/patchoat --instruction-set=arm64 --input-oat-file=/system/app/Camera2/oat/arm64/Camera2.odex --output-oat-file=/data/dalvik-cache/arm64/system@app@Camera2@Camera2.apk@classes.dex --patched-image-location=/system/framework/boot.art) because non-0 exit status
12-02 07:08:27.511  2705  2705 I chatty  : uid=1000(system) /system/bin/thermal-daemon expire 10 lines
12-02 07:08:27.585  4182  4182 I CAM_Profiler: [ 20.630ms][ui] GUARD: CameraApp onCreate() - STOP
12-02 07:08:27.622  4182  4182 I CAM_DisableCamRcver: number of camera: 0
12-02 07:08:27.622  4182  4182 I CAM_DisableCamRcver: disable all camera activities
12-02 07:08:27.653  3757  3757 I AlarmClock: AlarmInitReceiver android.intent.action.BOOT_COMPLETED
12-02 07:08:27.752  4098  4098 D BluetoothEmailBroadcastReceiver: Received android.intent.action.BOOT_COMPLETED
12-02 07:08:27.767  3033  3495 I ActivityManager: Start proc 4203:com.android.gallery3d/u0a15 for broadcast com.android.gallery3d/com.android.camera.DisableCameraReceiver
12-02 07:08:27.792  4098  4201 I Email   : Onetime initialization: 1
12-02 07:08:27.795  4098  4201 I Email   : Onetime initialization: 2
12-02 07:08:27.817  4098  4201 I Email   : Onetime initialization: completed.
12-02 07:08:27.863  4074  4074 I Exchange: EasService.onCreate
12-02 07:08:27.885  4074  4219 I Exchange: RestartPingTask
12-02 07:08:27.897  4217  4217 E cutils-trace: Error opening trace file: No such file or directory (2)
12-02 07:08:27.897  4217  4217 E patchoat: Failed to open output oat file /data/dalvik-cache/arm/system@priv-app@Gallery2@Gallery2.apk@classes.dex: Permission denied(13)
12-02 07:08:27.912  4203  4203 W art     : Failed execv(/system/bin/patchoat --instruction-set=arm --input-oat-file=/system/priv-app/Gallery2/oat/arm/Gallery2.odex --output-oat-file=/data/dalvik-cache/arm/system@priv-app@Gallery2@Gallery2.apk@classes.dex --patched-image-location=/system/framework/boot.art) because non-0 exit status
12-02 07:08:27.946  4074  4074 I Exchange: RestartPingsTask did not start any pings.
12-02 07:08:27.946  4074  4074 I Exchange: PSS stopIfIdle
12-02 07:08:27.946  4074  4074 I Exchange: PSS has no active accounts; stopping service.
12-02 07:08:27.952  4074  4074 I Exchange: onDestroy
12-02 07:08:28.123  4203  4203 I G:DisableCameraReceiver: no back camera
12-02 07:08:28.123  4203  4203 I G:DisableCameraReceiver: disable all camera activities
12-02 07:08:28.160  3211  3211 I SystemBroadcastReceiver: Boot has been completed
12-02 07:08:28.161  3211  3211 I SystemBroadcastReceiver: toggleAppIcon() : FLAG_SYSTEM = true
12-02 07:08:28.207  3033  3451 I ActivityManager: Start proc 4221:com.android.onetimeinitializer/u0a13 for broadcast com.android.onetimeinitializer/.OneTimeInitializerReceiver
12-02 07:08:28.293  4235  4235 E cutils-trace: Error opening trace file: No such file or directory (2)
12-02 07:08:28.294  4235  4235 E patchoat: Failed to open output oat file /data/dalvik-cache/arm64/system@priv-app@OneTimeInitializer@OneTimeInitializer.apk@classes.dex: Permission denied(13)
12-02 07:08:28.301  4221  4221 W art     : Failed execv(/system/bin/patchoat --instruction-set=arm64 --input-oat-file=/system/priv-app/OneTimeInitializer/oat/arm64/OneTimeInitializer.odex --output-oat-file=/data/dalvik-cache/arm64/system@priv-app@OneTimeInitializer@OneTimeInitializer.apk@classes.dex --patched-image-location=/system/framework/boot.art) because non-0 exit status
12-02 07:08:28.303  4221  4221 W System  : ClassLoader referenced unknown path: /system/priv-app/OneTimeInitializer/lib/arm64
12-02 07:08:28.351  4221  4221 V OneTimeInitializerRece: OneTimeInitializerReceiver.onReceive
12-02 07:08:28.382  4221  4237 I OneTimeInitializerServ: Updating to version 1.
12-02 07:08:28.392  4221  4237 E ActivityThread: Failed to find provider info for com.android.launcher2.settings
12-02 07:08:28.410  3424  3424 V VvmBootCompletedRcvr: processing subId list
12-02 07:08:28.427  2717  3430 E WVMExtractor: Failed to open libwvm.so: dlopen failed: library "libwvm.so" not found
12-02 07:08:28.433  2716  2803 I FFmpegExtractor: android-source:0xf4def200
12-02 07:08:28.438  4034  4034 I BootCompletedReceiver: Boot complete, newly created contact database detected. Pref Time:  DB Time: 1733162904751
12-02 07:08:28.442  2716  2803 I FFMPEG  : [mp3 @ 0xf3962c00] Skipping 0 bytes of junk at 0.
12-02 07:08:28.442  2716  2803 D FFmpegExtractor: supported codec (mp3) by official Stagefright
12-02 07:08:28.442  2716  2803 D FFmpegExtractor: ffmpeg detected media content as 'audio/mpeg' with confidence 0.08
12-02 07:08:28.452  4034  4034 I ContactsProvider: onContactsDbCreated
12-02 07:08:28.539  3033  3495 I ActivityManager: Start proc 4245:com.cyanogenmod.trebuchet/u0a25 for broadcast com.cyanogenmod.trebuchet/com.android.launcher3.StartupReceiver
12-02 07:08:28.631  4262  4262 I chatty  : uid=10025(com.cyanogenmod.trebuchet) /system/bin/patchoat expire 2 lines
12-02 07:08:28.636  4245  4245 I chatty  : uid=10025(com.cyanogenmod.trebuchet) expire 5 lines
12-02 07:08:28.823  3834  4267 D AudioFx-AudioOutputChangeListener: onAudioOutputChanged id: 2 type: 2 name: M2-A01W address:  [android.media.AudioDeviceInfo@54e9dc5]
12-02 07:08:28.830  3834  3834 D AudioFxService: rebuilding presets due to preference upgrade from 0 to 4
12-02 07:08:28.841  2708  2970 I chatty  : uid=1041(audioserver) Binder:2708_1 expire 1 line
12-02 07:08:28.843  3834  3834 W Equalizer: WARNING: attaching an Equalizer to global output mix is deprecated!
12-02 07:08:28.846  3834  3834 W BassBoost: WARNING: attaching a BassBoost to global output mix is deprecated!
12-02 07:08:28.848  3834  3834 W Virtualizer: WARNING: attaching a Virtualizer to global output mix is deprecated!
12-02 07:08:28.858  3033  3050 I ActivityManager: Start proc 4271:org.cyanogenmod.profiles/u0a52 for broadcast org.cyanogenmod.profiles/.StartUpReceiver
12-02 07:08:28.932  4160  4283 I chatty  : uid=1000(system) org.cyanogenmod.cmparts expire 1 line
12-02 07:08:28.957  4287  4287 E cutils-trace: Error opening trace file: No such file or directory (2)
12-02 07:08:28.958  4287  4287 E patchoat: Failed to open output oat file /data/dalvik-cache/arm64/system@app@Profiles@Profiles.apk@classes.dex: Permission denied(13)
12-02 07:08:28.960  4271  4271 W art     : Failed execv(/system/bin/patchoat --instruction-set=arm64 --input-oat-file=/system/app/Profiles/oat/arm64/Profiles.odex --output-oat-file=/data/dalvik-cache/arm64/system@app@Profiles@Profiles.apk@classes.dex --patched-image-location=/system/framework/boot.art) because non-0 exit status
12-02 07:08:28.964  4271  4271 W System  : ClassLoader referenced unknown path: /system/app/Profiles/lib/arm64
12-02 07:08:29.007  3033  3495 I ActivityManager: Start proc 4289:org.lineageos.updater/u0a23 for broadcast org.lineageos.updater/.UpdaterReceiver
12-02 07:08:29.091  4303  4303 E cutils-trace: Error opening trace file: No such file or directory (2)
12-02 07:08:29.091  4303  4303 E patchoat: Failed to open output oat file /data/dalvik-cache/arm64/system@priv-app@Updater@Updater.apk@classes.dex: Permission denied(13)
12-02 07:08:29.095  4289  4289 W art     : Failed execv(/system/bin/patchoat --instruction-set=arm64 --input-oat-file=/system/priv-app/Updater/oat/arm64/Updater.odex --output-oat-file=/data/dalvik-cache/arm64/system@priv-app@Updater@Updater.apk@classes.dex --patched-image-location=/system/framework/boot.art) because non-0 exit status
12-02 07:08:29.098  4289  4289 W System  : ClassLoader referenced unknown path: /system/priv-app/Updater/lib/arm64
12-02 07:08:29.160  4289  4289 D Utils   : Cleaning /data/lineageos_updates
12-02 07:08:29.223  4289  4289 D UpdatesCheckReceiver: Setting daily updates check: Tue Dec 03 18:09:06 GMT+00:00 2024
12-02 07:08:29.226  4289  4289 D UpdatesCheckReceiver: Network not available, scheduling new check
12-02 07:08:29.228  4289  4289 D UpdatesCheckReceiver: Setting one-shot updates check: Mon Dec 02 20:08:29 GMT+00:00 2024
12-02 07:08:29.233  3424  3424 I VvmSimChangeReceiver: Received SIM change for invalid subscription id.
12-02 07:08:29.252  3424  4307 D SIP     : [SipPreferences] isReceivingCallsEnabled, option not set; use default value, exception: android.provider.Settings$SettingNotFoundException: sip_receive_calls
12-02 07:08:31.338  4060  4096 I GlobalDismissManager: no sender configured
12-02 07:08:31.339  4060  4096 D AlertService: Beginning updateAlertNotification
12-02 07:08:31.426  4060  4096 D AlertService: No fired or scheduled alerts
12-02 07:08:31.441  4060  4096 D AlertService: Scheduling next alarm with AlarmScheduler. sEventReminderReceived: null
12-02 07:08:31.458  4060  4096 D AlarmScheduler: No events found starting within 1 week.
12-02 07:08:31.461  4060  4096 D AlertService: 0 Action = android.intent.action.BOOT_COMPLETED
12-02 07:08:31.469  4060  4096 D AlertService: Scheduling next alarm with AlarmScheduler. sEventReminderReceived: null
12-02 07:08:31.483  4060  4096 D AlarmScheduler: No events found starting within 1 week.
12-02 07:08:31.595  2716  3505 I FFmpegExtractor: android-source:0xf65eae00
12-02 07:08:31.600  2716  3505 I FFMPEG  : [mp3 @ 0xf3962600] Skipping 0 bytes of junk at 0.
12-02 07:08:31.600  2716  3505 D FFmpegExtractor: supported codec (mp3) by official Stagefright
12-02 07:08:31.600  2716  3505 D FFmpegExtractor: ffmpeg detected media content as 'audio/mpeg' with confidence 0.08
12-02 07:08:31.601  2717  3296 E MetadataRetrieverClient: failed to extract an album art
12-02 07:08:31.642  3928  3998 I chatty  : uid=10011(com.android.providers.media) android.process.media expire 144 lines
12-02 07:08:32.709  2748  2748 I rild    : type=1400 audit(0.0:202): avc: denied { write } for ppid=1 ppid_comm="init" name="oeminfo_nvm" dev="tmpfs" ino=9464 scontext=u:r:rild:s0 tcontext=u:object_r:socket_device:s0 tclass=sock_file permissive=1
12-02 07:08:32.709  2748  2748 I rild    : type=1400 audit(0.0:203): avc: denied { connectto } for ppid=1 ppid_comm="init" path="/dev/socket/oeminfo_nvm" scontext=u:r:rild:s0 tcontext=u:r:oeminfo_nvm:s0 tclass=unix_stream_socket permissive=1
12-02 07:08:32.709  2553  2553 I oeminfo_nvm_ser: type=1400 audit(0.0:204): avc: denied { setattr } for ppid=1 ppid_comm="init" name="oinv" dev="tmpfs" ino=9462 scontext=u:r:oeminfo_nvm:s0 tcontext=u:object_r:device:s0 tclass=dir permissive=1
12-02 07:08:32.709  2553  2553 I oeminfo_nvm_ser: type=1400 audit(0.0:205): avc: denied { fsetid } for ppid=1 ppid_comm="init" capability=4 scontext=u:r:oeminfo_nvm:s0 tcontext=u:r:oeminfo_nvm:s0 tclass=capability permissive=1
12-02 07:08:32.709  2553  2553 I oeminfo_nvm_ser: type=1400 audit(0.0:206): avc: denied { read write } for ppid=1 ppid_comm="init" name="mmcblk0p8" dev="tmpfs" ino=6848 scontext=u:r:oeminfo_nvm:s0 tcontext=u:object_r:block_device:s0 tclass=blk_file permissive=1
12-02 07:08:32.709  2553  2553 I oeminfo_nvm_ser: type=1400 audit(0.0:207): avc: denied { open } for ppid=1 ppid_comm="init" path="/dev/block/mmcblk0p8" dev="tmpfs" ino=6848 scontext=u:r:oeminfo_nvm:s0 tcontext=u:object_r:block_device:s0 tclass=blk_file permissive=1
12-02 07:08:32.709  2553  2553 I oeminfo_nvm_ser: type=1400 audit(0.0:208): avc: denied { ioctl } for ppid=1 ppid_comm="init" path="/dev/block/mmcblk0p8" dev="tmpfs" ino=6848 ioctlcmd=1260 scontext=u:r:oeminfo_nvm:s0 tcontext=u:object_r:block_device:s0 tclass=blk_file permissive=1
12-02 07:08:32.715  2553  2553 D OEMINFO_NVM_SERVER: Accept connection from pid 2704 (******), uid: 1001, gid: 1001
12-02 07:08:32.715  2553  2553 D OEMINFO_NVM_SERVER: Receive: opr = 4, idx = 44, len = 0, name()
12-02 07:08:32.715  2553  2553 I OEMINFO_NVM_CORE: compat_oeminfo_get_info: version v3
12-02 07:08:32.717  2553  2553 I OEMINFO_NVM_CORE: find oeminfo device /dev/block/mmcblk0p8
12-02 07:08:32.809  3974  3974 I RenderThread: type=1400 audit(0.0:209): avc: denied { read write } for ppid=2706 ppid_comm="main" path="/dev/mali0" dev="tmpfs" ino=6795 scontext=u:r:system_app:s0 tcontext=u:object_r:device:s0 tclass=chr_file permissive=1
12-02 07:08:32.835  2708  3681 I chatty  : uid=1041(audioserver) Binder:2708_2 expire 1 line
12-02 07:08:32.836  3033  3495 I ActivityManager: START u0 {act=com.android.wizard.NEXT cmp=com.cyanogenmod.setupwizard/.wizardmanager.WizardManager (has extras)} from uid 1000 on display 0
12-02 07:08:32.839  2695  2695 I chatty  : uid=1000(system) /system/bin/surfaceflinger expire 3 lines
12-02 07:08:32.862  2553  2553 I OEMINFO_NVM_CORE: find oeminfo item @ offset 0x7fb304d000
12-02 07:08:32.865  3033  3495 I ActivityManager: START u0 {act=com.cyanogenmod.setupwizard.LINEAGE_LOCALE flg=0x4000000 cmp=com.cyanogenmod.setupwizard/.LocaleActivity (has extras)} from uid 1000 on display 0
12-02 07:08:32.869  2553  2553 I oeminfo_nvm_ser: type=1400 audit(0.0:211): avc: denied { write } for ppid=1 ppid_comm="init" name="oinv" dev="tmpfs" ino=9462 scontext=u:r:oeminfo_nvm:s0 tcontext=u:object_r:device:s0 tclass=dir permissive=1
12-02 07:08:32.869  2553  2553 I oeminfo_nvm_ser: type=1400 audit(0.0:212): avc: denied { add_name } for ppid=1 ppid_comm="init" name="1733162912.874422.2704" scontext=u:r:oeminfo_nvm:s0 tcontext=u:object_r:device:s0 tclass=dir permissive=1
12-02 07:08:32.869  2553  2553 I oeminfo_nvm_ser: type=1400 audit(0.0:213): avc: denied { create } for ppid=1 ppid_comm="init" name="1733162912.874422.2704" scontext=u:r:oeminfo_nvm:s0 tcontext=u:object_r:device:s0 tclass=file permissive=1
12-02 07:08:32.869  2553  2553 I oeminfo_nvm_ser: type=1400 audit(0.0:214): avc: denied { write open } for ppid=1 ppid_comm="init" path="/dev/oinv/1733162912.874422.2704" dev="tmpfs" ino=15922 scontext=u:r:oeminfo_nvm:s0 tcontext=u:object_r:device:s0 tclass=file permissive=1
12-02 07:08:32.869  2553  2553 I oeminfo_nvm_ser: type=1400 audit(0.0:215): avc: denied { setattr } for ppid=1 ppid_comm="init" name="1733162912.874422.2704" dev="tmpfs" ino=15922 scontext=u:r:oeminfo_nvm:s0 tcontext=u:object_r:device:s0 tclass=file permissive=1
12-02 07:08:32.869  2553  2553 I oeminfo_nvm_ser: type=1400 audit(0.0:216): avc: denied { chown } for ppid=1 ppid_comm="init" capability=0 scontext=u:r:oeminfo_nvm:s0 tcontext=u:r:oeminfo_nvm:s0 tclass=capability permissive=1
12-02 07:08:32.869  2553  2553 I oeminfo_nvm_ser: type=1400 audit(0.0:217): avc: denied { fowner } for ppid=1 ppid_comm="init" capability=3 scontext=u:r:oeminfo_nvm:s0 tcontext=u:r:oeminfo_nvm:s0 tclass=capability permissive=1
12-02 07:08:32.869  2748  2748 I rild    : type=1400 audit(0.0:218): avc: denied { open } for ppid=1 ppid_comm="init" path="/dev/oinv/1733162912.874422.2704" dev="tmpfs" ino=15922 scontext=u:r:rild:s0 tcontext=u:object_r:device:s0 tclass=file permissive=1
12-02 07:08:32.869  2748  2748 I rild    : type=1400 audit(0.0:219): avc: denied { getattr } for ppid=1 ppid_comm="init" path="/dev/oinv/1733162912.874422.2704" dev="tmpfs" ino=15922 scontext=u:r:rild:s0 tcontext=u:object_r:device:s0 tclass=file permissive=1
12-02 07:08:32.869  2748  2748 I rild    : type=1400 audit(0.0:220): avc: denied { write } for ppid=1 ppid_comm="init" name="oinv" dev="tmpfs" ino=9462 scontext=u:r:rild:s0 tcontext=u:object_r:device:s0 tclass=dir permissive=1
12-02 07:08:32.869  2748  2748 I rild    : type=1400 audit(0.0:221): avc: denied { remove_name } for ppid=1 ppid_comm="init" name="1733162912.874422.2704" dev="tmpfs" ino=15922 scontext=u:r:rild:s0 tcontext=u:object_r:device:s0 tclass=dir permissive=1
12-02 07:08:32.869  2748  2748 I rild    : type=1400 audit(0.0:222): avc: denied { unlink } for ppid=1 ppid_comm="init" name="1733162912.874422.2704" dev="tmpfs" ino=15922 scontext=u:r:rild:s0 tcontext=u:object_r:device:s0 tclass=file permissive=1
12-02 07:08:32.875  2553  2553 E OEMINFO_NVM_SERVER: pid 2704, opration oeminfo_getinfo OK
12-02 07:08:32.876  2553  2553 D OEMINFO_NVM_SERVER: Accept connection from pid 2704 (******), uid: 1001, gid: 1001
12-02 07:08:32.876  2553  2553 D OEMINFO_NVM_SERVER: Receive: opr = 2, idx = 44, len = 32, name()
12-02 07:08:32.876  2553  2553 I OEMINFO_NVM_CORE: compat_oeminfo_read: version v3
12-02 07:08:32.877  2553  2553 I OEMINFO_NVM_CORE: find oeminfo device /dev/block/mmcblk0p8
12-02 07:08:32.878  2708  2960 I chatty  : uid=1041(audioserver) AudioOut_D expire 50 lines
12-02 07:08:32.939  2960  2960 I chatty  : uid=1041(audioserver) AudioOut_D expire 3 lines
12-02 07:08:33.014  2553  2553 I OEMINFO_NVM_CORE: find oeminfo item @ offset 0x7fb304d000
12-02 07:08:33.020  3033  3911 I chatty  : uid=1000(system) Binder:3033_B expire 1 line
12-02 07:08:33.028  2553  2553 E OEMINFO_NVM_SERVER: pid 2704, opration oeminfo_read OK
12-02 07:08:33.028  2704  2748 D ril_rore: Persist cert_key: fef2defbda11d182e492287f750f4d2d
12-02 07:08:33.028  2553  2553 D OEMINFO_NVM_SERVER: Accept connection from pid 2704 (******), uid: 1001, gid: 1001
12-02 07:08:33.028  2553  2553 D OEMINFO_NVM_SERVER: Receive: opr = 4, idx = 45, len = 0, name()
12-02 07:08:33.028  2553  2553 I OEMINFO_NVM_CORE: compat_oeminfo_get_info: version v3
12-02 07:08:33.029  2553  2553 I OEMINFO_NVM_CORE: find oeminfo device /dev/block/mmcblk0p8
12-02 07:08:33.163  2553  2553 I OEMINFO_NVM_CORE: find oeminfo item @ offset 0x7fb3049000
12-02 07:08:33.177  2553  2553 E OEMINFO_NVM_SERVER: pid 2704, opration oeminfo_getinfo OK
12-02 07:08:33.177  2553  2553 D OEMINFO_NVM_SERVER: Accept connection from pid 2704 (******), uid: 1001, gid: 1001
12-02 07:08:33.177  2553  2553 D OEMINFO_NVM_SERVER: Receive: opr = 2, idx = 45, len = 33, name()
12-02 07:08:33.177  2553  2553 I OEMINFO_NVM_CORE: compat_oeminfo_read: version v3
12-02 07:08:33.178  2553  2553 I OEMINFO_NVM_CORE: find oeminfo device /dev/block/mmcblk0p8
12-02 07:08:33.318  2553  2553 I OEMINFO_NVM_CORE: find oeminfo item @ offset 0x7fb3049000
12-02 07:08:33.333  2553  2553 E OEMINFO_NVM_SERVER: pid 2704, opration oeminfo_read OK
12-02 07:08:33.333  2704  2748 D ril_rore: Persist build_prop: afdabdcee51378d72402f14b07cf1047, type:0
12-02 07:08:33.333  2704  2748 D ril_rore: Current build_prop: 36abe734a2d274ac59296f6e889569e3
12-02 07:08:33.368  2704  2748 D ril_rore: cert index = 1
12-02 07:08:33.388  2704  2748 D ril_rore: Current cert_key: fef2defbda11d182e492287f750f4d2d
12-02 07:08:33.388  2704  2748 D ril_rore: cert no change
12-02 07:08:33.389  2553  2553 D OEMINFO_NVM_SERVER: Accept connection from pid 2704 (******), uid: 1001, gid: 1001
12-02 07:08:33.389  2553  2553 D OEMINFO_NVM_SERVER: Receive: opr = 2, idx = 35, len = 12, name()
12-02 07:08:33.389  2553  2553 I OEMINFO_NVM_CORE: compat_oeminfo_read: version v3
12-02 07:08:33.390  2553  2553 I OEMINFO_NVM_CORE: find oeminfo device /dev/block/mmcblk0p8
12-02 07:08:33.416  2695  2725 I chatty  : uid=1000(system) Binder:2695_2 expire 18 lines
12-02 07:08:33.428  3896  3974 I chatty  : uid=1000(system) RenderThread expire 2 lines
12-02 07:08:33.489  2695  3064 I chatty  : uid=1000(system) Binder:2695_3 expire 12 lines
12-02 07:08:33.493  2553  2553 I OEMINFO_NVM_CORE: find oeminfo item @ offset 0x7fb2ba1000
12-02 07:08:33.501  3033  3059 I chatty  : uid=1000(system) android.display expire 3 lines
12-02 07:08:33.506  2553  2553 E OEMINFO_NVM_SERVER: pid 2704, opration oeminfo_read OK
12-02 07:08:33.506  2704  2748 E ril_rore: 0, 0, 0
12-02 07:08:33.507  2553  2553 D OEMINFO_NVM_SERVER: Accept connection from pid 2704 (******), uid: 1001, gid: 1001
12-02 07:08:33.507  2553  2553 D OEMINFO_NVM_SERVER: Receive: opr = 2, idx = 103, len = 12, name()
12-02 07:08:33.507  2553  2553 I OEMINFO_NVM_CORE: compat_oeminfo_read: version v3
12-02 07:08:33.509  3033  4314 I chatty  : uid=1000(system) AudioTrack expire 1 line
12-02 07:08:33.510  2553  2553 I OEMINFO_NVM_CORE: find oeminfo device /dev/block/mmcblk0p8
12-02 07:08:33.767  2553  2553 E OEMINFO_NVM_CORE: cannot find oeminfo item 103
12-02 07:08:33.785  2553  2553 E OEMINFO_NVM_SERVER: oeminfo_read_data, fail to read oeminfo
12-02 07:08:33.785  2553  2553 E OEMINFO_NVM_SERVER: pid 2704, opration oeminfo_read FAIL
12-02 07:08:33.785  2704  2748 E         : rmt_oeminfo_read, get data from server fail
12-02 07:08:33.785  2704  2748 D ril_rore: System is normal
12-02 07:08:33.785  2704  2748 D ril_rore: RomDaemon finished
12-02 07:08:33.859  3896  3896 I chatty  : uid=1000(system) com.cyanogenmod.setupwizard expire 12 lines
12-02 07:08:33.865  2717  3296 E MetadataRetrieverClient: failed to extract an album art
12-02 07:08:33.893  3896  3905 I chatty  : uid=1000(system) FinalizerDaemon expire 2 lines
12-02 07:08:33.975  3757  3757 I AlarmClock: Detected change to system default alarm ringtone; clearing caches
12-02 07:08:34.382  2717  3319 E MetadataRetrieverClient: failed to extract an album art
12-02 07:08:35.500  3033  3885 I ActivityManager: START u0 {act=com.android.wizard.NEXT cmp=com.cyanogenmod.setupwizard/.wizardmanager.WizardManager (has extras)} from uid 1000 on display 0
12-02 07:08:35.531  3033  3885 I ActivityManager: START u0 {act=com.cyanogenmod.setupwizard.LINEAGE_DATETIME flg=0x4000000 cmp=com.cyanogenmod.setupwizard/.DateTimeActivity (has extras)} from uid 1000 on display 0
12-02 07:08:35.912  2695  2723 I chatty  : uid=1000(system) Binder:2695_1 expire 14 lines
12-02 07:08:35.951  2695  3544 I chatty  : uid=1000(system) Binder:2695_4 expire 20 lines
12-02 07:08:35.978  3033  3504 I chatty  : uid=1000(system) Binder:3033_8 expire 1 line
12-02 07:08:35.986  3033  3033 D ConditionProviders.SCP: onReceive android.intent.action.TIMEZONE_CHANGED
12-02 07:08:35.988  3033  3033 D ConditionProviders.SCP: notifyCondition condition://android/schedule?days=6.7&start=23.30&end=10.0&exitAtAlarm=false STATE_FALSE reason=!meetsSchedule
12-02 07:08:35.990  3033  3033 D ConditionProviders.SCP: notifyCondition condition://android/schedule?days=1.2.3.4.5&start=22.0&end=7.0&exitAtAlarm=false STATE_FALSE reason=!meetsSchedule
12-02 07:08:35.991  3033  3033 D ConditionProviders.SCP: Scheduling evaluate for Mon Dec 02 10:00:00 GMT-11:00 2024 (1733173200000), in +2h51m24s13ms, now=Mon Dec 02 07:08:35 GMT-11:00 2024 (1733162915987)
12-02 07:08:36.008  3757  3757 I AlarmClock: AlarmInitReceiver android.intent.action.TIMEZONE_CHANGED
12-02 07:08:36.049  3416  3416 I RenderThread: type=1400 audit(0.0:227): avc: denied { ioctl } for ppid=2706 ppid_comm="main" path="/dev/mali0" dev="tmpfs" ino=6795 ioctlcmd=8208 scontext=u:r:platform_app:s0:c512,c768 tcontext=u:object_r:device:s0 tclass=chr_file permissive=1
12-02 07:08:36.178  3928  3998 W MediaProvider: Missing volume for /system/media/audio/notifications/Bellatrix.ogg; assuming invalid
12-02 07:08:36.183  3928  3998 W MediaProvider: Missing volume for /system/media/audio/notifications/Beryllium.ogg; assuming invalid
12-02 07:08:36.187  3928  3998 W MediaProvider: Missing volume for /system/media/audio/notifications/Betelgeuse.ogg; assuming invalid
12-02 07:08:36.196  3928  3998 W MediaProvider: Missing volume for /system/media/audio/notifications/CaffeineSnake.ogg; assuming invalid
12-02 07:08:36.200  3928  3998 W MediaProvider: Missing volume for /system/media/audio/notifications/Canopus.ogg; assuming invalid
12-02 07:08:36.206  3928  3998 W MediaProvider: Missing volume for /system/media/audio/notifications/Capella.ogg; assuming invalid
12-02 07:08:36.212  3928  3998 W MediaProvider: Missing volume for /system/media/audio/notifications/Carme.ogg; assuming invalid
12-02 07:08:36.216  3928  3998 W MediaProvider: Missing volume for /system/media/audio/notifications/Castor.ogg; assuming invalid
12-02 07:08:36.221  3928  3998 W MediaProvider: Missing volume for /system/media/audio/notifications/Ceres.ogg; assuming invalid
12-02 07:08:36.227  3928  3998 W MediaProvider: Missing volume for /system/media/audio/notifications/CetiAlpha.ogg; assuming invalid
12-02 07:08:36.232  3928  3998 W MediaProvider: Missing volume for /system/media/audio/notifications/Cobalt.ogg; assuming invalid
12-02 07:08:36.239  3928  3998 W MediaProvider: Missing volume for /system/media/audio/notifications/Cricket.ogg; assuming invalid
12-02 07:08:36.246  3928  3998 W MediaProvider: Missing volume for /system/media/audio/notifications/CyanDoink.ogg; assuming invalid
12-02 07:08:36.251  3928  3998 W MediaProvider: Missing volume for /system/media/audio/notifications/CyanMail.ogg; assuming invalid
12-02 07:08:36.257  3928  3998 W MediaProvider: Missing volume for /system/media/audio/notifications/CyanMessage.ogg; assuming invalid
12-02 07:08:36.260  3928  3998 W MediaProvider: Missing volume for /system/media/audio/notifications/DearDeer.ogg; assuming invalid
12-02 07:08:36.264  3928  3998 W MediaProvider: Missing volume for /system/media/audio/notifications/Deneb.ogg; assuming invalid
12-02 07:08:36.268  3928  3998 W MediaProvider: Missing volume for /system/media/audio/notifications/Doink.ogg; assuming invalid
12-02 07:08:36.271  3928  3998 W MediaProvider: Missing volume for /system/media/audio/notifications/DontPanic.ogg; assuming invalid
12-02 07:08:36.276  3928  3998 W MediaProvider: Missing volume for /system/media/audio/notifications/Drip.ogg; assuming invalid
12-02 07:08:36.281  3928  3998 W MediaProvider: Missing volume for /system/media/audio/notifications/Elara.ogg; assuming invalid
12-02 07:08:36.285  3928  3998 W MediaProvider: Missing volume for /system/media/audio/notifications/Electra.ogg; assuming invalid
12-02 07:08:36.290  3928  3998 W MediaProvider: Missing volume for /system/media/audio/notifications/Europa.ogg; assuming invalid
12-02 07:08:36.296  3928  3998 W MediaProvider: Missing volume for /system/media/audio/notifications/F1_New_SMS.ogg; assuming invalid
12-02 07:08:36.301  3928  3998 W MediaProvider: Missing volume for /system/media/audio/notifications/Fluorine.ogg; assuming invalid
12-02 07:08:36.305  3928  3998 W MediaProvider: Missing volume for /system/media/audio/notifications/Fomalhaut.ogg; assuming invalid
12-02 07:08:36.333  3928  3998 W MediaProvider: Missing volume for /system/media/audio/notifications/Gallium.ogg; assuming invalid
12-02 07:08:36.348  3928  3998 W MediaProvider: Missing volume for /system/media/audio/notifications/Heaven.ogg; assuming invalid
12-02 07:08:36.353  3928  3998 W MediaProvider: Missing volume for /system/media/audio/notifications/Helium.ogg; assuming invalid
12-02 07:08:36.357  3928  3998 W MediaProvider: Missing volume for /system/media/audio/notifications/Highwire.ogg; assuming invalid
12-02 07:08:36.363  3928  3998 W MediaProvider: Missing volume for /system/media/audio/notifications/Hojus.ogg; assuming invalid
12-02 07:08:36.367  3928  3998 W MediaProvider: Missing volume for /system/media/audio/notifications/Iapetus.ogg; assuming invalid
12-02 07:08:36.372  3928  3998 W MediaProvider: Missing volume for /system/media/audio/notifications/Io.ogg; assuming invalid
12-02 07:08:36.377  3928  3998 W MediaProvider: Missing volume for /system/media/audio/notifications/Iridium.ogg; assuming invalid
12-02 07:08:36.382  3928  3998 W MediaProvider: Missing volume for /system/media/audio/notifications/Krypton.ogg; assuming invalid
12-02 07:08:36.385  3928  3998 W MediaProvider: Missing volume for /system/media/audio/notifications/KzurbSonar.ogg; assuming invalid
12-02 07:08:36.391  3928  3998 W MediaProvider: Missing volume for /system/media/audio/notifications/Laser.ogg; assuming invalid
12-02 07:08:36.397  3928  3998 W MediaProvider: Missing volume for /system/media/audio/notifications/Merope.ogg; assuming invalid
12-02 07:08:36.401  3928  3998 W MediaProvider: Missing volume for /system/media/audio/notifications/Mira.ogg; assuming invalid
12-02 07:08:36.407  3928  3998 W MediaProvider: Missing volume for /system/media/audio/notifications/Naughty.ogg; assuming invalid
12-02 07:08:36.410  3928  3998 W MediaProvider: Missing volume for /system/media/audio/notifications/OnTheHunt.ogg; assuming invalid
12-02 07:08:36.416  3928  3998 W MediaProvider: Missing volume for /system/media/audio/notifications/Palladium.ogg; assuming invalid
12-02 07:08:36.421  3928  3998 W MediaProvider: Missing volume for /system/media/audio/notifications/Plastic_Pipe.ogg; assuming invalid
12-02 07:08:36.426  3928  3998 W MediaProvider: Missing volume for /system/media/audio/notifications/Polaris.ogg; assuming invalid
12-02 07:08:36.434  3928  3998 W MediaProvider: Missing volume for /system/media/audio/notifications/Pollux.ogg; assuming invalid
12-02 07:08:36.439  3928  3998 W MediaProvider: Missing volume for /system/media/audio/notifications/Pong.ogg; assuming invalid
12-02 07:08:36.443  2717  3430 E MetadataRetrieverClient: failed to extract an album art
12-02 07:08:36.444  3928  3998 W MediaProvider: Missing volume for /system/media/audio/notifications/Procyon.ogg; assuming invalid
12-02 07:08:36.448  3928  3998 W MediaProvider: Missing volume for /system/media/audio/notifications/Proxima.ogg; assuming invalid
12-02 07:08:36.452  3928  3998 W MediaProvider: Missing volume for /system/media/audio/notifications/Radon.ogg; assuming invalid
12-02 07:08:36.457  3928  3998 W MediaProvider: Missing volume for /system/media/audio/notifications/Rang.ogg; assuming invalid
12-02 07:08:36.461  3928  3998 W MediaProvider: Missing volume for /system/media/audio/notifications/Rhea.ogg; assuming invalid
12-02 07:08:36.466  3928  3998 W MediaProvider: Missing volume for /system/media/audio/notifications/Rubidium.ogg; assuming invalid
12-02 07:08:36.486  3928  3998 W MediaProvider: Missing volume for /system/media/audio/notifications/Salacia.ogg; assuming invalid
12-02 07:08:36.491  3928  3998 W MediaProvider: Missing volume for /system/media/audio/notifications/Selenium.ogg; assuming invalid
12-02 07:08:36.496  3928  3998 W MediaProvider: Missing volume for /system/media/audio/notifications/Shaula.ogg; assuming invalid
12-02 07:08:36.501  3928  3998 W MediaProvider: Missing volume for /system/media/audio/notifications/Sirrah.ogg; assuming invalid
12-02 07:08:36.505  3928  3998 W MediaProvider: Missing volume for /system/media/audio/notifications/Spica.ogg; assuming invalid
12-02 07:08:36.510  3928  3998 W MediaProvider: Missing volume for /system/media/audio/notifications/Stone.ogg; assuming invalid
12-02 07:08:36.515  3928  3998 W MediaProvider: Missing volume for /system/media/audio/notifications/Strontium.ogg; assuming invalid
12-02 07:08:36.520  3928  3998 W MediaProvider: Missing volume for /system/media/audio/notifications/Syrma.ogg; assuming invalid
12-02 07:08:36.525  3928  3998 W MediaProvider: Missing volume for /system/media/audio/notifications/TaDa.ogg; assuming invalid
12-02 07:08:36.529  3928  3998 W MediaProvider: Missing volume for /system/media/audio/notifications/Talitha.ogg; assuming invalid
12-02 07:08:36.534  3928  3998 W MediaProvider: Missing volume for /system/media/audio/notifications/Tethys.ogg; assuming invalid
12-02 07:08:36.539  3928  3998 W MediaProvider: Missing volume for /system/media/audio/notifications/Thallium.ogg; assuming invalid
12-02 07:08:36.544  3928  3998 W MediaProvider: Missing volume for /system/media/audio/notifications/Titan.ogg; assuming invalid
12-02 07:08:36.548  3928  3998 W MediaProvider: Missing volume for /system/media/audio/notifications/Upsilon.ogg; assuming invalid
12-02 07:08:36.551  3928  3998 W MediaProvider: Missing volume for /system/media/audio/notifications/Vega.ogg; assuming invalid
12-02 07:08:36.554  3928  3998 W MediaProvider: Missing volume for /system/media/audio/notifications/Voila.ogg; assuming invalid
12-02 07:08:36.559  3928  3998 W MediaProvider: Missing volume for /system/media/audio/notifications/Xenon.ogg; assuming invalid
12-02 07:08:36.564  3928  3998 W MediaProvider: Missing volume for /system/media/audio/notifications/Zirconium.ogg; assuming invalid
12-02 07:08:36.569  3928  3998 W MediaProvider: Missing volume for /system/media/audio/notifications/moonbeam.ogg; assuming invalid
12-02 07:08:36.575  3928  3998 W MediaProvider: Missing volume for /system/media/audio/notifications/pixiedust.ogg; assuming invalid
12-02 07:08:36.579  3928  3998 W MediaProvider: Missing volume for /system/media/audio/notifications/pizzicato.ogg; assuming invalid
12-02 07:08:36.582  3928  3998 W MediaProvider: Missing volume for /system/media/audio/notifications/regulus.ogg; assuming invalid
12-02 07:08:36.586  3928  3998 W MediaProvider: Missing volume for /system/media/audio/notifications/sirius.ogg; assuming invalid
12-02 07:08:36.596  3928  3998 W MediaProvider: Missing volume for /system/media/audio/notifications/tweeters.ogg; assuming invalid
12-02 07:08:36.614  3928  3998 W MediaProvider: Missing volume for /system/media/audio/ringtones/Andromeda.ogg; assuming invalid
12-02 07:08:36.623  2717  2807 E MetadataRetrieverClient: failed to extract an album art
12-02 07:08:36.667  3928  3998 I MediaScanner: forcing rescan of /system/media/audio/ringtones/Aquila.ogg since build fingerprint changed
12-02 07:08:36.688  3928  3998 I MediaScanner: forcing rescan of /system/media/audio/ringtones/ArgoNavis.ogg since build fingerprint changed
12-02 07:08:36.722  3928  3998 I MediaScanner: forcing rescan of /system/media/audio/ringtones/BOOTES.ogg since build fingerprint changed
12-02 07:08:36.748  3928  3998 I MediaScanner: forcing rescan of /system/media/audio/ringtones/Backroad.ogg since build fingerprint changed
12-02 07:08:36.765  3928  3998 I MediaScanner: forcing rescan of /system/media/audio/ringtones/BeatPlucker.ogg since build fingerprint changed
12-02 07:08:36.780  3928  3998 I MediaScanner: forcing rescan of /system/media/audio/ringtones/BentleyDubs.ogg since build fingerprint changed
12-02 07:08:36.797  3928  3998 I MediaScanner: forcing rescan of /system/media/audio/ringtones/Big_Easy.ogg since build fingerprint changed
12-02 07:08:36.815  3928  3998 I MediaScanner: forcing rescan of /system/media/audio/ringtones/BirdLoop.ogg since build fingerprint changed
12-02 07:08:36.832  3928  3998 I MediaScanner: forcing rescan of /system/media/audio/ringtones/Bollywood.ogg since build fingerprint changed
12-02 07:08:36.850  3928  3998 I MediaScanner: forcing rescan of /system/media/audio/ringtones/Boxbeat.ogg since build fingerprint changed
12-02 07:08:36.895  3928  3998 I MediaScanner: forcing rescan of /system/media/audio/ringtones/BussaMove.ogg since build fingerprint changed
12-02 07:08:36.914  3928  3998 I MediaScanner: forcing rescan of /system/media/audio/ringtones/CASSIOPEIA.ogg since build fingerprint changed
12-02 07:08:36.939  3928  3998 I MediaScanner: forcing rescan of /system/media/audio/ringtones/Cairo.ogg since build fingerprint changed
12-02 07:08:36.957  3928  3998 I MediaScanner: forcing rescan of /system/media/audio/ringtones/Callisto.ogg since build fingerprint changed
12-02 07:08:36.979  3424  3424 E PhoneInterfaceManager: [PhoneIntfMgr] getCarrierPackageNamesForIntent: No UICC
12-02 07:08:36.979  3424  3424 D CarrierSvcBindHelper: No carrier app for: 0
12-02 07:08:36.985  3424  3424 E PhoneInterfaceManager: [PhoneIntfMgr] getCarrierPackageNamesForIntent: No UICC
12-02 07:08:36.985  3424  3424 D CarrierSvcBindHelper: No carrier app for: 0
12-02 07:08:36.991  3033  3049 I ActivityManager: START u0 {act=com.android.wizard.NEXT cmp=com.cyanogenmod.setupwizard/.wizardmanager.WizardManager (has extras)} from uid 1000 on display 0
12-02 07:08:36.993  3424  3424 E PhoneInterfaceManager: [PhoneIntfMgr] getCarrierPackageNamesForIntent: No UICC
12-02 07:08:36.993  3424  3424 D CarrierSvcBindHelper: No carrier app for: 0
12-02 07:08:37.008  3424  3424 E PhoneInterfaceManager: [PhoneIntfMgr] getCarrierPackageNamesForIntent: No UICC
12-02 07:08:37.008  3424  3424 D CarrierSvcBindHelper: No carrier app for: 0
12-02 07:08:37.015  3424  3424 E PhoneInterfaceManager: [PhoneIntfMgr] getCarrierPackageNamesForIntent: No UICC
12-02 07:08:37.015  3424  3424 D CarrierSvcBindHelper: No carrier app for: 0
12-02 07:08:37.026  3424  3424 E PhoneInterfaceManager: [PhoneIntfMgr] getCarrierPackageNamesForIntent: No UICC
12-02 07:08:37.026  3424  3424 D CarrierSvcBindHelper: No carrier app for: 0
12-02 07:08:37.026  3928  3998 I MediaScanner: forcing rescan of /system/media/audio/ringtones/Calypso_Steel.ogg since build fingerprint changed
12-02 07:08:37.040  3424  3424 E PhoneInterfaceManager: [PhoneIntfMgr] getCarrierPackageNamesForIntent: No UICC
12-02 07:08:37.040  3424  3424 D CarrierSvcBindHelper: No carrier app for: 0
12-02 07:08:37.050  3424  3424 E PhoneInterfaceManager: [PhoneIntfMgr] getCarrierPackageNamesForIntent: No UICC
12-02 07:08:37.050  3424  3424 D CarrierSvcBindHelper: No carrier app for: 0
12-02 07:08:37.063  3033  3504 I ActivityManager: START u0 {act=com.cyanogenmod.setupwizard.LINEAGE_WIFI_SETUP flg=0x4000000 cmp=com.cyanogenmod.setupwizard/.WifiSetupActivity (has extras)} from uid 1000 on display 0
12-02 07:08:37.079  3928  3998 I MediaScanner: forcing rescan of /system/media/audio/ringtones/CanisMajor.ogg since build fingerprint changed
12-02 07:08:37.097  3928  3998 I MediaScanner: forcing rescan of /system/media/audio/ringtones/CaribbeanIce.ogg since build fingerprint changed
12-02 07:08:37.113  3928  3998 I MediaScanner: forcing rescan of /system/media/audio/ringtones/Carina.ogg since build fingerprint changed
12-02 07:08:37.126  3033  3452 I ActivityManager: START u0 {act=com.android.net.wifi.SETUP_WIFI_NETWORK cmp=com.android.settings/.wifi.WifiSetupActivity (has extras)} from uid 1000 on display 0
12-02 07:08:37.133  3928  3998 I MediaScanner: forcing rescan of /system/media/audio/ringtones/Centaurus.ogg since build fingerprint changed
12-02 07:08:37.153  3928  3998 I MediaScanner: forcing rescan of /system/media/audio/ringtones/Champagne_Edition.ogg since build fingerprint changed
12-02 07:08:37.167  3928  3998 I MediaScanner: forcing rescan of /system/media/audio/ringtones/Club_Cubano.ogg since build fingerprint changed
12-02 07:08:37.182  3928  3998 I MediaScanner: forcing rescan of /system/media/audio/ringtones/CrayonRock.ogg since build fingerprint changed
12-02 07:08:37.196  3928  3998 I MediaScanner: forcing rescan of /system/media/audio/ringtones/CrazyDream.ogg since build fingerprint changed
12-02 07:08:37.229  3928  3998 I MediaScanner: forcing rescan of /system/media/audio/ringtones/CurveBall.ogg since build fingerprint changed
12-02 07:08:37.244  3928  3998 I MediaScanner: forcing rescan of /system/media/audio/ringtones/CyanTone.ogg since build fingerprint changed
12-02 07:08:37.285  3928  3998 I MediaScanner: forcing rescan of /system/media/audio/ringtones/Cygnus.ogg since build fingerprint changed
12-02 07:08:37.314  3928  3998 I MediaScanner: forcing rescan of /system/media/audio/ringtones/DancinFool.ogg since build fingerprint changed
12-02 07:08:37.341  3928  3998 I MediaScanner: forcing rescan of /system/media/audio/ringtones/Dione.ogg since build fingerprint changed
12-02 07:08:37.372  3928  3998 I MediaScanner: forcing rescan of /system/media/audio/ringtones/DonMessWivIt.ogg since build fingerprint changed
12-02 07:08:37.405  3033  3033 I chatty  : uid=1000 system_server expire 1 line
12-02 07:08:37.465  3928  3998 I MediaScanner: forcing rescan of /system/media/audio/ringtones/Draco.ogg since build fingerprint changed
12-02 07:08:37.482  3928  3998 I MediaScanner: forcing rescan of /system/media/audio/ringtones/DreamTheme.ogg since build fingerprint changed
12-02 07:08:37.515  3928  3998 I MediaScanner: forcing rescan of /system/media/audio/ringtones/Eastern_Sky.ogg since build fingerprint changed
12-02 07:08:37.519  2705  2705 I chatty  : uid=1000(system) /system/bin/thermal-daemon expire 12 lines
12-02 07:08:37.536  3928  3998 I MediaScanner: forcing rescan of /system/media/audio/ringtones/Enter_the_Nexus.ogg since build fingerprint changed
12-02 07:08:37.559  3928  3998 I MediaScanner: forcing rescan of /system/media/audio/ringtones/Eridani.ogg since build fingerprint changed
12-02 07:08:37.580  3928  3998 I MediaScanner: forcing rescan of /system/media/audio/ringtones/EtherShake.ogg since build fingerprint changed
12-02 07:08:37.598  3928  3998 I MediaScanner: forcing rescan of /system/media/audio/ringtones/FreeFlight.ogg since build fingerprint changed
12-02 07:08:37.625  3928  3998 I MediaScanner: forcing rescan of /system/media/audio/ringtones/FriendlyGhost.ogg since build fingerprint changed
12-02 07:08:37.626  3033  3051 I chatty  : uid=1000(system) android.bg expire 16 lines
12-02 07:08:37.644  3928  3998 I MediaScanner: forcing rescan of /system/media/audio/ringtones/Funk_Yall.ogg since build fingerprint changed
12-02 07:08:37.663  3928  3998 I MediaScanner: forcing rescan of /system/media/audio/ringtones/GameOverGuitar.ogg since build fingerprint changed
12-02 07:08:37.690  3928  3998 I MediaScanner: forcing rescan of /system/media/audio/ringtones/Ganymede.ogg since build fingerprint changed
12-02 07:08:37.716  3928  3998 I MediaScanner: forcing rescan of /system/media/audio/ringtones/Gimme_Mo_Town.ogg since build fingerprint changed
12-02 07:08:37.743  3928  3998 I MediaScanner: forcing rescan of /system/media/audio/ringtones/Girtab.ogg since build fingerprint changed
12-02 07:08:37.750  3522  4345 I chatty  : uid=1000(system) com.android.settings expire 4 lines
12-02 07:08:37.765  3928  3998 I MediaScanner: forcing rescan of /system/media/audio/ringtones/Glacial_Groove.ogg since build fingerprint changed
12-02 07:08:37.788  3928  3998 I MediaScanner: forcing rescan of /system/media/audio/ringtones/Growl.ogg since build fingerprint changed
12-02 07:08:37.796  3522  4347 I chatty  : uid=1000(system) com.android.settings expire 1 line
12-02 07:08:37.800  3399  3399 I chatty  : uid=1010(wifi) /system/bin/wpa_supplicant expire 290 lines
12-02 07:08:37.813  3928  3998 I MediaScanner: forcing rescan of /system/media/audio/ringtones/HalfwayHome.ogg since build fingerprint changed
12-02 07:08:37.818  3522  4343 I chatty  : uid=1000(system) com.android.settings expire 1 line
12-02 07:08:37.834  3928  3998 I MediaScanner: forcing rescan of /system/media/audio/ringtones/Highscore.ogg since build fingerprint changed
12-02 07:08:37.868  3522  3552 I chatty  : uid=1000(system) com.android.settings expire 4 lines
12-02 07:08:37.868  3928  3998 I MediaScanner: forcing rescan of /system/media/audio/ringtones/Hydra.ogg since build fingerprint changed
12-02 07:08:37.893  3928  3998 I MediaScanner: forcing rescan of /system/media/audio/ringtones/InsertCoin.ogg since build fingerprint changed
12-02 07:08:37.907  3928  3998 I MediaScanner: forcing rescan of /system/media/audio/ringtones/Kuma.ogg since build fingerprint changed
12-02 07:08:37.939  3928  3998 I MediaScanner: forcing rescan of /system/media/audio/ringtones/LoopyLounge.ogg since build fingerprint changed
12-02 07:08:37.962  3928  3998 I MediaScanner: forcing rescan of /system/media/audio/ringtones/LoveFlute.ogg since build fingerprint changed
12-02 07:08:37.982  3928  3998 I MediaScanner: forcing rescan of /system/media/audio/ringtones/Luna.ogg since build fingerprint changed
12-02 07:08:38.012  3928  3998 I MediaScanner: forcing rescan of /system/media/audio/ringtones/Lyon.ogg since build fingerprint changed
12-02 07:08:38.037  3928  3998 I MediaScanner: forcing rescan of /system/media/audio/ringtones/Lyra.ogg since build fingerprint changed
12-02 07:08:38.054  3928  3998 I MediaScanner: forcing rescan of /system/media/audio/ringtones/Machina.ogg since build fingerprint changed
12-02 07:08:38.070  3928  3998 I MediaScanner: forcing rescan of /system/media/audio/ringtones/MidEvilJaunt.ogg since build fingerprint changed
12-02 07:08:38.084  3928  3998 I MediaScanner: forcing rescan of /system/media/audio/ringtones/Nairobi.ogg since build fingerprint changed
12-02 07:08:38.100  3928  3998 I MediaScanner: forcing rescan of /system/media/audio/ringtones/Nassau.ogg since build fingerprint changed
12-02 07:08:38.116  3928  3998 I MediaScanner: forcing rescan of /system/media/audio/ringtones/NewPlayer.ogg since build fingerprint changed
12-02 07:08:38.131  3928  3998 I MediaScanner: forcing rescan of /system/media/audio/ringtones/No_Limits.ogg since build fingerprint changed
12-02 07:08:38.150  3928  3998 I MediaScanner: forcing rescan of /system/media/audio/ringtones/Noises2.ogg since build fingerprint changed
12-02 07:08:38.175  3928  3998 I MediaScanner: forcing rescan of /system/media/audio/ringtones/Noises3.ogg since build fingerprint changed
12-02 07:08:38.198  3928  3998 I MediaScanner: forcing rescan of /system/media/audio/ringtones/Oberon.ogg since build fingerprint changed
12-02 07:08:38.231  3928  3998 I MediaScanner: forcing rescan of /system/media/audio/ringtones/OrganDub.ogg since build fingerprint changed
12-02 07:08:38.247  3928  3998 I MediaScanner: forcing rescan of /system/media/audio/ringtones/Orion.ogg since build fingerprint changed
12-02 07:08:38.265  3928  3998 I MediaScanner: forcing rescan of /system/media/audio/ringtones/Paradise_Island.ogg since build fingerprint changed
12-02 07:08:38.287  3928  3998 I MediaScanner: forcing rescan of /system/media/audio/ringtones/Pegasus.ogg since build fingerprint changed
12-02 07:08:38.311  3928  3998 I MediaScanner: forcing rescan of /system/media/audio/ringtones/Perseus.ogg since build fingerprint changed
12-02 07:08:38.344  3928  3998 I MediaScanner: forcing rescan of /system/media/audio/ringtones/Phobos.ogg since build fingerprint changed
12-02 07:08:38.374  3928  3998 I MediaScanner: forcing rescan of /system/media/audio/ringtones/Playa.ogg since build fingerprint changed
12-02 07:08:38.394  3928  3998 I MediaScanner: forcing rescan of /system/media/audio/ringtones/PyxisMaterial.ogg since build fingerprint changed
12-02 07:08:38.436  3928  3998 I MediaScanner: forcing rescan of /system/media/audio/ringtones/Rasalas.ogg since build fingerprint changed
12-02 07:08:38.468  3928  3998 I MediaScanner: forcing rescan of /system/media/audio/ringtones/Revelation.ogg since build fingerprint changed
12-02 07:08:38.486  3928  3998 I MediaScanner: forcing rescan of /system/media/audio/ringtones/Rigel.ogg since build fingerprint changed
12-02 07:08:38.593  3928  3998 I MediaScanner: forcing rescan of /system/media/audio/ringtones/Ring_Classic_02.ogg since build fingerprint changed
12-02 07:08:38.606  3033  3052 I ActivityManager: Waited long enough for: ServiceRecord{9406695 u0 com.android.providers.media/.MediaScannerService}
12-02 07:08:38.615  3928  3998 I MediaScanner: forcing rescan of /system/media/audio/ringtones/Ring_Digital_02.ogg since build fingerprint changed
12-02 07:08:38.628  3928  3998 I MediaScanner: forcing rescan of /system/media/audio/ringtones/Ring_Synth_02.ogg since build fingerprint changed
12-02 07:08:38.644  3928  3998 I MediaScanner: forcing rescan of /system/media/audio/ringtones/Ring_Synth_04.ogg since build fingerprint changed
12-02 07:08:38.660  3928  3998 I MediaScanner: forcing rescan of /system/media/audio/ringtones/Road_Trip.ogg since build fingerprint changed
12-02 07:08:38.677  3928  3998 I MediaScanner: forcing rescan of /system/media/audio/ringtones/Rockin.ogg since build fingerprint changed
12-02 07:08:38.715  3928  3998 I MediaScanner: forcing rescan of /system/media/audio/ringtones/RomancingTheTone.ogg since build fingerprint changed
12-02 07:08:38.731  3928  3998 I MediaScanner: forcing rescan of /system/media/audio/ringtones/Safari.ogg since build fingerprint changed
12-02 07:08:38.749  3928  3998 I MediaScanner: forcing rescan of /system/media/audio/ringtones/Savannah.ogg since build fingerprint changed
12-02 07:08:38.767  3928  3998 I MediaScanner: forcing rescan of /system/media/audio/ringtones/Scarabaeus.ogg since build fingerprint changed
12-02 07:08:38.794  3928  3998 I MediaScanner: forcing rescan of /system/media/audio/ringtones/Sceptrum.ogg since build fingerprint changed
12-02 07:08:38.825  3928  3998 I MediaScanner: forcing rescan of /system/media/audio/ringtones/Sedna.ogg since build fingerprint changed
12-02 07:08:38.860  3928  3998 I MediaScanner: forcing rescan of /system/media/audio/ringtones/Seville.ogg since build fingerprint changed
12-02 07:08:38.878  3928  3998 I MediaScanner: forcing rescan of /system/media/audio/ringtones/Sheep.mp3 since build fingerprint changed
12-02 07:08:38.881  2716  2716 I FFmpegExtractor: android-source:0xf38f6800
12-02 07:08:38.884  2716  2716 I FFMPEG  : [mp3 @ 0xf65df800] Skipping 0 bytes of junk at 431.
12-02 07:08:38.885  2716  2716 D FFmpegExtractor: supported codec (mp3) by official Stagefright
12-02 07:08:38.885  2716  2716 D FFmpegExtractor: ffmpeg detected media content as 'audio/mpeg' with confidence 0.08
12-02 07:08:38.889  3928  3998 I MediaScanner: forcing rescan of /system/media/audio/ringtones/Shes_All_That.ogg since build fingerprint changed
12-02 07:08:38.919  3928  3998 I MediaScanner: forcing rescan of /system/media/audio/ringtones/SilkyWay.ogg since build fingerprint changed
12-02 07:08:38.939  3928  3998 I MediaScanner: forcing rescan of /system/media/audio/ringtones/SitarVsSitar.ogg since build fingerprint changed
12-02 07:08:38.954  3928  3998 I MediaScanner: forcing rescan of /system/media/audio/ringtones/Solarium.ogg since build fingerprint changed
12-02 07:08:38.978  3928  3998 I MediaScanner: forcing rescan of /system/media/audio/ringtones/SpringyJalopy.ogg since build fingerprint changed
12-02 07:08:38.994  3928  3998 I MediaScanner: forcing rescan of /system/media/audio/ringtones/Steppin_Out.ogg since build fingerprint changed
12-02 07:08:39.010  3928  3998 I MediaScanner: forcing rescan of /system/media/audio/ringtones/Terminated.ogg since build fingerprint changed
12-02 07:08:39.026  3928  3998 I MediaScanner: forcing rescan of /system/media/audio/ringtones/Testudo.ogg since build fingerprint changed
12-02 07:08:39.046  3928  3998 I MediaScanner: forcing rescan of /system/media/audio/ringtones/Themos.ogg since build fingerprint changed
12-02 07:08:39.075  3928  3998 I MediaScanner: forcing rescan of /system/media/audio/ringtones/Third_Eye.ogg since build fingerprint changed
