12-02 07:11:38.815  3033  3451 W WindowManager: 	at com.android.server.wm.WindowManagerService.windowForClientLocked(WindowManagerService.java:9490)
12-02 07:11:38.815  3033  3451 W WindowManager: 	at com.android.server.wm.WindowManagerService.windowForClientLocked(WindowManagerService.java:9481)
12-02 07:11:38.815  3033  3451 W WindowManager: 	at com.android.server.wm.WindowState$DeathRecipient.binderDied(WindowState.java:1807)
12-02 07:11:38.815  3033  3451 W WindowManager: 	at android.os.BinderProxy.sendDeathNotice(Binder.java:690)
12-02 07:11:38.815  3033  3451 I WindowManager: WIN DEATH: null
12-02 07:11:39.101  4245  4449 W OpenGLRenderer: Incorrectly called buildLayer on View: ShortcutAndWidgetContainer, destroying layer...
12-02 07:11:39.972  3399  3399 D wpa_supplicant: wlan0: Control interface command 'SIGNAL_POLL'
12-02 07:11:40.716  3033  3885 I ActivityManager: START u0 {act=android.intent.action.MAIN cat=[android.intent.category.LAUNCHER] flg=0x10200000 cmp=com.cyanogenmod.eleven/.ui.activities.HomeActivity (has extras)} from uid 10025 on display 0
12-02 07:11:40.845  3033  3451 I ActivityManager: Start proc 5016:com.cyanogenmod.eleven:main/u0a12 for service com.cyanogenmod.eleven/.MusicPlaybackService
12-02 07:11:40.932  5030  5030 E cutils-trace: Error opening trace file: No such file or directory (2)
12-02 07:11:40.933  5030  5030 E patchoat: Failed to open output oat file /data/dalvik-cache/arm64/system@priv-app@Eleven@Eleven.apk@classes.dex: Permission denied(13)
12-02 07:11:40.935  5016  5016 W art     : Failed execv(/system/bin/patchoat --instruction-set=arm64 --input-oat-file=/system/priv-app/Eleven/oat/arm64/Eleven.odex --output-oat-file=/data/dalvik-cache/arm64/system@priv-app@Eleven@Eleven.apk@classes.dex --patched-image-location=/system/framework/boot.art) because non-0 exit status
12-02 07:11:40.994  5016  5016 V RenderScript_jni: RS native mode
12-02 07:11:41.007  5016  5016 V RenderScript_jni: Unable to load libRSSupportIO.so, USAGE_IO not supported
12-02 07:11:41.076  5016  5016 E MediaPlayer-JNI: JNIMediaPlayerFactory: bIsQCMediaPlayerPresent 0
12-02 07:11:41.076  5016  5016 E MediaPlayer-JNI: JNIMediaPlayerFactory: bIsQCMediaPlayerPresent 0
12-02 07:11:41.148  5016  5045 D LocaleSetManager: Locale Changed from: null to null
12-02 07:11:41.209  5016  5045 I MusicLocale: AddressBook Labels [en-US]: [, A, B, C, D, E, F, G, H, I, J, K, L, M, N, O, P, Q, R, S, T, U, V, W, X, Y, Z, , , , , , , , , , , , , , , , , , , , , , , , , , , , , , , , , , , , , , , , , , , , , , , , , , , , , , , , , , , , , , , , , , , , , , , , , , , , , , , , , , , , , , , , , , , , , , , , , , , , , , , , , , , , , , , , , , , , , , , , , , , , , , , , , , , , , , , , , , , , , , , , , , , , , , , , , , , , , , , , , , , , , , , , , , , , , , , , , , , , , , , , , , , #, ]
12-02 07:11:41.230  4451  4451 V RenderScript_jni: RS native mode
12-02 07:11:41.235  5016  5045 I MusicLocale: AddressBook Labels [en-US]: [, A, B, C, D, E, F, G, H, I, J, K, L, M, N, O, P, Q, R, S, T, U, V, W, X, Y, Z, , , , , , , , , , , , , , , , , , , , , , , , , , , , , , , , , , , , , , , , , , , , , , , , , , , , , , , , , , , , , , , , , , , , , , , , , , , , , , , , , , , , , , , , , , , , , , , , , , , , , , , , , , , , , , , , , , , , , , , , , , , , , , , , , , , , , , , , , , , , , , , , , , , , , , , , , , , , , , , , , , , , , , , , , , , , , , , , , , , , , , , , , , , #, ]
12-02 07:11:41.239  5016  5045 D LocaleSetManager: Locale Changed from: null to en-US
12-02 07:11:41.260  4451  4451 V RenderScript_jni: Unable to load libRSSupportIO.so, USAGE_IO not supported
12-02 07:11:41.401  3033  3049 E WindowManager: App trying to use insecure INPUT_FEATURE_NO_INPUT_CHANNEL flag. Ignoring
12-02 07:11:41.468  4451  5063 D LocaleSetManager: Locale Changed from: null to en-US
12-02 07:11:41.517  4451  5063 I MusicLocale: AddressBook Labels [en-US]: [, A, B, C, D, E, F, G, H, I, J, K, L, M, N, O, P, Q, R, S, T, U, V, W, X, Y, Z, , , , , , , , , , , , , , , , , , , , , , , , , , , , , , , , , , , , , , , , , , , , , , , , , , , , , , , , , , , , , , , , , , , , , , , , , , , , , , , , , , , , , , , , , , , , , , , , , , , , , , , , , , , , , , , , , , , , , , , , , , , , , , , , , , , , , , , , , , , , , , , , , , , , , , , , , , , , , , , , , , , , , , , , , , , , , , , , , , , , , , , , , , , #, ]
12-02 07:11:41.544  4451  5061 I OpenGLRenderer: Initialized EGL, version 1.4
12-02 07:11:41.544  4451  5061 D OpenGLRenderer: Swap behavior 1
12-02 07:11:41.552  4451  5061 D mali_winsys: new_window_surface returns 0x3000
12-02 07:11:41.771  3033  3059 I ActivityManager: Displayed com.cyanogenmod.eleven/.ui.activities.HomeActivity: +1s17ms
12-02 07:11:41.935  2716  2803 I FFmpegExtractor: android-source:0xf38f5400
12-02 07:11:41.935  2716  3537 I FFmpegExtractor: android-source:0xf38a8800
12-02 07:11:41.941  2716  2803 I FFMPEG  : [mp3 @ 0xf3962c00] Skipping 0 bytes of junk at 0.
12-02 07:11:41.941  2716  3537 I FFMPEG  : [mp3 @ 0xf3962c00] Skipping 0 bytes of junk at 0.
12-02 07:11:41.941  2716  3537 D FFmpegExtractor: supported codec (mp3) by official Stagefright
12-02 07:11:41.941  2716  2803 D FFmpegExtractor: supported codec (mp3) by official Stagefright
12-02 07:11:41.941  2716  3537 D FFmpegExtractor: ffmpeg detected media content as 'audio/mpeg' with confidence 0.08
12-02 07:11:41.941  2716  2803 D FFmpegExtractor: ffmpeg detected media content as 'audio/mpeg' with confidence 0.08
12-02 07:11:41.943  2717  3296 E MetadataRetrieverClient: failed to extract an album art
12-02 07:11:41.943  2717  3319 E MetadataRetrieverClient: failed to extract an album art
12-02 07:11:41.954  2716  3537 I FFmpegExtractor: android-source:0xf38aa600
12-02 07:11:41.958  2716  3537 D FFmpegExtractor: supported codec (mp3) by official Stagefright
12-02 07:11:41.959  2716  3537 D FFmpegExtractor: ffmpeg detected media content as 'audio/mpeg' with confidence 0.08
12-02 07:11:41.960  2716  2803 I FFmpegExtractor: android-source:0xf38a7400
12-02 07:11:41.960  2717  2807 E MetadataRetrieverClient: failed to extract an album art
12-02 07:11:41.964  2716  2803 I FFMPEG  : Last message repeated 1 times
12-02 07:11:41.964  2716  2803 I FFMPEG  : [mp3 @ 0xf3962c00] Skipping 0 bytes of junk at 0.
12-02 07:11:41.964  2716  2803 D FFmpegExtractor: supported codec (mp3) by official Stagefright
12-02 07:11:41.964  2716  2803 D FFmpegExtractor: ffmpeg detected media content as 'audio/mpeg' with confidence 0.08
12-02 07:11:41.965  2717  2717 E MetadataRetrieverClient: failed to extract an album art
12-02 07:11:42.101  2705  2705 E Thermal-daemon: [charger_ic] temp_new :32  temp_old :31
12-02 07:11:42.101  2705  2705 E         : logPower_print not support
12-02 07:11:42.101  2705  2705 E Thermal-daemon: Report temperature: [charger_ic] temp :32  report_threshold:1
12-02 07:11:42.103  2705  2705 E Thermal-daemon: [ap] temp_new :33  temp_old :32
12-02 07:11:42.103  2705  2705 E         : logPower_print not support
12-02 07:11:42.103  2705  2705 E Thermal-daemon: Report temperature: [ap] temp :33  report_threshold:1
12-02 07:11:42.778  3228  3228 I SlideTouchEvent: vel=0.018476894, MinimumFlingVelocity=75
12-02 07:11:42.811  3033  3885 I ActivityManager: START u0 {flg=0x10804000 cmp=com.android.systemui/.recents.RecentsActivity} from uid 10028 on display 0
12-02 07:11:42.953  3228  3416 D mali_winsys: new_window_surface returns 0x3000
12-02 07:11:42.986  2695  2725 I chatty  : uid=1000(system) Binder:2695_2 expire 1 line
12-02 07:11:42.987  3399  3399 D wpa_supplicant: wlan0: Control interface command 'SIGNAL_POLL'
12-02 07:11:43.020  2695  3544 I chatty  : uid=1000(system) Binder:2695_4 expire 2 lines
12-02 07:11:43.732  3033  3451 I ActivityManager: Killing 4451:com.cyanogenmod.eleven/u0a12 (adj 900): remove task
12-02 07:11:43.734  3033  3884 I ActivityManager: Killing 5016:com.cyanogenmod.eleven:main/u0a12 (adj 500): remove task
12-02 07:11:43.738  3033  3504 I ActivityManager: START u0 {act=android.intent.action.MAIN cat=[android.intent.category.HOME] flg=0x10200000 cmp=com.cyanogenmod.trebuchet/com.android.launcher3.Launcher} from uid 10028 on display 0
12-02 07:11:43.806  2695  4375 I chatty  : uid=1000(system) Binder:2695_5 expire 6 lines
12-02 07:11:43.816  4245  4449 D mali_winsys: new_window_surface returns 0x3000
12-02 07:11:43.825  2695  2723 I chatty  : uid=1000(system) Binder:2695_1 expire 2 lines
12-02 07:11:43.829  3033  3495 D ActivityManager: cleanUpApplicationRecord -- 5016
12-02 07:11:43.830  3033  3495 W ActivityManager: Scheduling restart of crashed service com.cyanogenmod.eleven/.MusicPlaybackService in 1000ms
12-02 07:11:43.830  3033  3495 E JavaBinder: !!! FAILED BINDER TRANSACTION !!!  (parcel size = 244)
12-02 07:11:43.834  2695  3064 I chatty  : uid=1000(system) Binder:2695_3 expire 2 lines
12-02 07:11:43.835  3033  3495 W ActivityManager: Failure disconnecting service ComponentInfo{com.cyanogenmod.eleven/com.cyanogenmod.eleven.MusicPlaybackService} to connection android.os.BinderProxy@ec180f1 (in com.cyanogenmod.eleven)
12-02 07:11:43.835  3033  3495 W ActivityManager: android.os.DeadObjectException: Transaction failed on small parcel; remote process probably died
12-02 07:11:43.835  3033  3495 W ActivityManager: 	at android.os.BinderProxy.transactNative(Native Method)
12-02 07:11:43.835  3033  3495 W ActivityManager: 	at android.os.BinderProxy.transact(Binder.java:617)
12-02 07:11:43.835  3033  3495 W ActivityManager: 	at android.app.IServiceConnection$Stub$Proxy.connected(IServiceConnection.java:92)
12-02 07:11:43.835  3033  3495 W ActivityManager: 	at com.android.server.am.ActiveServices.bringDownServiceLocked(ActiveServices.java:2068)
12-02 07:11:43.835  3033  3495 W ActivityManager: 	at com.android.server.am.ActiveServices.killServicesLocked(ActiveServices.java:2743)
12-02 07:11:43.835  3033  3495 W ActivityManager: 	at com.android.server.am.ActivityManagerService.cleanUpApplicationRecordLocked(ActivityManagerService.java:17202)
12-02 07:11:43.835  3033  3495 W ActivityManager: 	at com.android.server.am.ActivityManagerService.handleAppDiedLocked(ActivityManagerService.java:5273)
12-02 07:11:43.835  3033  3495 W ActivityManager: 	at com.android.server.am.ActivityManagerService.appDiedLocked(ActivityManagerService.java:5441)
12-02 07:11:43.835  3033  3495 W ActivityManager: 	at com.android.server.am.ActivityManagerService$AppDeathRecipient.binderDied(ActivityManagerService.java:1496)
12-02 07:11:43.835  3033  3495 W ActivityManager: 	at android.os.BinderProxy.sendDeathNotice(Binder.java:690)
12-02 07:11:43.835  3033  3495 E JavaBinder: !!! FAILED BINDER TRANSACTION !!!  (parcel size = 244)
12-02 07:11:43.836  3033  3495 W ActivityManager: Failure disconnecting service ComponentInfo{com.cyanogenmod.eleven/com.cyanogenmod.eleven.MusicPlaybackService} to connection android.os.BinderProxy@8e6b814 (in com.cyanogenmod.eleven)
12-02 07:11:43.836  3033  3495 W ActivityManager: android.os.DeadObjectException: Transaction failed on small parcel; remote process probably died
12-02 07:11:43.836  3033  3495 W ActivityManager: 	at android.os.BinderProxy.transactNative(Native Method)
12-02 07:11:43.836  3033  3495 W ActivityManager: 	at android.os.BinderProxy.transact(Binder.java:617)
12-02 07:11:43.836  3033  3495 W ActivityManager: 	at android.app.IServiceConnection$Stub$Proxy.connected(IServiceConnection.java:92)
12-02 07:11:43.836  3033  3495 W ActivityManager: 	at com.android.server.am.ActiveServices.bringDownServiceLocked(ActiveServices.java:2068)
12-02 07:11:43.836  3033  3495 W ActivityManager: 	at com.android.server.am.ActiveServices.killServicesLocked(ActiveServices.java:2743)
12-02 07:11:43.836  3033  3495 W ActivityManager: 	at com.android.server.am.ActivityManagerService.cleanUpApplicationRecordLocked(ActivityManagerService.java:17202)
12-02 07:11:43.836  3033  3495 W ActivityManager: 	at com.android.server.am.ActivityManagerService.handleAppDiedLocked(ActivityManagerService.java:5273)
12-02 07:11:43.836  3033  3495 W ActivityManager: 	at com.android.server.am.ActivityManagerService.appDiedLocked(ActivityManagerService.java:5441)
12-02 07:11:43.836  3033  3495 W ActivityManager: 	at com.android.server.am.ActivityManagerService$AppDeathRecipient.binderDied(ActivityManagerService.java:1496)
12-02 07:11:43.836  3033  3495 W ActivityManager: 	at android.os.BinderProxy.sendDeathNotice(Binder.java:690)
12-02 07:11:43.848  2695  2725 I chatty  : uid=1000(system) Binder:2695_2 expire 2 lines
12-02 07:11:43.948  3033  3452 D GraphicsStats: Buffer count: 7
12-02 07:11:43.949  3033  3123 W InputDispatcher: channel 'b5ca86b com.cyanogenmod.eleven/com.cyanogenmod.eleven.ui.activities.HomeActivity (server)' ~ Consumer closed input channel or an error occurred.  events=0x9
12-02 07:11:43.949  3033  3123 E InputDispatcher: channel 'b5ca86b com.cyanogenmod.eleven/com.cyanogenmod.eleven.ui.activities.HomeActivity (server)' ~ Channel is unrecoverably broken and will be disposed!
12-02 07:11:43.950  3033  3495 D ActivityManager: cleanUpApplicationRecord -- 4451
12-02 07:11:43.950  3033  3054 E libprocessgroup: failed to kill 1 processes for processgroup 4451
12-02 07:11:43.969  3033  3911 I WindowManager: WIN DEATH: Window{b5ca86b u0 com.cyanogenmod.eleven/com.cyanogenmod.eleven.ui.activities.HomeActivity}
12-02 07:11:43.969  3033  3911 W InputDispatcher: Attempted to unregister already unregistered input channel 'b5ca86b com.cyanogenmod.eleven/com.cyanogenmod.eleven.ui.activities.HomeActivity (server)'
12-02 07:11:44.347  4245  4449 W OpenGLRenderer: Incorrectly called buildLayer on View: ShortcutAndWidgetContainer, destroying layer...
12-02 07:11:45.999  3399  3399 D wpa_supplicant: wlan0: Control interface command 'SIGNAL_POLL'
12-02 07:11:47.449  2708  2960 I audio_hw_primary: do_out_standby standby: 0, out_device: 2
12-02 07:11:47.462  2960  2960 I AudioOut_D: type=1400 audit(0.0:274): avc: denied { ioctl } for ppid=1 ppid_comm="init" path="/dev/maxim_smartpa_dev" dev="tmpfs" ino=8201 ioctlcmd=4d02 scontext=u:r:audioserver:s0 tcontext=u:object_r:device:s0 tclass=chr_file permissive=1
12-02 07:11:47.462  2960  2960 I AudioOut_D: type=1400 audit(0.0:275): avc: denied { read write } for ppid=1 ppid_comm="init" name="hi6402_hifi_misc" dev="tmpfs" ino=7168 scontext=u:r:audioserver:s0 tcontext=u:object_r:device:s0 tclass=chr_file permissive=1
12-02 07:11:47.462  2960  2960 I AudioOut_D: type=1400 audit(0.0:276): avc: denied { open } for ppid=1 ppid_comm="init" path="/dev/hi6402_hifi_misc" dev="tmpfs" ino=7168 scontext=u:r:audioserver:s0 tcontext=u:object_r:device:s0 tclass=chr_file permissive=1
12-02 07:11:47.468  2708  2960 I audio_hw_primary: select_devices++ mode[0]
12-02 07:11:47.468  2708  2960 I audio_hw_primary: output_device_id is 0, output_route is null;input_source_id is 0, input_route is null.
12-02 07:11:47.468  2708  2960 V audio_hw_primary: original selected output route none input route none
12-02 07:11:47.468  2708  2960 D audio_custom: dev_get_input_path:
12-02 07:11:47.468  2708  2960 V audio_hw_primary: custom selected input route none
12-02 07:11:47.468  2708  2960 D audio_custom: dev_get_output_path:
12-02 07:11:47.468  2708  2960 V audio_hw_primary: custom selected output route none
12-02 07:11:47.468  2708  2960 V audio_hw_primary: select_devices() devices 0 input src 0 output route none input route none
12-02 07:11:47.468  2708  2960 V audio_hw_primary: forced_out 0 out_device 0 
12-02 07:11:47.469  2708  2960 I MAX98925_SPK: MAX98925 SPK POWER OFF
12-02 07:11:47.470  2708  2960 I dsp_common: dsp_common_control_algo:set device = 0
12-02 07:11:47.471  2708  2960 I dsp_maxim_ctl: smartpa_control success with value:0
12-02 07:11:47.472  2708  2960 I audio_pop: force change audio route for S1 IF FS CFG
12-02 07:11:47.472  2708  2960 I audio_pop: force change audio route for S3 IF FS CFG
12-02 07:11:47.473  2708  2960 I audio_pop: pop change S4 OL SWITCH SWITCH dir 0
12-02 07:11:47.473  2708  2960 I audio_pop: pop change S4 OR SWITCH SWITCH dir 0
12-02 07:11:47.474  2708  2960 I audio_pop: pop change SP IL SWITCH SWITCH dir 0
12-02 07:11:47.475  2708  2960 I audio_pop: pop change SP IR SWITCH SWITCH dir 0
12-02 07:11:47.490  2708  2960 I dsp_common: dsp_common_control_algo:set device = 0
12-02 07:11:47.490  2708  2960 I audio_hw_primary: select_devices--
12-02 07:11:48.505  2708  2960 I audio_hw_primary: start_output_stream++: out_type = 0, out_device = 0
12-02 07:11:48.507  3033  3452 I ActivityManager: START u0 {act=android.intent.action.MAIN cat=[android.intent.category.LAUNCHER] flg=0x10200000 cmp=org.lineageos.recorder/.RecorderActivity (has extras)} from uid 10025 on display 0
12-02 07:11:48.507  2708  2960 V audio_hw_primary: pcm_open(PCM_CARD) succeed. pcm_device: 0
12-02 07:11:48.507  2708  2960 I audio_hw_primary: select_devices++ mode[0]
12-02 07:11:48.508  2708  2960 I audio_hw_primary: output_device_id is 2, output_route is media-speaker;input_source_id is 0, input_route is null.
12-02 07:11:48.508  2708  2960 V audio_hw_primary: original selected output route media-speaker input route none
12-02 07:11:48.508  2708  2960 D audio_custom: dev_get_input_path:
12-02 07:11:48.508  2708  2960 V audio_hw_primary: custom selected input route none
12-02 07:11:48.508  2708  2960 D audio_custom: dev_get_output_path:
12-02 07:11:48.508  2708  2960 V audio_hw_primary: custom selected output route media-speaker
12-02 07:11:48.508  2708  2960 V audio_hw_primary: select_devices() devices 0x2 input src 0 output route media-speaker input route none
12-02 07:11:48.508  2708  2960 V audio_hw_primary: forced_out 0 out_device 0x2 
12-02 07:11:48.508  2708  2960 I dsp_common: dsp_common_control_algo:set device = 2
12-02 07:11:48.508  2708  2960 I dsp_maxim_ctl: get_smartpa_sence:device = 0x2
12-02 07:11:48.552  2695  2695 I chatty  : uid=1000(system) /system/bin/surfaceflinger expire 1 line
12-02 07:11:48.552  3033  3495 I ActivityManager: Start proc 5093:org.lineageos.recorder/u0a17 for activity org.lineageos.recorder/.RecorderActivity
12-02 07:11:48.558  2708  2960 I audio_pop: force change audio route for S1 IF FS CFG
12-02 07:11:48.558  2708  2960 I audio_pop: force change audio route for S3 IF FS CFG
12-02 07:11:48.572  2960  2960 I AudioOut_D: type=1400 audit(0.0:278): avc: denied { read write } for ppid=1 ppid_comm="init" name="hi6402_hifi_misc" dev="tmpfs" ino=7168 scontext=u:r:audioserver:s0 tcontext=u:object_r:device:s0 tclass=chr_file permissive=1
12-02 07:11:48.572  2960  2960 I AudioOut_D: type=1400 audit(0.0:279): avc: denied { open } for ppid=1 ppid_comm="init" path="/dev/hi6402_hifi_misc" dev="tmpfs" ino=7168 scontext=u:r:audioserver:s0 tcontext=u:object_r:device:s0 tclass=chr_file permissive=1
12-02 07:11:48.572  2960  2960 I AudioOut_D: type=1400 audit(0.0:280): avc: denied { ioctl } for ppid=1 ppid_comm="init" path="/dev/hi6402_hifi_misc" dev="tmpfs" ino=7168 ioctlcmd=4191 scontext=u:r:audioserver:s0 tcontext=u:object_r:device:s0 tclass=chr_file permissive=1
12-02 07:11:48.579  2708  2960 I audio_pop: pop change S4 OL SWITCH SWITCH dir 1
12-02 07:11:48.580  2708  2960 I audio_pop: pop change S4 OR SWITCH SWITCH dir 1
12-02 07:11:48.580  2708  2960 I audio_pop: pop change SP IL SWITCH SWITCH dir 1
12-02 07:11:48.581  2708  2960 I audio_pop: pop change SP IR SWITCH SWITCH dir 1
12-02 07:11:48.581  2708  2960 I dsp_common: dsp_common_control_algo:set device = 2
12-02 07:11:48.581  2708  2960 I dsp_maxim_ctl: get_smartpa_sence:device = 0x2
12-02 07:11:48.581  2708  2960 I dsp_maxim_ctl: maxim_param_set cur_sence=0,sence=0
12-02 07:11:48.582  2695  4375 I chatty  : uid=1000(system) Binder:2695_5 expire 14 lines
12-02 07:11:48.590  2708  2960 I dsp_maxim_ctl: smartpa_control success with value:1
12-02 07:11:48.591  2708  2960 I MAX98925_SPK: MAX98925 SPK POWER ON
12-02 07:11:48.592  2695  2695 I chatty  : uid=1000(system) /system/bin/surfaceflinger expire 3 lines
12-02 07:11:48.592  2708  2960 I audio_hw_primary: select_devices--
12-02 07:11:48.592  2708  2960 D audio_custom: dev_output_start:
12-02 07:11:48.592  2708  2960 I audio_hw_primary: start_output_stream--
12-02 07:11:48.656  5107  5107 E cutils-trace: Error opening trace file: No such file or directory (2)
12-02 07:11:48.657  5107  5107 E patchoat: Failed to open output oat file /data/dalvik-cache/arm64/system@priv-app@Recorder@Recorder.apk@classes.dex: Permission denied(13)
12-02 07:11:48.660  5093  5093 W art     : Failed execv(/system/bin/patchoat --instruction-set=arm64 --input-oat-file=/system/priv-app/Recorder/oat/arm64/Recorder.odex --output-oat-file=/data/dalvik-cache/arm64/system@priv-app@Recorder@Recorder.apk@classes.dex --patched-image-location=/system/framework/boot.art) because non-0 exit status
12-02 07:11:48.661  5093  5093 W System  : ClassLoader referenced unknown path: /system/priv-app/Recorder/lib/arm64
12-02 07:11:48.721  5093  5093 W art     : Before Android 4.1, method android.graphics.PorterDuffColorFilter android.support.graphics.drawable.VectorDrawableCompat.updateTintFilter(android.graphics.PorterDuffColorFilter, android.content.res.ColorStateList, android.graphics.PorterDuff$Mode) would have incorrectly overridden the package-private method in android.graphics.drawable.Drawable
12-02 07:11:48.865  3033  3049 E WindowManager: App trying to use insecure INPUT_FEATURE_NO_INPUT_CHANNEL flag. Ignoring
12-02 07:11:48.936  2695  2725 I chatty  : uid=1000(system) Binder:2695_2 expire 16 lines
12-02 07:11:48.944  5093  5112 I OpenGLRenderer: Initialized EGL, version 1.4
12-02 07:11:48.944  5093  5112 D OpenGLRenderer: Swap behavior 1
12-02 07:11:48.955  5093  5112 D mali_winsys: new_window_surface returns 0x3000
12-02 07:11:48.993  2695  3064 I chatty  : uid=1000(system) Binder:2695_3 expire 11 lines
12-02 07:11:49.014  3399  3399 D wpa_supplicant: wlan0: Control interface command 'SIGNAL_POLL'
12-02 07:11:49.150  3033  3059 I ActivityManager: Displayed org.lineageos.recorder/.RecorderActivity: +611ms
12-02 07:11:50.602  2815  2815 I audioserver: type=1400 audit(0.0:282): avc: denied { read } for ppid=1 ppid_comm="init" scontext=u:r:audioserver:s0 tcontext=u:r:audioserver:s0 tclass=netlink_kobject_uevent_socket permissive=1
12-02 07:11:50.602  2769  2769 I glgps47531: type=1400 audit(0.0:283): avc: denied { read } for ppid=1 ppid_comm="init" scontext=u:r:gpsd:s0 tcontext=u:r:gpsd:s0 tclass=netlink_kobject_uevent_socket permissive=1
12-02 07:11:50.616  2735  2735 D gpsd    : WakeLock(Acquire,GPSD)
12-02 07:11:50.616  2735  2735 I gpsd_d  : CustomerModule::OnMessage, MSG_UEVENT_NOTIFY (cnt:23)
12-02 07:11:50.616  2735  2735 D gpsd    : WakeLock(Release,GPSD)
12-02 07:11:51.300  3033  3504 I ActivityManager: START u0 {act=android.content.pm.action.REQUEST_PERMISSIONS pkg=com.android.packageinstaller cmp=com.android.packageinstaller/.permission.ui.GrantPermissionsActivity (has extras)} from uid 10017 on display 0
12-02 07:11:51.314  2708  2960 D AudioFlinger: mixer(0xf5d83840) throttle end: throttle time(40)
12-02 07:11:51.427  3033  3911 E WindowManager: App trying to use insecure INPUT_FEATURE_NO_INPUT_CHANNEL flag. Ignoring
12-02 07:11:51.472  2695  3544 I chatty  : uid=1000(system) Binder:2695_4 expire 10 lines
12-02 07:11:51.487  4810  4839 D mali_winsys: new_window_surface returns 0x3000
12-02 07:11:51.505  2695  2723 I chatty  : uid=1000(system) Binder:2695_1 expire 10 lines
12-02 07:11:51.522  3033  3059 I ActivityManager: Displayed com.android.packageinstaller/.permission.ui.GrantPermissionsActivity: +178ms
12-02 07:11:52.026  3399  3399 D wpa_supplicant: wlan0: Control interface command 'SIGNAL_POLL'
12-02 07:11:52.111  3033  3911 D VoldConnector: SND -> {38 volume remount_uid 10017 read}
12-02 07:11:52.113  2599  2683 D vold    : Remounting 10017 as mode read
12-02 07:11:52.133  2599  2683 D vold    : Found matching PID 5093
12-02 07:11:52.189  3033  3126 D VoldConnector: RCV <- {200 38 Command succeeded}
12-02 07:11:52.192  3033  3112 D VoldConnector: SND -> {39 volume remount_uid 10017 write}
12-02 07:11:52.193  2599  2683 D vold    : Remounting 10017 as mode write
12-02 07:11:52.205  2599  2683 D vold    : Found matching PID 5093
12-02 07:11:52.289  3033  3126 D VoldConnector: RCV <- {200 39 Command succeeded}
12-02 07:11:54.673  5093  5093 D SoundRecorderService: Sound recorder service started recording
12-02 07:11:54.692  2708  3681 V audio_hw_primary: open input stream devices:0x80000004
12-02 07:11:54.705  2708  5135 I AudioFlinger: AudioFlinger's thread 0xf5103500 ready to run
12-02 07:11:54.708  2708  5135 I audio_hw_primary: do_in_standby standby: 1, in_device: 0
12-02 07:11:54.710  2708  5135 I audio_hw_primary: do_in_standby standby: 1, in_device: 0
12-02 07:11:54.719  2708  5135 D dsp_interface: dsp_set_source:source = 1
12-02 07:11:54.719  2708  5135 D dsp_soc : set source 1 succeed
12-02 07:11:54.719  2708  5135 I dsp_common: dsp_common_set_source:source = 1
12-02 07:11:54.721  2708  5135 I audio_hw_primary: start_input_stream: in_device = 0
12-02 07:11:54.722  2708  5135 I audio_hw_primary: select_devices++ mode[0]
12-02 07:11:54.722  2708  5135 I audio_hw_primary: output_device_id is 2, output_route is media-speaker;input_source_id is 1, input_route is media-main-mic.
12-02 07:11:54.722  2708  5135 V audio_hw_primary: original selected output route media-speaker input route media-main-mic
12-02 07:11:54.722  2708  5135 D audio_custom: dev_get_input_path:
12-02 07:11:54.722  2708  5135 V audio_hw_primary: custom selected input route media-main-mic
12-02 07:11:54.722  2708  5135 D audio_custom: dev_get_output_path:
12-02 07:11:54.722  2708  5135 V audio_hw_primary: custom selected output route media-speaker
12-02 07:11:54.722  2708  5135 V audio_hw_primary: select_devices() devices 0x2 input src 1 output route media-speaker input route media-main-mic
12-02 07:11:54.722  2708  5135 V audio_hw_primary: forced_out 0 out_device 0x2 
12-02 07:11:54.722  2708  5135 I dsp_common: dsp_common_control_algo:set device = 2
12-02 07:11:54.722  2708  5135 I dsp_maxim_ctl: get_smartpa_sence:device = 0x2
12-02 07:11:54.723  2708  5135 I audio_pop: force change audio route for S1 IF FS CFG
12-02 07:11:54.723  2708  5135 I audio_pop: force change audio route for S3 IF FS CFG
12-02 07:11:54.725  2708  5135 I audio_pop: pop change S1 OL SWITCH SWITCH dir 1
12-02 07:11:54.726  2708  5135 I audio_pop: pop change S1 OR SWITCH SWITCH dir 1
12-02 07:11:54.726  2708  5135 I dsp_common: dsp_common_control_algo:set device = 2
12-02 07:11:54.726  2708  5135 I dsp_maxim_ctl: get_smartpa_sence:device = 0x2
12-02 07:11:54.726  2708  5135 I dsp_maxim_ctl: maxim_param_set cur_sence=0,sence=0
12-02 07:11:54.726  2708  5135 I audio_hw_primary: select_devices--
12-02 07:11:54.726  2708  5135 I audio_hw_primary: start_input_stream OK.
12-02 07:11:54.726  2708  5135 D dsp_interface: dsp_set_source:source = 1
12-02 07:11:54.726  2708  5135 D dsp_soc : set source 1 succeed
12-02 07:11:54.726  2708  5135 I dsp_common: dsp_common_set_source:source = 1
12-02 07:11:54.742  3033  3033 D ZenLog  : disable_effects: 0|org.lineageos.recorder|60|null|10017,booleanState
12-02 07:11:55.038  3399  3399 D wpa_supplicant: wlan0: Control interface command 'SIGNAL_POLL'
12-02 07:11:55.229  5093  5098 I art     : Do partial code cache collection, code=23KB, data=29KB
12-02 07:11:55.229  5093  5098 I art     : After code cache collection, code=23KB, data=29KB
12-02 07:11:55.229  5093  5098 I art     : Increasing code cache capacity to 128KB
12-02 07:11:55.358  5093  5098 I art     : Do partial code cache collection, code=51KB, data=54KB
12-02 07:11:55.358  5093  5098 I art     : After code cache collection, code=51KB, data=54KB
12-02 07:11:55.358  5093  5098 I art     : Increasing code cache capacity to 256KB
12-02 07:11:55.534  2735  2735 D gpsd    : WakeLock(Acquire,GPSD)
12-02 07:11:55.535  2735  2735 D gpsd    : WakeLock(Release,GPSD)
12-02 07:11:55.740  3033  3033 D ZenLog  : disable_effects: 0|org.lineageos.recorder|60|null|10017,booleanState
12-02 07:11:56.460  5093  5093 D SoundRecorderService: Sound recorder service stopped recording
12-02 07:11:56.472  2708  5135 I audio_hw_primary: do_in_standby standby: 0, in_device: 4
12-02 07:11:56.489  2708  5135 I audio_hw_primary: select_devices++ mode[0]
12-02 07:11:56.489  2708  5135 I audio_hw_primary: output_device_id is 2, output_route is media-speaker;input_source_id is 0, input_route is null.
12-02 07:11:56.489  2708  5135 V audio_hw_primary: original selected output route media-speaker input route none
12-02 07:11:56.489  2708  5135 D audio_custom: dev_get_input_path:
12-02 07:11:56.489  2708  5135 V audio_hw_primary: custom selected input route none
12-02 07:11:56.489  2708  5135 D audio_custom: dev_get_output_path:
12-02 07:11:56.489  2708  5135 V audio_hw_primary: custom selected output route media-speaker
12-02 07:11:56.489  2708  5135 V audio_hw_primary: select_devices() devices 0x2 input src 0 output route media-speaker input route none
12-02 07:11:56.489  2708  5135 V audio_hw_primary: forced_out 0 out_device 0x2 
12-02 07:11:56.489  2708  5135 I dsp_common: dsp_common_control_algo:set device = 2
12-02 07:11:56.489  2708  5135 I dsp_maxim_ctl: get_smartpa_sence:device = 0x2
12-02 07:11:56.490  2708  5135 I audio_pop: force change audio route for S1 IF FS CFG
12-02 07:11:56.490  2708  5135 I audio_pop: force change audio route for S3 IF FS CFG
12-02 07:11:56.491  2708  5135 I audio_pop: pop change S1 OL SWITCH SWITCH dir 0
12-02 07:11:56.492  2708  5135 I audio_pop: pop change S1 OR SWITCH SWITCH dir 0
12-02 07:11:56.493  2708  5135 I dsp_common: dsp_common_control_algo:set device = 2
12-02 07:11:56.493  2708  5135 I dsp_maxim_ctl: get_smartpa_sence:device = 0x2
12-02 07:11:56.493  2708  5135 I dsp_maxim_ctl: maxim_param_set cur_sence=0,sence=0
12-02 07:11:56.494  2708  5135 I audio_hw_primary: select_devices--
12-02 07:11:56.498  2708  5136 D dsp_interface: dsp_set_source:source = 0
12-02 07:11:56.499  2708  5136 D dsp_soc : set source 0 succeed
12-02 07:11:56.499  2708  5136 I dsp_common: dsp_common_set_source:source = 0
12-02 07:11:56.499  2708  5136 I audio_hw_primary: do_in_standby standby: 1, in_device: 0
12-02 07:11:56.500  5093  5093 D PcmConverter: /storage/emulated/0/Music/SoundRecords/SoundRecord-2024-12-02-07-11-54.wav
12-02 07:11:56.568  3033  3033 D ZenLog  : disable_effects: 0|org.lineageos.recorder|60|null|10017,booleanState
12-02 07:11:57.111  2705  2705 E Thermal-daemon: [ap] temp_new :32  temp_old :33
12-02 07:11:57.112  2705  2705 E         : logPower_print not support
12-02 07:11:57.112  2705  2705 E Thermal-daemon: Report temperature: [ap] temp :32  report_threshold:1
12-02 07:11:57.440  3033  3884 I ActivityManager: START u0 {cmp=org.lineageos.recorder/.DialogActivity (has extras)} from uid 10017 on display 0
12-02 07:11:57.546  3033  3495 E WindowManager: App trying to use insecure INPUT_FEATURE_NO_INPUT_CHANNEL flag. Ignoring
12-02 07:11:57.604  5093  5112 D mali_winsys: new_window_surface returns 0x3000
12-02 07:11:57.653  3033  3059 I ActivityManager: Displayed org.lineageos.recorder/.DialogActivity: +177ms
12-02 07:11:58.050  3399  3399 D wpa_supplicant: wlan0: Control interface command 'SIGNAL_POLL'
12-02 07:11:58.799  2735  2735 D gpsd    : WakeLock(Acquire,GPSD)
12-02 07:11:58.799  2735  2735 D gpsd    : WakeLock(Release,GPSD)
12-02 07:11:58.930  2735  2735 D gpsd    : WakeLock(Acquire,GPSD)
12-02 07:11:58.931  2735  2735 D gpsd    : WakeLock(Release,GPSD)
12-02 07:11:58.934  3033  3135 E wifi    : wifi_get_supported_feature_set returned error = 0xffffffa1
12-02 07:11:58.934  3033  3050 D         : set_light_battery colorRGB=64000000, onMS=0, offMS=0 
12-02 07:11:58.937  3033  3055 E BatteryStatsService: no controller energy info supplied
12-02 07:11:58.938  3033  3055 E BatteryStatsService: no controller energy info supplied
12-02 07:11:58.940  3424  3424 E PhoneInterfaceManager: [PhoneIntfMgr] queryModemActivityInfo: Empty response
12-02 07:11:58.951  3033  3055 E BatteryStatsService: modem info is invalid: ModemActivityInfo{ mTimestamp=0 mSleepTimeMs=0 mIdleTimeMs=0 mTxTimeMs[]=[0, 0, 0, 0, 0] mRxTimeMs=0 mEnergyUsed=0}
12-02 07:11:58.955  3033  3055 E BatteryStatsService: power: Missing API
12-02 07:11:58.956  3033  3055 E BatteryStatsService: power: Missing API
12-02 07:11:58.956  3033  3055 I BatteryStatsImpl: Resetting battery stats: level=100 status=5 dischargeLevel=100 lowAmount=0 highAmount=0
12-02 07:11:58.967  3033  3055 E BatteryStatsService: power: Missing API
12-02 07:11:59.047  3033  3451 I ActivityManager: START u0 {act=android.intent.action.VIEW dat=content://org.lineageos.recorder.fileprovider/files/Music/SoundRecords/SoundRecord-2024-12-02-07-11-54.wav typ=audio/wav flg=0x10000001 cmp=com.cyanogenmod.eleven/.ui.activities.preview.AudioPreviewActivity} from uid 10017 on display 0
12-02 07:11:59.049  3033  3451 W ActivityManager: Activity is launching as a new task, so cancelling activity result.
12-02 07:11:59.081  3033  3504 I ActivityManager: Start proc 5152:com.cyanogenmod.eleven/u0a12 for activity com.cyanogenmod.eleven/.ui.activities.preview.AudioPreviewActivity
12-02 07:11:59.183  5166  5166 E cutils-trace: Error opening trace file: No such file or directory (2)
12-02 07:11:59.183  5166  5166 E patchoat: Failed to open output oat file /data/dalvik-cache/arm64/system@priv-app@Eleven@Eleven.apk@classes.dex: Permission denied(13)
12-02 07:11:59.186  5152  5152 W art     : Failed execv(/system/bin/patchoat --instruction-set=arm64 --input-oat-file=/system/priv-app/Eleven/oat/arm64/Eleven.odex --output-oat-file=/data/dalvik-cache/arm64/system@priv-app@Eleven@Eleven.apk@classes.dex --patched-image-location=/system/framework/boot.art) because non-0 exit status
12-02 07:11:59.229  5152  5152 E MediaPlayer-JNI: JNIMediaPlayerFactory: bIsQCMediaPlayerPresent 0
12-02 07:11:59.229  5152  5152 E MediaPlayer-JNI: JNIMediaPlayerFactory: bIsQCMediaPlayerPresent 0
12-02 07:11:59.268  2716  3505 I FFmpegExtractor: android-source:0xf38a8800
12-02 07:11:59.270  2716  3505 D FFmpegExtractor: supported codec (pcm_s16le) by official Stagefright
12-02 07:11:59.270  2716  3505 D FFmpegExtractor: ffmpeg detected media content as 'audio/x-wav' with confidence 0.08
12-02 07:11:59.271  2716  2716 D MediaBufferGroup: creating MemoryDealer
12-02 07:11:59.272  2717  5169 D NuPlayerDriver: notifyListener_l(0xf5f2af60), (1, 0, 0), loop setting(0, 0)
12-02 07:11:59.312  3033  3495 E WindowManager: App trying to use insecure INPUT_FEATURE_NO_INPUT_CHANNEL flag. Ignoring
12-02 07:11:59.315  5152  5152 D MediaPlayer: setSubtitleAnchor in MediaPlayer
12-02 07:11:59.327  3033  3452 I MediaFocusControl:  AudioFocus  requestAudioFocus() from uid/pid 10012/5152 clientId=android.media.AudioManager@e4c981bcom.cyanogenmod.eleven.ui.activities.preview.AudioPreviewActivity@f0a3f15 req=2 flags=0x0
12-02 07:11:59.331  2717  2807 D NuPlayerDriver: start(0xf5f2af60), state is 4, eos is 0
12-02 07:11:59.331  2717  5169 I GenericSource: start
12-02 07:11:59.334  2717  5169 W Utils   : track of type 'audio/raw' does not publish channel mask, channel count 1
12-02 07:11:59.336  2717  5169 W Utils   : track of type 'audio/raw' does not publish channel mask, channel count 1
12-02 07:11:59.338  2717  5176 I MediaPlayerService: MediaPlayerService::getOMX
12-02 07:11:59.339  2717  5176 I OMXClient: MuxOMX ctor
12-02 07:11:59.339  2714  2714 I OMXMaster: makeComponentInstance(OMX.google.raw.decoder) in mediacodec process
12-02 07:11:59.343  2714  2785 E OMXNodeInstance: setConfig(a9a003e:google.raw.decoder, ConfigPriority(0x6f800002)) ERROR: Undefined(0x80001001)
12-02 07:11:59.343  2717  5176 I ACodec  : codec does not support config priority (err -2147483648)
12-02 07:11:59.344  2717  5176 I MediaCodec: MediaCodec will operate in async mode
12-02 07:11:59.352  2717  5174 D AudioTrack: Client defaulted notificationFrames to 7350 for frameCount 22050
12-02 07:11:59.353  2717  5169 D NuPlayerDriver: notifyListener_l(0xf5f2af60), (6, 0, 0), loop setting(0, 0)
12-02 07:11:59.390  5152  5172 I OpenGLRenderer: Initialized EGL, version 1.4
12-02 07:11:59.390  2695  3064 I chatty  : uid=1000(system) Binder:2695_3 expire 9 lines
12-02 07:11:59.390  5152  5172 D OpenGLRenderer: Swap behavior 1
12-02 07:11:59.401  5152  5172 D mali_winsys: new_window_surface returns 0x3000
12-02 07:11:59.579  3033  3059 I ActivityManager: Displayed com.cyanogenmod.eleven/.ui.activities.preview.AudioPreviewActivity: +514ms
12-02 07:11:59.605  2717  5175 I NuPlayerDecoder: [audio] saw output EOS
12-02 07:12:01.060  3399  3399 D wpa_supplicant: wlan0: Control interface command 'SIGNAL_POLL'
12-02 07:12:01.069  3033  3135 D WifiStateMachine: updateCapabilities for config:Papenbrede33false,false
12-02 07:12:01.136  2717  2807 D NuPlayerDriver: stop(0xf5f2af60)
12-02 07:12:01.136  2717  2807 D NuPlayerDriver: notifyListener_l(0xf5f2af60), (8, 0, 0), loop setting(0, 0)
12-02 07:12:01.137  2717  3296 D NuPlayerDriver: reset(0xf5f2af60) at state 8
12-02 07:12:01.149  2717  5169 W AMessage: failed to post message as target looper for handler 0 is gone.
12-02 07:12:01.151  2717  5169 D NuPlayerDriver: notifyResetComplete(0xf5f2af60)
12-02 07:12:01.153  3033  3451 I MediaFocusControl:  AudioFocus  abandonAudioFocus() from uid/pid 10012/5152 clientId=android.media.AudioManager@e4c981bcom.cyanogenmod.eleven.ui.activities.preview.AudioPreviewActivity@f0a3f15
12-02 07:12:01.165  5152  5152 W MediaPlayer: mediaplayer went away with unhandled events
12-02 07:12:01.182  3717  3717 I mali-hist-dump: type=1400 audit(0.0:284): avc: denied { ioctl } for ppid=2706 ppid_comm="main" path="/dev/mali0" dev="tmpfs" ino=6795 ioctlcmd=821b scontext=u:r:platform_app:s0:c512,c768 tcontext=u:object_r:device:s0 tclass=chr_file permissive=1
12-02 07:12:01.320  3033  3504 I MediaFocusControl:  AudioFocus  abandonAudioFocus() from uid/pid 10012/5152 clientId=android.media.AudioManager@e4c981bcom.cyanogenmod.eleven.ui.activities.preview.AudioPreviewActivity@f0a3f15
12-02 07:12:01.802  3416  3416 I RenderThread: type=1400 audit(0.0:285): avc: denied { read write } for ppid=2706 ppid_comm="main" path="/dev/mali0" dev="tmpfs" ino=6795 scontext=u:r:platform_app:s0:c512,c768 tcontext=u:object_r:device:s0 tclass=chr_file permissive=1
12-02 07:12:01.824  3228  3228 I SlideTouchEvent: vel=0.12977567, MinimumFlingVelocity=75
12-02 07:12:01.851  3033  3495 I ActivityManager: START u0 {flg=0x10804000 cmp=com.android.systemui/.recents.RecentsActivity} from uid 10028 on display 0
12-02 07:12:02.008  3228  3416 D mali_winsys: new_window_surface returns 0x3000
12-02 07:12:02.048  2695  4375 I chatty  : uid=1000(system) Binder:2695_5 expire 4 lines
12-02 07:12:02.068  2695  2725 I chatty  : uid=1000(system) Binder:2695_2 expire 2 lines
12-02 07:12:02.112  2705  2705 E Thermal-daemon: [charger_ic] temp_new :31  temp_old :32
12-02 07:12:02.112  2705  2705 E         : logPower_print not support
12-02 07:12:02.112  2705  2705 E Thermal-daemon: Report temperature: [charger_ic] temp :31  report_threshold:1
12-02 07:12:02.989  3033  3495 I ActivityManager: Killing 5093:org.lineageos.recorder/u0a17 (adj 700): remove task
12-02 07:12:02.998  3033  3112 I ActivityManager: START u0 {act=android.intent.action.MAIN cat=[android.intent.category.HOME] flg=0x10200000 cmp=com.cyanogenmod.trebuchet/com.android.launcher3.Launcher} from uid 10028 on display 0
12-02 07:12:03.088  4245  4449 D mali_winsys: new_window_surface returns 0x3000
12-02 07:12:03.100  2695  3544 I chatty  : uid=1000(system) Binder:2695_4 expire 2 lines
12-02 07:12:03.107  2695  3064 I chatty  : uid=1000(system) Binder:2695_3 expire 3 lines
12-02 07:12:03.125  2695  4375 I chatty  : uid=1000(system) Binder:2695_5 expire 7 lines
12-02 07:12:03.212  3033  3054 E libprocessgroup: failed to kill 1 processes for processgroup 5093
12-02 07:12:03.240  3033  3112 D GraphicsStats: Buffer count: 8
12-02 07:12:03.241  3033  3495 I WindowManager: WIN DEATH: Window{abe8e27 u0 org.lineageos.recorder/org.lineageos.recorder.RecorderActivity}
12-02 07:12:03.241  3033  3911 D ActivityManager: cleanUpApplicationRecord -- 5093
12-02 07:12:03.246  3033  3504 I WindowManager: WIN DEATH: Window{c1d1134 u0 org.lineageos.recorder/org.lineageos.recorder.DialogActivity}
12-02 07:12:03.365  3033  3053 W art     : Long monitor contention with owner Binder:3033_B (3911) at void com.android.server.am.ActivityManagerService$AppDeathRecipient.binderDied()(ActivityManagerService.java:1495) waiters=0 in void com.android.server.am.ActivityManagerService.dispatchUidsChanged() for 122ms
12-02 07:12:04.076  3399  3399 D wpa_supplicant: wlan0: Control interface command 'SIGNAL_POLL'
12-02 07:12:04.083  3033  3135 D WifiStateMachine: updateCapabilities for config:Papenbrede33false,false
12-02 07:12:06.454  2708  2960 I audio_hw_primary: do_out_standby standby: 0, out_device: 2
12-02 07:12:06.468  2708  2960 I audio_hw_primary: select_devices++ mode[0]
12-02 07:12:06.468  2708  2960 I audio_hw_primary: output_device_id is 0, output_route is null;input_source_id is 0, input_route is null.
12-02 07:12:06.468  2708  2960 V audio_hw_primary: original selected output route none input route none
12-02 07:12:06.468  2708  2960 D audio_custom: dev_get_input_path:
12-02 07:12:06.468  2708  2960 V audio_hw_primary: custom selected input route none
12-02 07:12:06.469  2708  2960 D audio_custom: dev_get_output_path:
12-02 07:12:06.469  2708  2960 V audio_hw_primary: custom selected output route none
12-02 07:12:06.469  2708  2960 V audio_hw_primary: select_devices() devices 0 input src 0 output route none input route none
12-02 07:12:06.469  2708  2960 V audio_hw_primary: forced_out 0 out_device 0 
12-02 07:12:06.472  2708  2960 I MAX98925_SPK: MAX98925 SPK POWER OFF
12-02 07:12:06.472  2708  2960 I dsp_common: dsp_common_control_algo:set device = 0
12-02 07:12:06.474  2708  2960 I dsp_maxim_ctl: smartpa_control success with value:0
12-02 07:12:06.474  2708  2960 I audio_pop: force change audio route for S1 IF FS CFG
12-02 07:12:06.474  2708  2960 I audio_pop: force change audio route for S3 IF FS CFG
12-02 07:12:06.475  2708  2960 I audio_pop: pop change S4 OL SWITCH SWITCH dir 0
12-02 07:12:06.476  2708  2960 I audio_pop: pop change S4 OR SWITCH SWITCH dir 0
12-02 07:12:06.476  2708  2960 I audio_pop: pop change SP IL SWITCH SWITCH dir 0
12-02 07:12:06.476  2708  2960 I audio_pop: pop change SP IR SWITCH SWITCH dir 0
12-02 07:12:06.503  2708  2960 I dsp_common: dsp_common_control_algo:set device = 0
12-02 07:12:06.503  2708  2960 I audio_hw_primary: select_devices--
12-02 07:12:06.880  3033  3451 I ActivityManager: START u0 {act=android.intent.action.MAIN cat=[android.intent.category.LAUNCHER] flg=0x10200000 cmp=com.android.terminal/.TerminalActivity (has extras)} from uid 10025 on display 0
12-02 07:12:06.890  2708  2960 I audio_hw_primary: start_output_stream++: out_type = 0, out_device = 0
12-02 07:12:06.892  2708  2960 V audio_hw_primary: pcm_open(PCM_CARD) succeed. pcm_device: 0
12-02 07:12:06.892  2708  2960 I audio_hw_primary: select_devices++ mode[0]
12-02 07:12:06.892  2708  2960 I audio_hw_primary: output_device_id is 2, output_route is media-speaker;input_source_id is 0, input_route is null.
12-02 07:12:06.892  2708  2960 V audio_hw_primary: original selected output route media-speaker input route none
12-02 07:12:06.892  2708  2960 D audio_custom: dev_get_input_path:
12-02 07:12:06.892  2708  2960 V audio_hw_primary: custom selected input route none
12-02 07:12:06.892  2708  2960 D audio_custom: dev_get_output_path:
12-02 07:12:06.892  2708  2960 V audio_hw_primary: custom selected output route media-speaker
12-02 07:12:06.892  2708  2960 V audio_hw_primary: select_devices() devices 0x2 input src 0 output route media-speaker input route none
12-02 07:12:06.892  2708  2960 V audio_hw_primary: forced_out 0 out_device 0x2 
12-02 07:12:06.892  2708  2960 I dsp_common: dsp_common_control_algo:set device = 2
12-02 07:12:06.893  2708  2960 I dsp_maxim_ctl: get_smartpa_sence:device = 0x2
12-02 07:12:06.893  2708  2960 I audio_pop: force change audio route for S1 IF FS CFG
12-02 07:12:06.893  2708  2960 I audio_pop: force change audio route for S3 IF FS CFG
12-02 07:12:06.911  2708  2960 I audio_pop: pop change S4 OL SWITCH SWITCH dir 1
12-02 07:12:06.912  2708  2960 I audio_pop: pop change S4 OR SWITCH SWITCH dir 1
12-02 07:12:06.912  2708  2960 I audio_pop: pop change SP IL SWITCH SWITCH dir 1
12-02 07:12:06.912  2708  2960 I audio_pop: pop change SP IR SWITCH SWITCH dir 1
12-02 07:12:06.913  2708  2960 I dsp_common: dsp_common_control_algo:set device = 2
12-02 07:12:06.913  2708  2960 I dsp_maxim_ctl: get_smartpa_sence:device = 0x2
12-02 07:12:06.913  2708  2960 I dsp_maxim_ctl: maxim_param_set cur_sence=0,sence=0
12-02 07:12:06.919  2708  2960 I dsp_maxim_ctl: smartpa_control success with value:1
12-02 07:12:06.919  2708  2960 I MAX98925_SPK: MAX98925 SPK POWER ON
12-02 07:12:06.919  2708  2960 I audio_hw_primary: select_devices--
12-02 07:12:06.919  2708  2960 D audio_custom: dev_output_start:
12-02 07:12:06.919  2708  2960 I audio_hw_primary: start_output_stream--
12-02 07:12:06.934  3033  3049 I ActivityManager: Start proc 5196:com.android.terminal/u0a53 for activity com.android.terminal/.TerminalActivity
12-02 07:12:06.956  2695  3064 I chatty  : uid=1000(system) Binder:2695_3 expire 9 lines
12-02 07:12:07.042  5210  5210 E cutils-trace: Error opening trace file: No such file or directory (2)
12-02 07:12:07.043  5210  5210 E patchoat: Failed to open output oat file /data/dalvik-cache/arm64/system@app@Terminal@Terminal.apk@classes.dex: Permission denied(13)
12-02 07:12:07.045  5196  5196 W art     : Failed execv(/system/bin/patchoat --instruction-set=arm64 --input-oat-file=/system/app/Terminal/oat/arm64/Terminal.odex --output-oat-file=/data/dalvik-cache/arm64/system@app@Terminal@Terminal.apk@classes.dex --patched-image-location=/system/framework/boot.art) because non-0 exit status
12-02 07:12:07.088  3399  3399 D wpa_supplicant: wlan0: Control interface command 'SIGNAL_POLL'
12-02 07:12:07.117  2705  2705 E Thermal-daemon: [ap] temp_new :33  temp_old :32
12-02 07:12:07.117  2705  2705 E         : logPower_print not support
12-02 07:12:07.118  2705  2705 E Thermal-daemon: Report temperature: [ap] temp :33  report_threshold:1
12-02 07:12:07.141  3033  3911 I ActivityManager: START u0 {act=android.content.pm.action.REQUEST_PERMISSIONS pkg=com.android.packageinstaller cmp=com.android.packageinstaller/.permission.ui.GrantPermissionsActivity (has extras)} from uid 10053 on display 0
12-02 07:12:07.192  3033  3451 E WindowManager: App trying to use insecure INPUT_FEATURE_NO_INPUT_CHANNEL flag. Ignoring
12-02 07:12:07.252  5214  5214 I RenderThread: type=1400 audit(0.0:286): avc: denied { read write } for ppid=2706 ppid_comm="main" name="mali0" dev="tmpfs" ino=6795 scontext=u:r:untrusted_app:s0:c512,c768 tcontext=u:object_r:device:s0 tclass=chr_file permissive=1
12-02 07:12:07.252  5214  5214 I RenderThread: type=1400 audit(0.0:287): avc: denied { open } for ppid=2706 ppid_comm="main" path="/dev/mali0" dev="tmpfs" ino=6795 scontext=u:r:untrusted_app:s0:c512,c768 tcontext=u:object_r:device:s0 tclass=chr_file permissive=1
12-02 07:12:07.252  5214  5214 I RenderThread: type=1400 audit(0.0:288): avc: denied { getattr } for ppid=2706 ppid_comm="main" path="/dev/mali0" dev="tmpfs" ino=6795 scontext=u:r:untrusted_app:s0:c512,c768 tcontext=u:object_r:device:s0 tclass=chr_file permissive=1
12-02 07:12:07.252  5214  5214 I RenderThread: type=1400 audit(0.0:289): avc: denied { ioctl } for ppid=2706 ppid_comm="main" path="/dev/mali0" dev="tmpfs" ino=6795 ioctlcmd=8000 scontext=u:r:untrusted_app:s0:c512,c768 tcontext=u:object_r:device:s0 tclass=chr_file permissive=1
12-02 07:12:07.269  5196  5214 I OpenGLRenderer: Initialized EGL, version 1.4
12-02 07:12:07.269  5196  5214 D OpenGLRenderer: Swap behavior 1
12-02 07:12:07.272  2695  4375 I chatty  : uid=1000(system) Binder:2695_5 expire 13 lines
12-02 07:12:07.280  5196  5214 D mali_winsys: new_window_surface returns 0x3000
12-02 07:12:07.288  3033  3049 E WindowManager: App trying to use insecure INPUT_FEATURE_NO_INPUT_CHANNEL flag. Ignoring
12-02 07:12:07.294  5196  5196 D Terminal: Bound to service with 0 active terminals
12-02 07:12:07.312  5196  5229 D Terminal: entering read() loop
12-02 07:12:07.364  5196  5196 D Terminal: setColors(0xffffffff, 0xff000000)
12-02 07:12:07.372  4810  4839 D mali_winsys: new_window_surface returns 0x3000
12-02 07:12:07.392  2695  3544 I chatty  : uid=1000(system) Binder:2695_4 expire 6 lines
12-02 07:12:07.405  5196  5196 D Terminal: resize(27, 120, 100)
12-02 07:12:07.446  2695  2723 I chatty  : uid=1000(system) Binder:2695_1 expire 9 lines
12-02 07:12:07.454  3033  3059 I ActivityManager: Displayed com.android.packageinstaller/.permission.ui.GrantPermissionsActivity: +254ms (total +536ms)
12-02 07:12:08.338  3033  3885 D VoldConnector: SND -> {40 volume remount_uid 10053 read}
12-02 07:12:08.340  2599  2683 D vold    : Remounting 10053 as mode read
12-02 07:12:08.362  2708  2960 D AudioFlinger: mixer(0xf5d83840) throttle end: throttle time(40)
12-02 07:12:08.362  2599  2683 D vold    : Found matching PID 5196
12-02 07:12:08.438  2599  2683 D vold    : Found matching PID 5230
12-02 07:12:08.499  3033  3126 D VoldConnector: RCV <- {200 40 Command succeeded}
12-02 07:12:08.503  3033  3049 D VoldConnector: SND -> {41 volume remount_uid 10053 write}
12-02 07:12:08.505  2599  2683 D vold    : Remounting 10053 as mode write
12-02 07:12:08.523  2599  2683 D vold    : Found matching PID 5196
12-02 07:12:08.619  2599  2683 D vold    : Found matching PID 5230
12-02 07:12:08.769  3033  3126 D VoldConnector: RCV <- {200 41 Command succeeded}
12-02 07:12:08.823  5196  5196 D Terminal: setColors(0xffffffff, 0xff000000)
12-02 07:12:08.845  4810  4839 D OpenGLRenderer: endAllActiveAnimators on 0x7f6d079c00 (RippleDrawable) with handle 0x7f6eb99640
